 Shellrun

 Timestamp is 60a8854c (Sat May 22 06:15:08 2021)

 Preferred load address is 00400000

 Start         Length     Name                   Class
 0001:00000000 00003b90H .text$di                CODE
 0001:00003b90 0000e0f0H .text$mn                CODE
 0001:00011c80 00001470H .text$x                 CODE
 0001:000130f0 000011bbH .text$yd                CODE
 0002:00000000 00000104H .CRT$XCA                DATA
 0002:00000104 00000104H .CRT$XCAA               DATA
 0002:00000208 0000010cH .CRT$XCL                DATA
 0002:00000314 00000188H .CRT$XCU                DATA
 0002:0000049c 00000104H .CRT$XCZ                DATA
 0002:000005a0 00000104H .CRT$XIA                DATA
 0002:000006a4 00000104H .CRT$XIAA               DATA
 0002:000007a8 00000104H .CRT$XIAC               DATA
 0002:000008ac 00000104H .CRT$XIC                DATA
 0002:000009b0 00000104H .CRT$XIZ                DATA
 0002:00000ab4 00000004H .CRT$XLA                DATA
 0002:00000ab8 00000004H .CRT$XLZ                DATA
 0002:00000abc 00000104H .CRT$XPA                DATA
 0002:00000bc0 00000104H .CRT$XPZ                DATA
 0002:00000cc4 00000104H .CRT$XTA                DATA
 0002:00000dc8 00000108H .CRT$XTZ                DATA
 0002:00000ed0 00005eb0H .rdata                  DATA
 0002:00006d80 00000104H .rdata$CastGuardVftablesA DATA
 0002:00006e84 00000104H .rdata$CastGuardVftablesC DATA
 0002:00006f88 0000011cH .rdata$T                DATA
 0002:000070a4 000005a0H .rdata$r                DATA
 0002:00007644 00000158H .rdata$sxdata           DATA
 0002:0000779c 00000188H .rdata$zzzdbg           DATA
 0002:00007924 00000104H .rtc$IAA                DATA
 0002:00007a28 00000110H .rtc$IMZ                DATA
 0002:00007b38 00000104H .rtc$IZZ                DATA
 0002:00007c3c 00000104H .rtc$TAA                DATA
 0002:00007d40 00000110H .rtc$TMZ                DATA
 0002:00007e50 00000108H .rtc$TZZ                DATA
 0002:00007f58 00000574H .xdata$x                DATA
 0002:000084cc 00000104H ATL$__a                 DATA
 0002:000085d0 00000104H ATL$__z                 DATA
 0002:000086d4 00000000H .edata                  DATA
 0003:00000000 000001a0H .data                   DATA
 0003:000001a0 000002c8H .data$rs                DATA
 0003:00000468 00002e84H .bss                    DATA
 0004:00000000 000007b0H .idata$5                DATA
 0004:000007b0 000000b4H .idata$2                DATA
 0004:00000864 00000014H .idata$3                DATA
 0004:00000878 000007b0H .idata$4                DATA
 0004:00001028 00000be5H .idata$6                DATA
 0005:00000000 00000104H .tls                    DATA
 0005:00000104 00000104H .tls$                   DATA
 0005:00000208 00000101H .tls$ZZZ                DATA
 0006:00000000 00000109H .00cfg                  DATA
 0007:00000000 00000470H .rsrc$01                DATA
 0007:00000470 00001133H .rsrc$02                DATA

  Address         Publics by Value              Rva+Base       Lib:Object

 0000:00000000       ___dynamic_value_reloc_table 00000000     <absolute>
 0000:00000000       ___enclave_config          00000000     <absolute>
 0000:00000000       ___guard_eh_cont_count     00000000     <absolute>
 0000:00000000       ___guard_iat_count         00000000     <absolute>
 0000:00000000       ___arm64x_extra_rfe_table_size 00000000     <absolute>
 0000:00000000       ___arm64x_native_entrypoint 00000000     <absolute>
 0000:00000000       ___guard_fids_table        00000000     <absolute>
 0000:00000000       ___AbsoluteZero            00000000     <absolute>
 0000:00000000       ___guard_longjmp_count     00000000     <absolute>
 0000:00000000       ___guard_eh_cont_table     00000000     <absolute>
 0000:00000000       ___hybrid_auxiliary_iat_copy 00000000     <absolute>
 0000:00000000       ___arm64x_redirection_metadata 00000000     <absolute>
 0000:00000000       ___guard_fids_count        00000000     <absolute>
 0000:00000000       ___arm64x_extra_rfe_table  00000000     <absolute>
 0000:00000000       ___hybrid_code_map         00000000     <absolute>
 0000:00000000       ___x64_code_ranges_to_entry_points_count 00000000     <absolute>
 0000:00000000       ___volatile_metadata       00000000     <absolute>
 0000:00000000       ___hybrid_code_map_count   00000000     <absolute>
 0000:00000000       ___hybrid_auxiliary_iat    00000000     <absolute>
 0000:00000000       ___guard_longjmp_table     00000000     <absolute>
 0000:00000000       ___x64_code_ranges_to_entry_points 00000000     <absolute>
 0000:00000000       ___guard_check_icall_a64n_fptr 00000000     <absolute>
 0000:00000000       ___arm64x_redirection_metadata_count 00000000     <absolute>
 0000:00000000       ___guard_iat_table         00000000     <absolute>
 0000:00000012       ___safe_se_handler_count   00000012     <absolute>
 0000:0000002c       __tls_array                0000002c     <absolute>
 0000:00000100       ___guard_flags             00000100     <absolute>
 0000:00000000       ___ImageBase               00400000     <linker-defined>
 0001:00003b90       ?OnCreate@CAppBar@@IAEHPAUtagCREATESTRUCTA@@@Z 00404b90 f   AppBar.obj
 0001:00003bf2       ?Append@?$CSimpleStringT@D$00@ATL@@QAEXABV12@@Z 00404bf2 f   mfc140d:mfc140d.dll
 0001:00003bf8       ?Append@?$CSimpleStringT@D$00@ATL@@QAEXPBD@Z 00404bf8 f   mfc140d:mfc140d.dll
 0001:00003c10       ?OnDestroy@CAppBar@@IAEXXZ 00404c10 f   AppBar.obj
 0001:00003c50       ?OnWindowPosChanged@CAppBar@@IAEXPAUtagWINDOWPOS@@@Z 00404c50 f   AppBar.obj
 0001:00003c90       ?OnActivate@CAppBar@@IAEXIPAVCWnd@@H@Z 00404c90 f   AppBar.obj
 0001:00003cf0       ?OnNcMouseMove@CAppBar@@IAEXIVCPoint@@@Z 00404cf0 f   AppBar.obj
 0001:00003d30       ?OnTimer@CAppBar@@IAEXI@Z  00404d30 f   AppBar.obj
 0001:00003e20       __vswprintf_s_l            00404e20 f i AppBar.obj
 0001:00003e80       ?IsEdgeLeftOrRight@CAppBar@@SGHI@Z 00404e80 f i SRBar.obj
 0001:00003ec0       __vsnprintf_l              00404ec0 f i SRBar.obj
 0001:00003f20       ?OnAppBarCallbackMsg@CAppBar@@IAEJIJ@Z 00404f20 f   AppBar.obj
 0001:00004030       _fprintf                   00405030 f i SRBar.obj
 0001:00004070       ?OnEnterSizeMove@CAppBar@@IAEJIJ@Z 00405070 f   AppBar.obj
 0001:000040b0       ?OnExitSizeMove@CAppBar@@IAEJIJ@Z 004050b0 f   AppBar.obj
 0001:000041b0       _sprintf                   004051b0 f i SRBar.obj
 0001:000041f0       ?OnSizing@CAppBar@@IAEJIJ@Z 004051f0 f   AppBar.obj
 0001:000043f0       __vsprintf_l               004053f0 f i SRBar.obj
 0001:00004470       ?OnMoving@CAppBar@@IAEJIJ@Z 00405470 f   AppBar.obj
 0001:000045b0       ??0?$CTraceCategoryEx@$0CAAA@$0A@@ATL@@QAE@PBD@Z 004055b0 f i AppBar.obj
 0001:000045e0       ??0APPBARSTATE@CAppBar@@QAE@XZ 004055e0 f i AppBar.obj
 0001:00004610       ??0CAppBar@@QAE@IPAVCWnd@@@Z 00405610 f   AppBar.obj
 0001:000047c0       ?GetState@CAppBar@@QAEXPAUAPPBARSTATE@1@@Z 004057c0 f i SRBar.obj
 0001:00004820       ??0CPoint@@QAE@HH@Z        00405820 f i AppBar.obj
 0001:00004860       ??0CPoint@@QAE@J@Z         00405860 f i AppBar.obj
 0001:000048b0       ??0CPoint@@QAE@UtagSIZE@@@Z 004058b0 f i AppBar.obj
 0001:000048e0       ??0CRect@@QAE@HHHH@Z       004058e0 f i AppBar.obj
 0001:00004930       ??0CRect@@QAE@XZ           00405930 f i AppBar.obj
 0001:00004980       ??0CSize@@QAE@HH@Z         00405980 f i AppBar.obj
 0001:000049c0       ??0CSize@@QAE@XZ           004059c0 f i AppBar.obj
 0001:00004a00       ??1CAppBar@@UAE@XZ         00405a00 f i AppBar.obj
 0001:00004a30       ??4CRect@@QAEXABUtagRECT@@@Z 00405a30 f i AppBar.obj
 0001:00004a60       ??9CRect@@QBEHABUtagRECT@@@Z 00405a60 f i AppBar.obj
 0001:00004ab0       ??GCPoint@@QBE?AVCSize@@UtagPOINT@@@Z 00405ab0 f i AppBar.obj
 0001:00004af0       ??_GCAppBar@@UAEPAXI@Z     00405af0 f i AppBar.obj
 0001:00004af0       ??_ECAppBar@@UAEPAXI@Z     00405af0 f i AppBar.obj
 0001:00004b50       ?AbsoluteValue@@YGHH@Z     00405b50 f i AppBar.obj
 0001:00004b90       ?AdjustLocationForAutohide@CAppBar@@IAEHHPAVCRect@@@Z 00405b90 f   AppBar.obj
 0001:00004d80       ?AfxAssertFailedLine@@YGHPBDH@Z 00405d80 f i AppBar.obj
 0001:00004df0       ?CalcProposedState@CAppBar@@IAEIABVCPoint@@@Z 00405df0 f   AppBar.obj
 0001:00004e90       ?DoDataExchange@CAppBar@@MAEXPAVCDataExchange@@@Z 00405e90 f   AppBar.obj
 0001:00004ec0       ?GetAutohideEdge@CAppBar@@QAEIXZ 00405ec0 f   AppBar.obj
 0001:00004ee0       ?GetEdgeFromPoint@CAppBar@@SGIKVCPoint@@@Z 00405ee0 f   AppBar.obj
 0001:00005140       ?GetFloatRect@CAppBar@@QAEXPAVCRect@@@Z 00406140 f i AppBar.obj
 0001:00005190       ?GetMessageMap@CAppBar@@MBEPBUAFX_MSGMAP@@XZ 00406190 f   AppBar.obj
 0001:000051b0       ?GetRect@CAppBar@@IAEXIPAVCRect@@@Z 004061b0 f   AppBar.obj
 0001:00005320       ?GetState@CAppBar@@QAEIXZ  00406320 f i AppBar.obj
 0001:00005370       ?GetThisMessageMap@CAppBar@@KGPBUAFX_MSGMAP@@XZ 00406370 f   AppBar.obj
 0001:00005390       ?Height@CRect@@QBEHXZ      00406390 f i AppBar.obj
 0001:000053c0       ?InflateRect@CRect@@QAEXHH@Z 004063c0 f i AppBar.obj
 0001:000053f0       ?IsBarAutohide@CAppBar@@QAEHXZ 004063f0 f i AppBar.obj
 0001:00005420       ?MimicState@CAppBar@@QAEXKK@Z 00406420 f   AppBar.obj
 0001:00005520       ?OnABNFullScreenApp@CAppBar@@MAEXH@Z 00406520 f   AppBar.obj
 0001:00005560       ?OnABNPosChanged@CAppBar@@MAEXXZ 00406560 f   AppBar.obj
 0001:000055b0       ?OnABNStateChange@CAppBar@@MAEXKK@Z 004065b0 f   AppBar.obj
 0001:000055e0       ?OnABNWindowArrange@CAppBar@@MAEXH@Z 004065e0 f   AppBar.obj
 0001:00005600       ?OnAppBarForcedToDocked@CAppBar@@MAEXXZ 00406600 f   AppBar.obj
 0001:000056b0       ?OnAppBarStateChange@CAppBar@@MAEXHI@Z 004066b0 f   AppBar.obj
 0001:000056d0       ?OnNcHitTest@CAppBar@@IAEIVCPoint@@@Z 004066d0 f   AppBar.obj
 0001:00005780       ?PtInRect@CRect@@QBEHUtagPOINT@@@Z 00406780 f i AppBar.obj
 0001:000057b0       ?RegisterCategory@CTrace@ATL@@SGXPBDI@Z 004067b0 f i AppBar.obj
 0001:000058d0       ?ResetSystemKnowledge@CAppBar@@SGXXZ 004068d0 f   AppBar.obj
 0001:00005920       ?SHAppBarMessage@CAppBar@@IAEIKIJPAVCRect@@@Z 00406920 f   AppBar.obj
 0001:00005a50       ?SetRectEmpty@CRect@@QAEXXZ 00406a50 f i AppBar.obj
 0001:00005a80       ?SetState@CAppBar@@QAEXAAUAPPBARSTATE@1@@Z 00406a80 f   AppBar.obj
 0001:00005b10       ?SetState@CAppBar@@QAEXI@Z 00406b10 f   AppBar.obj
 0001:00005d40       ?OnCancel@CSRBar@@MAEXXZ   00406d40 f   SRBar.obj
 0001:00005dc0       ?SetState@CAppBar@@QAEXXZ  00406dc0 f i AppBar.obj
 0001:00005df0       ?ShowHiddenAppBar@CAppBar@@IAEXH@Z 00406df0 f   AppBar.obj
 0001:00005e90       ?SlideWindow@CAppBar@@IAEXABVCRect@@@Z 00406e90 f   AppBar.obj
 0001:000060a0       ?Width@CRect@@QBEHXZ       004070a0 f i AppBar.obj
 0001:000060d0       ?__empty_global_delete@@YAXPAX@Z 004070d0 f i AppBar.obj
 0001:000060f0       ?__global_delete@@YAXPAXI@Z 004070f0 f i AppBar.obj
 0001:000060f0       ?__empty_global_delete@@YAXPAXI@Z 004070f0 f i AppBar.obj
 0001:00006110       ___local_stdio_printf_options 00407110 f i AppBar.obj
 0001:00006180       _swprintf_s                00407180 f i AppBar.obj
 0001:00006290       ??0CShellRunApp@@QAE@XZ    00407290 f   ShellRun.obj
 0001:000062d0       ??1CSRBar@@UAE@XZ          004072d0 f i ShellRun.obj
 0001:00006320       ??1CShellRunApp@@UAE@XZ    00407320 f i ShellRun.obj
 0001:00006350       ??_ECShellRunApp@@UAEPAXI@Z 00407350 f i ShellRun.obj
 0001:00006350       ??_GCShellRunApp@@UAEPAXI@Z 00407350 f i ShellRun.obj
 0001:000063b0       ?GetApplicationRecoveryParameter@CWinApp@@UAEPAXXZ 004073b0 f i ShellRun.obj
 0001:000063d0       ?GetApplicationRecoveryPingInterval@CWinApp@@UAEKXZ 004073d0 f i ShellRun.obj
 0001:000063f0       ?GetApplicationRestartFlags@CWinApp@@UAEKXZ 004073f0 f i ShellRun.obj
 0001:00006410       ?GetMessageMap@CShellRunApp@@MBEPBUAFX_MSGMAP@@XZ 00407410 f   ShellRun.obj
 0001:00006430       ?GetThisMessageMap@CShellRunApp@@KGPBUAFX_MSGMAP@@XZ 00407430 f   ShellRun.obj
 0001:00006450       ?InitInstance@CShellRunApp@@UAEHXZ 00407450 f   ShellRun.obj
 0001:00006520       ?ReopenPreviousFilesAtRestart@CWinApp@@UBEHXZ 00407520 f i ShellRun.obj
 0001:00006550       ?RestoreAutosavedFilesAtRestart@CWinApp@@UBEHXZ 00407550 f i ShellRun.obj
 0001:00006580       ?SupportsApplicationRecovery@CWinApp@@UBEHXZ 00407580 f i ShellRun.obj
 0001:000065b0       ?SupportsAutosaveAtInterval@CWinApp@@UBEHXZ 004075b0 f i ShellRun.obj
 0001:000065e0       ?SupportsAutosaveAtRestart@CWinApp@@UBEHXZ 004075e0 f i ShellRun.obj
 0001:00006610       ?SupportsRestartManager@CWinApp@@UBEHXZ 00407610 f i ShellRun.obj
 0001:00006640       ?OnContextMenu@CSRBar@@IAEXPAVCWnd@@VCPoint@@@Z 00407640 f   SRBar.obj
 0001:00006760       ?OnAppbarExit@CSRBar@@IAEXXZ 00407760 f   SRBar.obj
 0001:00006790       ?OnSize@CSRBar@@IAEXIHH@Z  00407790 f   SRBar.obj
 0001:00006930       ?OnGetMinMaxInfo@CSRBar@@IAEXPAUtagMINMAXINFO@@@Z 00407930 f   SRBar.obj
 0001:00006a70       ?OnSysCommand@CSRBar@@IAEXIJ@Z 00407a70 f   SRBar.obj
 0001:00006ac0       ?OnAlwaysOnTop@CSRBar@@QAEXXZ 00407ac0 f   SRBar.obj
 0001:00006af0       ?OnAutoHide@CSRBar@@QAEXXZ 00407af0 f   SRBar.obj
 0001:00006b20       ?OnAboutApp@CSRBar@@QAEXXZ 00407b20 f   SRBar.obj
 0001:00006b50       ?OnExecute@CSRBar@@QAEXXZ  00407b50 f   SRBar.obj
 0001:00006be0       ??_ECSRBar@@UAEPAXI@Z      00407be0 f i SRBar.obj
 0001:00006be0       ??_GCSRBar@@UAEPAXI@Z      00407be0 f i SRBar.obj
 0001:00006ce0       ??0?$CTraceCategoryEx@$0CAAAA@$0A@@ATL@@QAE@PBD@Z 00407ce0 f i SRBar.obj
 0001:00006d40       ?OnAboutUrl@CSRBar@@QAGXXZ 00407d40 f   SRBar.obj
 0001:00006e90       ?DoDataExchange@CSRBar@@MAEXPAVCDataExchange@@@Z 00407e90 f   SRBar.obj
 0001:00006f00       ?GetMessageMap@CSRBar@@MBEPBUAFX_MSGMAP@@XZ 00407f00 f   SRBar.obj
 0001:00006f50       ?OnShellExecuteCommand@CSRBar@@QAEXV?$CStringT@DV?$StrTraitMFC_DLL@DV?$ChTraitsCRT@D@ATL@@@@@ATL@@@Z 00407f50 f   SRBar.obj
 0001:00007170       ?OnShellExecuteUrl@CSRBar@@QAGXPAUtagHELPINFO@@@Z 00408170 f   SRBar.obj
 0001:00007300       ?GetThisMessageMap@CSRBar@@KGPBUAFX_MSGMAP@@XZ 00408300 f   SRBar.obj
 0001:00007380       ?HideFloatAdornments@CSRBar@@IAEXH@Z 00408380 f   SRBar.obj
 0001:000073c0       ?OnHelpUrl@@YGXPAUtagHELPINFO@@@Z 004083c0 f   SRBar.obj
 0001:00007500       ?IsBarAlwaysOnTop@CAppBar@@QAEHXZ 00408500 f i SRBar.obj
 0001:00007580       ?IsEdgeTopOrBottom@CAppBar@@SGHI@Z 00408580 f i SRBar.obj
 0001:00007690       ?OnAppBarStateChange@CSRBar@@MAEXHI@Z 00408690 f   SRBar.obj
 0001:00007740       ?OnAppbarAboutAppBar@CSRBar@@IAEXXZ 00408740 f   SRBar.obj
 0001:000077d0       ?OnAppbarAlwaysOnTop@CSRBar@@IAEXXZ 004087d0 f   SRBar.obj
 0001:00007860       ?OnAppbarAutohide@CSRBar@@IAEXXZ 00408860 f   SRBar.obj
 0001:00007960       ?RegistryOpenKeyEx@CSRBar@@IAEJAAUAPPBARSTATE@CAppBar@@@Z 00408960 f   SRBar.obj
 0001:00007af0       __vfprintf_l               00408af0 f i SRBar.obj
 0001:00007b90       ??0CSRBar@@QAE@PAVCWnd@@@Z 00408b90 f   SRBar.obj
 0001:00007e40       ?HelpUrl@@YGXXZ            00408e40 f   SRBar.obj
 0001:00007f80       ?RegistryCreateKeyEx@CSRBar@@IAEJAAUAPPBARSTATE@CAppBar@@@Z 00408f80 f   SRBar.obj
 0001:00008040       ?_AfxInitManaged@@YAHXZ    00409040 f i StdAfx.obj
 0001:00008060       ??$AtlAdd@H@ATL@@YGJPAHHH@Z 00409060 f i StdAfx.obj
 0001:000080b0       ??$AtlAdd@I@ATL@@YGJPAIII@Z 004090b0 f i StdAfx.obj
 0001:00008100       ??$AtlAdd@K@ATL@@YGJPAKKK@Z 00409100 f i StdAfx.obj
 0001:00008150       ??$AtlAlignUp@H@ATL@@YGHHK@Z 00409150 f i StdAfx.obj
 0001:00008180       ??$AtlMultiply@I@ATL@@YGJPAIII@Z 00409180 f i StdAfx.obj
 0001:000081d0       ??$AtlMultiply@K@ATL@@YGJPAKKK@Z 004091d0 f i StdAfx.obj
 0001:00008220       ??0?$CHeapPtr@DVCCRTAllocator@ATL@@@ATL@@QAE@XZ 00409220 f i StdAfx.obj
 0001:00008250       ??0?$CHeapPtr@_WVCCRTAllocator@ATL@@@ATL@@QAE@XZ 00409250 f i StdAfx.obj
 0001:00008280       ??0?$CHeapPtrBase@DVCCRTAllocator@ATL@@@ATL@@IAE@XZ 00409280 f i StdAfx.obj
 0001:000082b0       ??0?$CHeapPtrBase@_WVCCRTAllocator@ATL@@@ATL@@IAE@XZ 004092b0 f i StdAfx.obj
 0001:000082e0       ??0?$CSimpleArray@GV?$CSimpleArrayEqualHelper@G@ATL@@@ATL@@QAE@XZ 004092e0 f i StdAfx.obj
 0001:00008320       ??0?$CTraceCategoryEx@$00$0A@@ATL@@QAE@PBD@Z 00409320 f i StdAfx.obj
 0001:00008350       ??0?$CTraceCategoryEx@$01$0A@@ATL@@QAE@PBD@Z 00409350 f i StdAfx.obj
 0001:00008380       ??0?$CTraceCategoryEx@$03$0A@@ATL@@QAE@PBD@Z 00409380 f i StdAfx.obj
 0001:000083b0       ??0?$CTraceCategoryEx@$07$0A@@ATL@@QAE@PBD@Z 004093b0 f i StdAfx.obj
 0001:000083e0       ??0?$CTraceCategoryEx@$0BA@$0A@@ATL@@QAE@PBD@Z 004093e0 f i StdAfx.obj
 0001:00008410       ??0?$CTraceCategoryEx@$0BAA@$0A@@ATL@@QAE@PBD@Z 00409410 f i StdAfx.obj
 0001:00008440       ??0?$CTraceCategoryEx@$0BAAA@$0A@@ATL@@QAE@PBD@Z 00409440 f i StdAfx.obj
 0001:00008470       ??0?$CTraceCategoryEx@$0BAAAA@$0A@@ATL@@QAE@PBD@Z 00409470 f i StdAfx.obj
 0001:000084a0       ??0?$CTraceCategoryEx@$0BAAAAA@$0A@@ATL@@QAE@PBD@Z 004094a0 f i StdAfx.obj
 0001:000084d0       ??0?$CTraceCategoryEx@$0CA@$0A@@ATL@@QAE@PBD@Z 004094d0 f i StdAfx.obj
 0001:00008500       ??0?$CTraceCategoryEx@$0CAA@$0A@@ATL@@QAE@PBD@Z 00409500 f i StdAfx.obj
 0001:00008530       ??0?$CTraceCategoryEx@$0CAAAAA@$0A@@ATL@@QAE@PBD@Z 00409530 f i StdAfx.obj
 0001:00008560       ??0?$CTraceCategoryEx@$0EA@$0A@@ATL@@QAE@PBD@Z 00409560 f i StdAfx.obj
 0001:00008590       ??0?$CTraceCategoryEx@$0EAA@$0A@@ATL@@QAE@PBD@Z 00409590 f i StdAfx.obj
 0001:000085c0       ??0?$CTraceCategoryEx@$0EAAA@$0A@@ATL@@QAE@PBD@Z 004095c0 f i StdAfx.obj
 0001:000085f0       ??0?$CTraceCategoryEx@$0EAAAA@$0A@@ATL@@QAE@PBD@Z 004095f0 f i StdAfx.obj
 0001:00008620       ??0?$CTraceCategoryEx@$0EAAAAA@$0A@@ATL@@QAE@PBD@Z 00409620 f i StdAfx.obj
 0001:00008650       ??0?$CTraceCategoryEx@$0IA@$0A@@ATL@@QAE@PBD@Z 00409650 f i StdAfx.obj
 0001:00008680       ??0?$CTraceCategoryEx@$0IAA@$0A@@ATL@@QAE@PBD@Z 00409680 f i StdAfx.obj
 0001:000086b0       ??0?$CTraceCategoryEx@$0IAAA@$0A@@ATL@@QAE@PBD@Z 004096b0 f i StdAfx.obj
 0001:000086e0       ??0?$CTraceCategoryEx@$0IAAAA@$0A@@ATL@@QAE@PBD@Z 004096e0 f i StdAfx.obj
 0001:00008710       ??0CAtlComModule@ATL@@QAE@XZ 00409710 f i StdAfx.obj
 0001:00008800       ??0CAtlStringMgr@ATL@@QAE@PAUIAtlMemMgr@1@@Z 00409800 f i StdAfx.obj
 0001:00008860       ??0CAtlStringMgrStaticInitializer@ATLImplementationDetails@ATL@@QAE@XZ 00409860 f i StdAfx.obj
 0001:00008890       ??0CAtlWinModule@ATL@@QAE@XZ 00409890 f i StdAfx.obj
 0001:00008930       ??0CComCriticalSection@ATL@@QAE@XZ 00409930 f i StdAfx.obj
 0001:00008960       ??0CNilStringData@ATL@@QAE@XZ 00409960 f i StdAfx.obj
 0001:000089e0       ??0CPreserveLastError@ATL@@QAE@XZ 004099e0 f i StdAfx.obj
 0001:00008a10       ??0CTraceFileAndLineInfo@ATL@@QAE@PBDH@Z 00409a10 f i StdAfx.obj
 0001:00008a50       ??0CWin32Heap@ATL@@QAE@PAX@Z 00409a50 f i StdAfx.obj
 0001:00008ad0       ??0_ATL_COM_MODULE70@ATL@@QAE@XZ 00409ad0 f i StdAfx.obj
 0001:00008b00       ??0_ATL_WIN_MODULE70@ATL@@QAE@XZ 00409b00 f i StdAfx.obj
 0001:00008b80       ??1?$CHeapPtr@DVCCRTAllocator@ATL@@@ATL@@QAE@XZ 00409b80 f i StdAfx.obj
 0001:00008bb0       ??1?$CHeapPtr@_WVCCRTAllocator@ATL@@@ATL@@QAE@XZ 00409bb0 f i StdAfx.obj
 0001:00008be0       ??1?$CHeapPtrBase@DVCCRTAllocator@ATL@@@ATL@@QAE@XZ 00409be0 f i StdAfx.obj
 0001:00008c10       ??1?$CHeapPtrBase@_WVCCRTAllocator@ATL@@@ATL@@QAE@XZ 00409c10 f i StdAfx.obj
 0001:00008c40       ??1?$CSimpleArray@GV?$CSimpleArrayEqualHelper@G@ATL@@@ATL@@QAE@XZ 00409c40 f i StdAfx.obj
 0001:00008ca0       ??1CAtlComModule@ATL@@QAE@XZ 00409ca0 f i StdAfx.obj
 0001:00008d10       ??1CAtlStringMgr@ATL@@UAE@XZ 00409d10 f i StdAfx.obj
 0001:00008d30       ??1CAtlWinModule@ATL@@QAE@XZ 00409d30 f i StdAfx.obj
 0001:00008da0       ??1CComCriticalSection@ATL@@QAE@XZ 00409da0 f i StdAfx.obj
 0001:00008dc0       ??1CPreserveLastError@ATL@@QAE@XZ 00409dc0 f i StdAfx.obj
 0001:00008df0       ??1CWin32Heap@ATL@@UAE@XZ  00409df0 f i StdAfx.obj
 0001:00008e80       ??1_ATL_COM_MODULE70@ATL@@QAE@XZ 00409e80 f i StdAfx.obj
 0001:00008eb0       ??1_ATL_WIN_MODULE70@ATL@@QAE@XZ 00409eb0 f i StdAfx.obj
 0001:00008ef0       ??A?$CSimpleArray@GV?$CSimpleArrayEqualHelper@G@ATL@@@ATL@@QAEAAGH@Z 00409ef0 f i StdAfx.obj
 0001:00008f90       ??B?$CHeapPtrBase@DVCCRTAllocator@ATL@@@ATL@@QBEPADXZ 00409f90 f i StdAfx.obj
 0001:00008fb0       ??B?$CHeapPtrBase@_WVCCRTAllocator@ATL@@@ATL@@QBEPA_WXZ 00409fb0 f i StdAfx.obj
 0001:00008fd0       ??B?$CTraceCategoryEx@$01$0A@@ATL@@QAEIXZ 00409fd0 f i StdAfx.obj
 0001:00008ff0       ??B?$CTraceCategoryEx@$0CA@$0A@@ATL@@QAEIXZ 00409ff0 f i StdAfx.obj
 0001:00009010       ??RCTraceFileAndLineInfo@ATL@@QBAXHIPBDZZ 0040a010 f i StdAfx.obj
 0001:000090c0       ??_ECAtlStringMgr@ATL@@UAEPAXI@Z 0040a0c0 f i StdAfx.obj
 0001:000090c0       ??_GCAtlStringMgr@ATL@@UAEPAXI@Z 0040a0c0 f i StdAfx.obj
 0001:00009110       ??_ECWin32Heap@ATL@@UAEPAXI@Z 0040a110 f i StdAfx.obj
 0001:00009110       ??_GCWin32Heap@ATL@@UAEPAXI@Z 0040a110 f i StdAfx.obj
 0001:00009160       ??_H@YGXPAXIIP6EPAX0@Z@Z   0040a160 f i StdAfx.obj
 0001:000091b0       ?AddRef@CStringData@ATL@@QAEXXZ 0040a1b0 f i StdAfx.obj
 0001:00009210       ?Allocate@?$CHeapPtr@DVCCRTAllocator@ATL@@@ATL@@QAE_NI@Z 0040a210 f i StdAfx.obj
 0001:00009260       ?Allocate@?$CHeapPtr@_WVCCRTAllocator@ATL@@@ATL@@QAE_NI@Z 0040a260 f i StdAfx.obj
 0001:000092b0       ?Allocate@CAtlStringMgr@ATL@@UAEPAUCStringData@2@HH@Z 0040a2b0 f i StdAfx.obj
 0001:00009470       ?Allocate@CCRTAllocator@ATL@@SGPAXI@Z 0040a470 f i StdAfx.obj
 0001:000094a0       ?Allocate@CWin32Heap@ATL@@UAEPAXI@Z 0040a4a0 f i StdAfx.obj
 0001:000094e0       ?AllocateBytes@?$CHeapPtrBase@DVCCRTAllocator@ATL@@@ATL@@QAE_NI@Z 0040a4e0 f i StdAfx.obj
 0001:00009560       ?AllocateBytes@?$CHeapPtrBase@_WVCCRTAllocator@ATL@@@ATL@@QAE_NI@Z 0040a560 f i StdAfx.obj
 0001:000095e0       ?AtlWinModuleInit@ATL@@YGJPAU_ATL_WIN_MODULE70@1@@Z 0040a5e0 f i StdAfx.obj
 0001:000096d0       ?AtlWinModuleTerm@ATL@@YGJPAU_ATL_WIN_MODULE70@1@PAUHINSTANCE__@@@Z 0040a6d0 f i StdAfx.obj
 0001:000097a0       ?Clone@CAtlStringMgr@ATL@@UAEPAUIAtlStringMgr@2@XZ 0040a7a0 f i StdAfx.obj
 0001:000097c0       ?Free@?$CHeapPtrBase@DVCCRTAllocator@ATL@@@ATL@@QAEXXZ 0040a7c0 f i StdAfx.obj
 0001:000097f0       ?Free@?$CHeapPtrBase@_WVCCRTAllocator@ATL@@@ATL@@QAEXXZ 0040a7f0 f i StdAfx.obj
 0001:00009820       ?Free@CAtlStringMgr@ATL@@UAEXPAUCStringData@2@@Z 0040a820 f i StdAfx.obj
 0001:000098d0       ?Free@CCRTAllocator@ATL@@SGXPAX@Z 0040a8d0 f i StdAfx.obj
 0001:00009900       ?Free@CWin32Heap@ATL@@UAEXPAX@Z 0040a900 f i StdAfx.obj
 0001:00009980       ?GetCategoryName@CTrace@ATL@@CGPA_WI@Z 0040a980 f i StdAfx.obj
 0001:000099f0       ?GetInstance@CAtlStringMgr@ATL@@SGPAUIAtlStringMgr@2@XZ 0040a9f0 f i StdAfx.obj
 0001:00009af0       ?GetModuleInstance@CAtlBaseModule@ATL@@QAEPAUHINSTANCE__@@XZ 0040aaf0 f i StdAfx.obj
 0001:00009b10       ?GetNilString@CAtlStringMgr@ATL@@UAEPAUCStringData@2@XZ 0040ab10 f i StdAfx.obj
 0001:00009b40       ?GetSize@?$CSimpleArray@GV?$CSimpleArrayEqualHelper@G@ATL@@@ATL@@QBEHXZ 0040ab40 f i StdAfx.obj
 0001:00009b60       ?GetSize@CWin32Heap@ATL@@UAEIPAX@Z 0040ab60 f i StdAfx.obj
 0001:00009ba0       ?Init@CComCriticalSection@ATL@@QAEJXZ 0040aba0 f i StdAfx.obj
 0001:00009bf0       ?Reallocate@CAtlStringMgr@ATL@@UAEPAUCStringData@2@PAU32@HH@Z 0040abf0 f i StdAfx.obj
 0001:00009dd0       ?Reallocate@CWin32Heap@ATL@@UAEPAXPAXI@Z 0040add0 f i StdAfx.obj
 0001:00009e50       ?RemoveAll@?$CSimpleArray@GV?$CSimpleArrayEqualHelper@G@ATL@@@ATL@@QAEXXZ 0040ae50 f i StdAfx.obj
 0001:00009ed0       ?SetManager@CNilStringData@ATL@@QAEXPAUIAtlStringMgr@2@@Z 0040aed0 f i StdAfx.obj
 0001:00009f30       ?Term@CAtlComModule@ATL@@QAEXXZ 0040af30 f i StdAfx.obj
 0001:00009ff0       ?Term@CAtlWinModule@ATL@@QAEXXZ 0040aff0 f i StdAfx.obj
 0001:0000a020       ?Term@CComCriticalSection@ATL@@QAEJXZ 0040b020 f i StdAfx.obj
 0001:0000a050       ?TraceV@CTrace@ATL@@CAXPBDHIIPB_W@Z 0040b050 f i StdAfx.obj
 0001:0000a2e0       ?TraceV@CTrace@ATL@@SAXPBDHII0PAD@Z 0040b2e0 f i StdAfx.obj
 0001:0000a510       ?_AtlInitializeCriticalSectionEx@ATL@@YAHPAU_RTL_CRITICAL_SECTION@@KK@Z 0040b510 f i StdAfx.obj
 0001:0000a540       ?_AtlRaiseException@ATL@@YGXKK@Z 0040b540 f i StdAfx.obj
 0001:0000a570       _HRESULT_FROM_WIN32@4      0040b570 f i StdAfx.obj
 0001:0000a5c0       __vscprintf                0040b5c0 f i StdAfx.obj
 0001:0000a5f0       __vscprintf_l              0040b5f0 f i StdAfx.obj
 0001:0000a660       __vsnprintf_s              0040b660 f i StdAfx.obj
 0001:0000a6a0       __vsnprintf_s_l            0040b6a0 f i StdAfx.obj
 0001:0000a70e       ?GetThisMessageMap@CDialog@@KGPBUAFX_MSGMAP@@XZ 0040b70e f   mfc140d:mfc140d.dll
 0001:0000a714       ??3CObject@@SGXPAX@Z       0040b714 f   mfc140d:mfc140d.dll
 0001:0000a71a       ?Serialize@CObject@@UAEXAAVCArchive@@@Z 0040b71a f   mfc140d:mfc140d.dll
 0001:0000a720       ??B?$CSimpleStringT@D$00@ATL@@QBEPBDXZ 0040b720 f   mfc140d:mfc140d.dll
 0001:0000a726       ??0?$CStringT@DV?$StrTraitMFC_DLL@DV?$ChTraitsCRT@D@ATL@@@@@ATL@@QAE@XZ 0040b726 f   mfc140d:mfc140d.dll
 0001:0000a72c       ??1?$CStringT@DV?$StrTraitMFC_DLL@DV?$ChTraitsCRT@D@ATL@@@@@ATL@@QAE@XZ 0040b72c f   mfc140d:mfc140d.dll
 0001:0000a732       ?IsInvokeAllowed@CCmdTarget@@UAEHJ@Z 0040b732 f   mfc140d:mfc140d.dll
 0001:0000a738       ?GetDispatchIID@CCmdTarget@@UAEHPAU_GUID@@@Z 0040b738 f   mfc140d:mfc140d.dll
 0001:0000a73e       ?GetTypeInfoCount@CCmdTarget@@UAEIXZ 0040b73e f   mfc140d:mfc140d.dll
 0001:0000a744       ?GetTypeLibCache@CCmdTarget@@UAEPAVCTypeLibCache@@XZ 0040b744 f   mfc140d:mfc140d.dll
 0001:0000a74a       ?GetTypeLib@CCmdTarget@@UAEJKPAPAUITypeLib@@@Z 0040b74a f   mfc140d:mfc140d.dll
 0001:0000a750       ?GetCommandMap@CCmdTarget@@MBEPBUAFX_OLECMDMAP@@XZ 0040b750 f   mfc140d:mfc140d.dll
 0001:0000a756       ?GetDispatchMap@CCmdTarget@@MBEPBUAFX_DISPMAP@@XZ 0040b756 f   mfc140d:mfc140d.dll
 0001:0000a75c       ?GetConnectionMap@CCmdTarget@@MBEPBUAFX_CONNECTIONMAP@@XZ 0040b75c f   mfc140d:mfc140d.dll
 0001:0000a762       ?GetEventSinkMap@CCmdTarget@@MBEPBUAFX_EVENTSINKMAP@@XZ 0040b762 f   mfc140d:mfc140d.dll
 0001:0000a768       ?OnCreateAggregates@CCmdTarget@@UAEHXZ 0040b768 f   mfc140d:mfc140d.dll
 0001:0000a76e       ?GetInterfaceHook@CCmdTarget@@UAEPAUIUnknown@@PBX@Z 0040b76e f   mfc140d:mfc140d.dll
 0001:0000a774       ?GetExtraConnectionPoints@CCmdTarget@@MAEHPAVCPtrArray@@@Z 0040b774 f   mfc140d:mfc140d.dll
 0001:0000a77a       ?GetConnectionHook@CCmdTarget@@MAEPAUIConnectionPoint@@ABU_GUID@@@Z 0040b77a f   mfc140d:mfc140d.dll
 0001:0000a780       ?GetStyle@CWnd@@QBEKXZ     0040b780 f   mfc140d:mfc140d.dll
 0001:0000a786       ?GetExStyle@CWnd@@QBEKXZ   0040b786 f   mfc140d:mfc140d.dll
 0001:0000a78c       ?PreSubclassWindow@CWnd@@UAEXXZ 0040b78c f   mfc140d:mfc140d.dll
 0001:0000a792       ?Create@CWnd@@UAEHPBD0KABUtagRECT@@PAV1@IPAUCCreateContext@@@Z 0040b792 f   mfc140d:mfc140d.dll
 0001:0000a798       ?CreateEx@CWnd@@UAEHKPBD0KHHHHPAUHWND__@@PAUHMENU__@@PAX@Z 0040b798 f   mfc140d:mfc140d.dll
 0001:0000a79e       ?CreateEx@CWnd@@UAEHKPBD0KABUtagRECT@@PAV1@IPAX@Z 0040b79e f   mfc140d:mfc140d.dll
 0001:0000a7a4       ?DestroyWindow@CWnd@@UAEHXZ 0040b7a4 f   mfc140d:mfc140d.dll
 0001:0000a7aa       ?PreCreateWindow@CWnd@@UAEHAAUtagCREATESTRUCTA@@@Z 0040b7aa f   mfc140d:mfc140d.dll
 0001:0000a7b0       ?CalcWindowRect@CWnd@@UAEXPAUtagRECT@@I@Z 0040b7b0 f   mfc140d:mfc140d.dll
 0001:0000a7b6       ?GetWindowTextA@CWnd@@QBEXAAV?$CStringT@DV?$StrTraitMFC_DLL@DV?$ChTraitsCRT@D@ATL@@@@@ATL@@@Z 0040b7b6 f   mfc140d:mfc140d.dll
 0001:0000a7bc       ?GetMenu@CWnd@@UBEPAVCMenu@@XZ 0040b7bc f   mfc140d:mfc140d.dll
 0001:0000a7c2       ?SetMenu@CWnd@@UAEHPAVCMenu@@@Z 0040b7c2 f   mfc140d:mfc140d.dll
 0001:0000a7c8       ?SetWindowPos@CWnd@@QAEHPBV1@HHHHI@Z 0040b7c8 f   mfc140d:mfc140d.dll
 0001:0000a7ce       ?GetWindowRect@CWnd@@QBEXPAUtagRECT@@@Z 0040b7ce f   mfc140d:mfc140d.dll
 0001:0000a7d4       ?UpdateWindow@CWnd@@QAEXXZ 0040b7d4 f   mfc140d:mfc140d.dll
 0001:0000a7da       ?SetTimer@CWnd@@QAEIIIP6GXPAUHWND__@@IIK@Z@Z 0040b7da f   mfc140d:mfc140d.dll
 0001:0000a7e0       ?KillTimer@CWnd@@QAEHI@Z   0040b7e0 f   mfc140d:mfc140d.dll
 0001:0000a7e6       ?OnToolHitTest@CWnd@@UBEHVCPoint@@PAUtagTOOLINFOA@@@Z 0040b7e6 f   mfc140d:mfc140d.dll
 0001:0000a7ec       ?GetActiveWindow@CWnd@@SGPAV1@XZ 0040b7ec f   mfc140d:mfc140d.dll
 0001:0000a7f2       ?GetScrollBarCtrl@CWnd@@UBEPAVCScrollBar@@H@Z 0040b7f2 f   mfc140d:mfc140d.dll
 0001:0000a7f8       ?WinHelpA@CWnd@@UAEXKI@Z   0040b7f8 f   mfc140d:mfc140d.dll
 0001:0000a7fe       ?HtmlHelpA@CWnd@@UAEXKI@Z  0040b7fe f   mfc140d:mfc140d.dll
 0001:0000a804       ?WinHelpInternal@CWnd@@UAEXKI@Z 0040b804 f   mfc140d:mfc140d.dll
 0001:0000a80a       ?ContinueModal@CWnd@@UAEHXZ 0040b80a f   mfc140d:mfc140d.dll
 0001:0000a810       ?EndModalLoop@CWnd@@UAEXH@Z 0040b810 f   mfc140d:mfc140d.dll
 0001:0000a816       ?OnDrawIconicThumbnailOrLivePreview@CWnd@@UAEXAAVCDC@@VCRect@@VCSize@@HAAH@Z 0040b816 f   mfc140d:mfc140d.dll
 0001:0000a81c       ?GetInterfaceMap@CWnd@@MBEPBUAFX_INTERFACEMAP@@XZ 0040b81c f   mfc140d:mfc140d.dll
 0001:0000a822       ?EnsureStdObj@CWnd@@UAEJXZ 0040b822 f   mfc140d:mfc140d.dll
 0001:0000a828       ?get_accParent@CWnd@@UAEJPAPAUIDispatch@@@Z 0040b828 f   mfc140d:mfc140d.dll
 0001:0000a82e       ?get_accChildCount@CWnd@@UAEJPAJ@Z 0040b82e f   mfc140d:mfc140d.dll
 0001:0000a834       ?get_accChild@CWnd@@UAEJUtagVARIANT@@PAPAUIDispatch@@@Z 0040b834 f   mfc140d:mfc140d.dll
 0001:0000a83a       ?get_accName@CWnd@@UAEJUtagVARIANT@@PAPA_W@Z 0040b83a f   mfc140d:mfc140d.dll
 0001:0000a840       ?get_accValue@CWnd@@UAEJUtagVARIANT@@PAPA_W@Z 0040b840 f   mfc140d:mfc140d.dll
 0001:0000a846       ?get_accDescription@CWnd@@UAEJUtagVARIANT@@PAPA_W@Z 0040b846 f   mfc140d:mfc140d.dll
 0001:0000a84c       ?get_accRole@CWnd@@UAEJUtagVARIANT@@PAU2@@Z 0040b84c f   mfc140d:mfc140d.dll
 0001:0000a852       ?get_accState@CWnd@@UAEJUtagVARIANT@@PAU2@@Z 0040b852 f   mfc140d:mfc140d.dll
 0001:0000a858       ?get_accHelp@CWnd@@UAEJUtagVARIANT@@PAPA_W@Z 0040b858 f   mfc140d:mfc140d.dll
 0001:0000a85e       ?get_accHelpTopic@CWnd@@UAEJPAPA_WUtagVARIANT@@PAJ@Z 0040b85e f   mfc140d:mfc140d.dll
 0001:0000a864       ?get_accKeyboardShortcut@CWnd@@UAEJUtagVARIANT@@PAPA_W@Z 0040b864 f   mfc140d:mfc140d.dll
 0001:0000a86a       ?get_accFocus@CWnd@@UAEJPAUtagVARIANT@@@Z 0040b86a f   mfc140d:mfc140d.dll
 0001:0000a870       ?get_accSelection@CWnd@@UAEJPAUtagVARIANT@@@Z 0040b870 f   mfc140d:mfc140d.dll
 0001:0000a876       ?get_accDefaultAction@CWnd@@UAEJUtagVARIANT@@PAPA_W@Z 0040b876 f   mfc140d:mfc140d.dll
 0001:0000a87c       ?accSelect@CWnd@@UAEJJUtagVARIANT@@@Z 0040b87c f   mfc140d:mfc140d.dll
 0001:0000a882       ?accLocation@CWnd@@UAEJPAJ000UtagVARIANT@@@Z 0040b882 f   mfc140d:mfc140d.dll
 0001:0000a888       ?accNavigate@CWnd@@UAEJJUtagVARIANT@@PAU2@@Z 0040b888 f   mfc140d:mfc140d.dll
 0001:0000a88e       ?accHitTest@CWnd@@UAEJJJPAUtagVARIANT@@@Z 0040b88e f   mfc140d:mfc140d.dll
 0001:0000a894       ?accDoDefaultAction@CWnd@@UAEJUtagVARIANT@@@Z 0040b894 f   mfc140d:mfc140d.dll
 0001:0000a89a       ?put_accName@CWnd@@UAEJUtagVARIANT@@PA_W@Z 0040b89a f   mfc140d:mfc140d.dll
 0001:0000a8a0       ?put_accValue@CWnd@@UAEJUtagVARIANT@@PA_W@Z 0040b8a0 f   mfc140d:mfc140d.dll
 0001:0000a8a6       ?SetProxy@CWnd@@UAEJPAUIAccessibleProxy@@@Z 0040b8a6 f   mfc140d:mfc140d.dll
 0001:0000a8ac       ?CreateAccessibleProxy@CWnd@@UAEJIJPAJ@Z 0040b8ac f   mfc140d:mfc140d.dll
 0001:0000a8b2       ?OnCommand@CWnd@@MAEHIJ@Z  0040b8b2 f   mfc140d:mfc140d.dll
 0001:0000a8b8       ?OnNotify@CWnd@@MAEHIJPAJ@Z 0040b8b8 f   mfc140d:mfc140d.dll
 0001:0000a8be       ?OnActivate@CWnd@@IAEXIPAV1@H@Z 0040b8be f   mfc140d:mfc140d.dll
 0001:0000a8c4       ?OnCreate@CWnd@@IAEHPAUtagCREATESTRUCTA@@@Z 0040b8c4 f   mfc140d:mfc140d.dll
 0001:0000a8ca       ?OnDestroy@CWnd@@IAEXXZ    0040b8ca f   mfc140d:mfc140d.dll
 0001:0000a8d0       ?OnWindowPosChanged@CWnd@@IAEXPAUtagWINDOWPOS@@@Z 0040b8d0 f   mfc140d:mfc140d.dll
 0001:0000a8d6       ?OnNcHitTest@CWnd@@IAEJVCPoint@@@Z 0040b8d6 f   mfc140d:mfc140d.dll
 0001:0000a8dc       ?OnNcMouseMove@CWnd@@IAEXIVCPoint@@@Z 0040b8dc f   mfc140d:mfc140d.dll
 0001:0000a8e2       ?OnTimer@CWnd@@IAEXI@Z     0040b8e2 f   mfc140d:mfc140d.dll
 0001:0000a8e8       ?GetSuperWndProcAddr@CWnd@@MAEPAP6GJPAUHWND__@@IIJ@ZXZ 0040b8e8 f   mfc140d:mfc140d.dll
 0001:0000a8ee       ?DoDataExchange@CWnd@@MAEXPAVCDataExchange@@@Z 0040b8ee f   mfc140d:mfc140d.dll
 0001:0000a8f4       ?BeginModalState@CWnd@@UAEXXZ 0040b8f4 f   mfc140d:mfc140d.dll
 0001:0000a8fa       ?EndModalState@CWnd@@UAEXXZ 0040b8fa f   mfc140d:mfc140d.dll
 0001:0000a900       ?OnAmbientProperty@CWnd@@UAEHPAVCOleControlSite@@JPAUtagVARIANT@@@Z 0040b900 f   mfc140d:mfc140d.dll
 0001:0000a906       ?WindowProc@CWnd@@MAEJIIJ@Z 0040b906 f   mfc140d:mfc140d.dll
 0001:0000a90c       ?OnWndMsg@CWnd@@MAEHIIJPAJ@Z 0040b90c f   mfc140d:mfc140d.dll
 0001:0000a912       ?DefWindowProcA@CWnd@@MAEJIIJ@Z 0040b912 f   mfc140d:mfc140d.dll
 0001:0000a918       ?PostNcDestroy@CWnd@@MAEXXZ 0040b918 f   mfc140d:mfc140d.dll
 0001:0000a91e       ?OnChildNotify@CWnd@@MAEHIIJPAJ@Z 0040b91e f   mfc140d:mfc140d.dll
 0001:0000a924       ?OnTouchInputs@CWnd@@MAEHIPAUtagTOUCHINPUT@@@Z 0040b924 f   mfc140d:mfc140d.dll
 0001:0000a92a       ?OnTouchInput@CWnd@@MAEHVCPoint@@HHPAUtagTOUCHINPUT@@@Z 0040b92a f   mfc140d:mfc140d.dll
 0001:0000a930       ?GetGestureStatus@CWnd@@MAEKVCPoint@@@Z 0040b930 f   mfc140d:mfc140d.dll
 0001:0000a936       ?OnGestureZoom@CWnd@@MAEHVCPoint@@J@Z 0040b936 f   mfc140d:mfc140d.dll
 0001:0000a93c       ?OnGesturePan@CWnd@@MAEHVCPoint@@0@Z 0040b93c f   mfc140d:mfc140d.dll
 0001:0000a942       ?OnGestureRotate@CWnd@@MAEHVCPoint@@N@Z 0040b942 f   mfc140d:mfc140d.dll
 0001:0000a948       ?OnGestureTwoFingerTap@CWnd@@MAEHVCPoint@@@Z 0040b948 f   mfc140d:mfc140d.dll
 0001:0000a94e       ?OnGesturePressAndTap@CWnd@@MAEHVCPoint@@J@Z 0040b94e f   mfc140d:mfc140d.dll
 0001:0000a954       ?ResizeDynamicLayout@CWnd@@MAEXXZ 0040b954 f   mfc140d:mfc140d.dll
 0001:0000a95a       ?IsFrameWnd@CWnd@@UBEHXZ   0040b95a f   mfc140d:mfc140d.dll
 0001:0000a960       ?OnFinalRelease@CWnd@@UAEXXZ 0040b960 f   mfc140d:mfc140d.dll
 0001:0000a966       ?CreateControlContainer@CWnd@@MAEHPAPAVCOleControlContainer@@@Z 0040b966 f   mfc140d:mfc140d.dll
 0001:0000a96c       ?CreateControlSite@CWnd@@MAEHPAVCOleControlContainer@@PAPAVCOleControlSite@@IABU_GUID@@@Z 0040b96c f   mfc140d:mfc140d.dll
 0001:0000a972       ?GetRuntimeClass@CDialog@@UBEPAUCRuntimeClass@@XZ 0040b972 f   mfc140d:mfc140d.dll
 0001:0000a978       ?Create@CDialog@@UAEHPBDPAVCWnd@@@Z 0040b978 f   mfc140d:mfc140d.dll
 0001:0000a97e       ?Create@CDialog@@UAEHIPAVCWnd@@@Z 0040b97e f   mfc140d:mfc140d.dll
 0001:0000a984       ?CreateIndirect@CDialog@@UAEHPBUDLGTEMPLATE@@PAVCWnd@@PAX@Z 0040b984 f   mfc140d:mfc140d.dll
 0001:0000a98a       ?CreateIndirect@CDialog@@UAEHPAXPAVCWnd@@@Z 0040b98a f   mfc140d:mfc140d.dll
 0001:0000a990       ??0CDialog@@QAE@IPAVCWnd@@@Z 0040b990 f   mfc140d:mfc140d.dll
 0001:0000a996       ?DoModal@CDialog@@UAEHXZ   0040b996 f   mfc140d:mfc140d.dll
 0001:0000a99c       ?OnInitDialog@CDialog@@UAEHXZ 0040b99c f   mfc140d:mfc140d.dll
 0001:0000a9a2       ?OnSetFont@CDialog@@UAEXPAVCFont@@@Z 0040b9a2 f   mfc140d:mfc140d.dll
 0001:0000a9a8       ?OnOK@CDialog@@MAEXXZ      0040b9a8 f   mfc140d:mfc140d.dll
 0001:0000a9ae       ?OnCancel@CDialog@@MAEXXZ  0040b9ae f   mfc140d:mfc140d.dll
 0001:0000a9b4       ??1CDialog@@UAE@XZ         0040b9b4 f   mfc140d:mfc140d.dll
 0001:0000a9ba       ?AssertValid@CDialog@@UBEXXZ 0040b9ba f   mfc140d:mfc140d.dll
 0001:0000a9c0       ?Dump@CDialog@@UBEXAAVCDumpContext@@@Z 0040b9c0 f   mfc140d:mfc140d.dll
 0001:0000a9c6       ?PreTranslateMessage@CDialog@@UAEHPAUtagMSG@@@Z 0040b9c6 f   mfc140d:mfc140d.dll
 0001:0000a9cc       ?OnCmdMsg@CDialog@@UAEHIHPAXPAUAFX_CMDHANDLERINFO@@@Z 0040b9cc f   mfc140d:mfc140d.dll
 0001:0000a9d2       ?CheckAutoCenter@CDialog@@UAEHXZ 0040b9d2 f   mfc140d:mfc140d.dll
 0001:0000a9d8       ?SetOccDialogInfo@CDialog@@MAEHPAU_AFX_OCC_DIALOG_INFO@@@Z 0040b9d8 f   mfc140d:mfc140d.dll
 0001:0000a9de       ?GetOccDialogInfo@CDialog@@MAEPAU_AFX_OCC_DIALOG_INFO@@XZ 0040b9de f   mfc140d:mfc140d.dll
 0001:0000a9e4       ?PreInitDialog@CDialog@@MAEXXZ 0040b9e4 f   mfc140d:mfc140d.dll
 0001:0000a9ea       ??3@YAXPAX@Z               0040b9ea f   mfc140d:mfc140d.dll
 0001:0000a9f0       ?OnHelp@CWinApp@@IAEXXZ    0040b9f0 f   mfc140d:mfc140d.dll
 0001:0000a9f6       ?GetThisMessageMap@CWinApp@@KGPBUAFX_MSGMAP@@XZ 0040b9f6 f   mfc140d:mfc140d.dll
 0001:0000a9fc       ?OnCmdMsg@CCmdTarget@@UAEHIHPAXPAUAFX_CMDHANDLERINFO@@@Z 0040b9fc f   mfc140d:mfc140d.dll
 0001:0000aa02       ?OnFinalRelease@CCmdTarget@@UAEXXZ 0040ba02 f   mfc140d:mfc140d.dll
 0001:0000aa08       ?GetInterfaceMap@CCmdTarget@@MBEPBUAFX_INTERFACEMAP@@XZ 0040ba08 f   mfc140d:mfc140d.dll
 0001:0000aa0e       ??1CButton@@UAE@XZ         0040ba0e f   mfc140d:mfc140d.dll
 0001:0000aa14       ??1CEdit@@UAE@XZ           0040ba14 f   mfc140d:mfc140d.dll
 0001:0000aa1a       ?PreTranslateMessage@CWinThread@@UAEHPAUtagMSG@@@Z 0040ba1a f   mfc140d:mfc140d.dll
 0001:0000aa20       ?PumpMessage@CWinThread@@UAEHXZ 0040ba20 f   mfc140d:mfc140d.dll
 0001:0000aa26       ?IsIdleMessage@CWinThread@@UAEHPAUtagMSG@@@Z 0040ba26 f   mfc140d:mfc140d.dll
 0001:0000aa2c       ?ProcessMessageFilter@CWinThread@@UAEHHPAUtagMSG@@@Z 0040ba2c f   mfc140d:mfc140d.dll
 0001:0000aa32       ?GetMainWnd@CWinThread@@UAEPAVCWnd@@XZ 0040ba32 f   mfc140d:mfc140d.dll
 0001:0000aa38       ?Delete@CWinThread@@UAEXXZ 0040ba38 f   mfc140d:mfc140d.dll
 0001:0000aa3e       ?GetRuntimeClass@CWinApp@@UBEPAUCRuntimeClass@@XZ 0040ba3e f   mfc140d:mfc140d.dll
 0001:0000aa44       ??0CWinApp@@QAE@PBD@Z      0040ba44 f   mfc140d:mfc140d.dll
 0001:0000aa4a       ?GetProfileIntA@CWinApp@@UAEIPBD0H@Z 0040ba4a f   mfc140d:mfc140d.dll
 0001:0000aa50       ?WriteProfileInt@CWinApp@@UAEHPBD0H@Z 0040ba50 f   mfc140d:mfc140d.dll
 0001:0000aa56       ?GetProfileStringA@CWinApp@@UAE?AV?$CStringT@DV?$StrTraitMFC_DLL@DV?$ChTraitsCRT@D@ATL@@@@@ATL@@PBD00@Z 0040ba56 f   mfc140d:mfc140d.dll
 0001:0000aa5c       ?WriteProfileStringA@CWinApp@@UAEHPBD00@Z 0040ba5c f   mfc140d:mfc140d.dll
 0001:0000aa62       ?GetProfileBinary@CWinApp@@UAEHPBD0PAPAEPAI@Z 0040ba62 f   mfc140d:mfc140d.dll
 0001:0000aa68       ?WriteProfileBinary@CWinApp@@UAEHPBD0PAEI@Z 0040ba68 f   mfc140d:mfc140d.dll
 0001:0000aa6e       ?InitLibId@CWinApp@@UAEXXZ 0040ba6e f   mfc140d:mfc140d.dll
 0001:0000aa74       ?Register@CWinApp@@UAEHXZ  0040ba74 f   mfc140d:mfc140d.dll
 0001:0000aa7a       ?Unregister@CWinApp@@UAEHXZ 0040ba7a f   mfc140d:mfc140d.dll
 0001:0000aa80       ?OpenDocumentFile@CWinApp@@UAEPAVCDocument@@PBD@Z 0040ba80 f   mfc140d:mfc140d.dll
 0001:0000aa86       ?OpenDocumentFile@CWinApp@@UAEPAVCDocument@@PBDH@Z 0040ba86 f   mfc140d:mfc140d.dll
 0001:0000aa8c       ?AddToRecentFileList@CWinApp@@UAEXPBD@Z 0040ba8c f   mfc140d:mfc140d.dll
 0001:0000aa92       ?InitApplication@CWinApp@@UAEHXZ 0040ba92 f   mfc140d:mfc140d.dll
 0001:0000aa98       ?SaveAllModified@CWinApp@@UAEHXZ 0040ba98 f   mfc140d:mfc140d.dll
 0001:0000aa9e       ?DoMessageBox@CWinApp@@UAEHPBDII@Z 0040ba9e f   mfc140d:mfc140d.dll
 0001:0000aaa4       ?DoWaitCursor@CWinApp@@UAEXH@Z 0040baa4 f   mfc140d:mfc140d.dll
 0001:0000aaaa       ?OnDDECommand@CWinApp@@UAEHPAD@Z 0040baaa f   mfc140d:mfc140d.dll
 0001:0000aab0       ?WinHelpA@CWinApp@@UAEXKI@Z 0040bab0 f   mfc140d:mfc140d.dll
 0001:0000aab6       ?HtmlHelpA@CWinApp@@UAEXKI@Z 0040bab6 f   mfc140d:mfc140d.dll
 0001:0000aabc       ?WinHelpInternal@CWinApp@@UAEXKI@Z 0040babc f   mfc140d:mfc140d.dll
 0001:0000aac2       ?RegisterWithRestartManager@CWinApp@@UAEJHABV?$CStringT@DV?$StrTraitMFC_DLL@DV?$ChTraitsCRT@D@ATL@@@@@ATL@@@Z 0040bac2 f   mfc140d:mfc140d.dll
 0001:0000aac8       ?RegisterWithRestartManager@CWinApp@@UAEJPB_WKP6GKPAX@Z1KK@Z 0040bac8 f   mfc140d:mfc140d.dll
 0001:0000aace       ?ApplicationRecoveryCallback@CWinApp@@UAEKPAX@Z 0040bace f   mfc140d:mfc140d.dll
 0001:0000aad4       ?GetDataRecoveryHandler@CWinApp@@UAEPAVCDataRecoveryHandler@@XZ 0040bad4 f   mfc140d:mfc140d.dll
 0001:0000aada       ?IsTaskbarInteractionEnabled@CWinApp@@UAEHXZ 0040bada f   mfc140d:mfc140d.dll
 0001:0000aae0       ?ExitInstance@CWinApp@@UAEHXZ 0040bae0 f   mfc140d:mfc140d.dll
 0001:0000aae6       ?RestartInstance@CWinApp@@UAEHXZ 0040bae6 f   mfc140d:mfc140d.dll
 0001:0000aaec       ?Run@CWinApp@@UAEHXZ       0040baec f   mfc140d:mfc140d.dll
 0001:0000aaf2       ?OnIdle@CWinApp@@UAEHJ@Z   0040baf2 f   mfc140d:mfc140d.dll
 0001:0000aaf8       ?ProcessWndProcException@CWinApp@@UAEJPAVCException@@PBUtagMSG@@@Z 0040baf8 f   mfc140d:mfc140d.dll
 0001:0000aafe       ?LoadAppLangResourceDLL@CWinApp@@UAEPAUHINSTANCE__@@XZ 0040bafe f   mfc140d:mfc140d.dll
 0001:0000ab04       ??1CWinApp@@UAE@XZ         0040bb04 f   mfc140d:mfc140d.dll
 0001:0000ab0a       ?AssertValid@CWinApp@@UBEXXZ 0040bb0a f   mfc140d:mfc140d.dll
 0001:0000ab10       ?Dump@CWinApp@@UBEXAAVCDumpContext@@@Z 0040bb10 f   mfc140d:mfc140d.dll
 0001:0000ab16       ?LoadSysPolicies@CWinApp@@UAEHXZ 0040bb16 f   mfc140d:mfc140d.dll
 0001:0000ab1c       ?AfxGetResourceHandle@@YGPAUHINSTANCE__@@XZ 0040bb1c f   mfc140d:mfc140d.dll
 0001:0000ab22       ?GetLength@?$CSimpleStringT@D$00@ATL@@QBEHXZ 0040bb22 f   mfc140d:mfc140d.dll
 0001:0000ab28       ??0?$CStringT@DV?$StrTraitMFC_DLL@DV?$ChTraitsCRT@D@ATL@@@@@ATL@@QAE@ABV01@@Z 0040bb28 f   mfc140d:mfc140d.dll
 0001:0000ab2e       ??0?$CStringT@DV?$StrTraitMFC_DLL@DV?$ChTraitsCRT@D@ATL@@@@@ATL@@QAE@PBD@Z 0040bb2e f   mfc140d:mfc140d.dll
 0001:0000ab34       ?Find@?$CStringT@DV?$StrTraitMFC_DLL@DV?$ChTraitsCRT@D@ATL@@@@@ATL@@QBEHDH@Z 0040bb34 f   mfc140d:mfc140d.dll
 0001:0000ab3a       ?TrimLeft@?$CStringT@DV?$StrTraitMFC_DLL@DV?$ChTraitsCRT@D@ATL@@@@@ATL@@QAEAAV12@XZ 0040bb3a f   mfc140d:mfc140d.dll
 0001:0000ab40       ?Mid@?$CStringT@DV?$StrTraitMFC_DLL@DV?$ChTraitsCRT@D@ATL@@@@@ATL@@QBE?AV12@H@Z 0040bb40 f   mfc140d:mfc140d.dll
 0001:0000ab46       ?Left@?$CStringT@DV?$StrTraitMFC_DLL@DV?$ChTraitsCRT@D@ATL@@@@@ATL@@QBE?AV12@H@Z 0040bb46 f   mfc140d:mfc140d.dll
 0001:0000ab4c       ??0CMenu@@QAE@XZ           0040bb4c f   mfc140d:mfc140d.dll
 0001:0000ab52       ?LoadMenuA@CMenu@@QAEHPBD@Z 0040bb52 f   mfc140d:mfc140d.dll
 0001:0000ab58       ?TrackPopupMenu@CMenu@@QAEHIHHPAVCWnd@@PBUtagRECT@@@Z 0040bb58 f   mfc140d:mfc140d.dll
 0001:0000ab5e       ?CheckMenuItem@CMenu@@QAEIII@Z 0040bb5e f   mfc140d:mfc140d.dll
 0001:0000ab64       ?GetSubMenu@CMenu@@QBEPAV1@H@Z 0040bb64 f   mfc140d:mfc140d.dll
 0001:0000ab6a       ??1CMenu@@UAE@XZ           0040bb6a f   mfc140d:mfc140d.dll
 0001:0000ab70       ?DDX_Control@@YGXPAVCDataExchange@@HAAVCWnd@@@Z 0040bb70 f   mfc140d:mfc140d.dll
 0001:0000ab76       ?ModifyStyle@CWnd@@QAEHKKI@Z 0040bb76 f   mfc140d:mfc140d.dll
 0001:0000ab7c       ?GetClientRect@CWnd@@QBEXPAUtagRECT@@@Z 0040bb7c f   mfc140d:mfc140d.dll
 0001:0000ab82       ?MessageBoxA@CWnd@@QAEHPBD0I@Z 0040bb82 f   mfc140d:mfc140d.dll
 0001:0000ab88       ?OnGetMinMaxInfo@CWnd@@IAEXPAUtagMINMAXINFO@@@Z 0040bb88 f   mfc140d:mfc140d.dll
 0001:0000ab8e       ?OnSize@CWnd@@IAEXIHH@Z    0040bb8e f   mfc140d:mfc140d.dll
 0001:0000ab94       ?OnSysCommand@CWnd@@IAEXIJ@Z 0040bb94 f   mfc140d:mfc140d.dll
 0001:0000ab9a       ??0CButton@@QAE@XZ         0040bb9a f   mfc140d:mfc140d.dll
 0001:0000aba0       ??0CEdit@@QAE@XZ           0040bba0 f   mfc140d:mfc140d.dll
 0001:0000abb0       ??$AtlAdd@H@ATL@@YAJPAHHH@Z 0040bbb0 f i mfcs140d:nolib.obj
 0001:0000ac00       ??$AtlAdd@I@ATL@@YAJPAIII@Z 0040bc00 f i mfcs140d:nolib.obj
 0001:0000ac40       ??$AtlAdd@K@ATL@@YAJPAKKK@Z 0040bc40 f i mfcs140d:nolib.obj
 0001:0000ac80       ??$AtlMultiply@I@ATL@@YAJPAIII@Z 0040bc80 f i mfcs140d:nolib.obj
 0001:0000acf0       ??$AtlMultiply@K@ATL@@YAJPAKKK@Z 0040bcf0 f i mfcs140d:nolib.obj
 0001:0000ad60       ??1CComBSTR@ATL@@QAE@XZ    0040bd60 f i mfcs140d:nolib.obj
 0001:0000ada0       ??1stringdispid@CComTypeInfoHolder@ATL@@QAE@XZ 0040bda0 f i mfcs140d:nolib.obj
 0001:0000add0       ??_Estringdispid@CComTypeInfoHolder@ATL@@QAEPAXI@Z 0040bdd0 f i mfcs140d:nolib.obj
 0001:0000aec0       ?Allocate@CCRTAllocator@ATL@@SAPAXI@Z 0040bec0 f i mfcs140d:nolib.obj
 0001:0000aef0       ?Free@CCRTAllocator@ATL@@SAXPAX@Z 0040bef0 f i mfcs140d:nolib.obj
 0001:0000af20       ?GetCategoryName@CTrace@ATL@@CAPA_WI@Z 0040bf20 f i mfcs140d:nolib.obj
 0001:0000af90       ?GetInstance@CAtlStringMgr@ATL@@SAPAUIAtlStringMgr@2@XZ 0040bf90 f i mfcs140d:nolib.obj
 0001:0000b040       ?RegisterCategory@CTrace@ATL@@SAXPBDI@Z 0040c040 f i mfcs140d:nolib.obj
 0001:0000b1d0       ?_AtlRaiseException@ATL@@YAXKK@Z 0040c1d0 f i mfcs140d:nolib.obj
 0001:0000b210       _HRESULT_FROM_WIN32        0040c210 f i mfcs140d:nolib.obj
 0001:0000b260       _IsolationAwareActivateActCtx@8 0040c260 f i mfcs140d:nolib.obj
 0001:0000b320       _IsolationAwareCreateActCtxW@4 0040c320 f i mfcs140d:nolib.obj
 0001:0000b3e0       _IsolationAwareDeactivateActCtx@8 0040c3e0 f i mfcs140d:nolib.obj
 0001:0000b4a0       _IsolationAwareFindActCtxSectionStringW@20 0040c4a0 f i mfcs140d:nolib.obj
 0001:0000b570       _IsolationAwarePrivatenPgViNgRzlnPgpgk@4 0040c570 f i mfcs140d:nolib.obj
 0001:0000b690       _IsolationAwarePrivatezltRgCebPnQQeRff@12 0040c690 f i mfcs140d:nolib.obj
 0001:0000b760       _IsolationAwarePrivatezltRgzbQhYRuNaQYRJ@4 0040c760 f i mfcs140d:nolib.obj
 0001:0000b790       _IsolationAwarePrivatezltRgzbQhYRuNaQYRn@4 0040c790 f i mfcs140d:nolib.obj
 0001:0000b7c0       _IsolationAwareQueryActCtxW@28 0040c7c0 f i mfcs140d:nolib.obj
 0001:0000b8a0       _IsolationAwareUnregisterClassA@8 0040c8a0 f i mfcs140d:nolib.obj
 0001:0000bab0       _WinbaseIsolationAwarePrivatetRgCebPnQQeRff_xReaRYQP_QYY@4 0040cab0 f i mfcs140d:nolib.obj
 0001:0000bae0       _WinbaseIsolationAwarePrivatetRgzlnPgpgk@0 0040cae0 f i mfcs140d:nolib.obj
 0001:0000bf30       @__security_check_cookie@4 0040cf30 f   msvcrtd:secchk.obj
 0001:0000bf50       ??1type_info@@UAE@XZ       0040cf50 f   msvcrtd:std_type_info_static.obj
 0001:0000bf70       ??_Gtype_info@@UAEPAXI@Z   0040cf70 f i msvcrtd:std_type_info_static.obj
 0001:0000bf70       ??_Etype_info@@UAEPAXI@Z   0040cf70 f i msvcrtd:std_type_info_static.obj
 0001:0000bfb0       ?configure_argv@__scrt_narrow_argv_policy@@SAHXZ 0040cfb0 f i msvcrtd:utility.obj
 0001:0000c080       ?initialize_environment@__scrt_narrow_environment_policy@@SAHXZ 0040d080 f i msvcrtd:utility.obj
 0001:0000c120       _NtCurrentTeb              0040d120 f i msvcrtd:utility.obj
 0001:0000c130       ___scrt_acquire_startup_lock 0040d130 f   msvcrtd:utility.obj
 0001:0000c190       ___scrt_dllmain_after_initialize_c 0040d190 f   msvcrtd:utility.obj
 0001:0000c1d0       ___scrt_dllmain_before_initialize_c 0040d1d0 f   msvcrtd:utility.obj
 0001:0000c200       ___scrt_dllmain_crt_thread_attach 0040d200 f   msvcrtd:utility.obj
 0001:0000c240       ___scrt_dllmain_crt_thread_detach 0040d240 f   msvcrtd:utility.obj
 0001:0000c260       ___scrt_dllmain_exception_filter 0040d260 f   msvcrtd:utility.obj
 0001:0000c2c0       ___scrt_dllmain_uninitialize_c 0040d2c0 f   msvcrtd:utility.obj
 0001:0000c300       ___scrt_dllmain_uninitialize_critical 0040d300 f   msvcrtd:utility.obj
 0001:0000c320       ___scrt_initialize_crt     0040d320 f   msvcrtd:utility.obj
 0001:0000c380       ___scrt_initialize_onexit_tables 0040d380 f   msvcrtd:utility.obj
 0001:0000c490       ___scrt_is_nonwritable_in_current_image 0040d490 f   msvcrtd:utility.obj
 0001:0000c610       ___scrt_release_startup_lock 0040d610 f   msvcrtd:utility.obj
 0001:0000c640       ___scrt_uninitialize_crt   0040d640 f   msvcrtd:utility.obj
 0001:0000c690       __onexit                   0040d690 f   msvcrtd:utility.obj
 0001:0000c710       _at_quick_exit             0040d710 f   msvcrtd:utility.obj
 0001:0000c760       _atexit                    0040d760 f   msvcrtd:utility.obj
 0001:0000c7a0       ??3@YAXPAXI@Z              0040d7a0 f   msvcrtd:delete_scalar_size.obj
 0001:0000c910       __Init_thread_abort        0040d910 f   msvcrtd:thread_safe_statics.obj
 0001:0000c940       __Init_thread_footer       0040d940 f   msvcrtd:thread_safe_statics.obj
 0001:0000c9a0       __Init_thread_header       0040d9a0 f   msvcrtd:thread_safe_statics.obj
 0001:0000ca30       __Init_thread_lock         0040da30 f   msvcrtd:thread_safe_statics.obj
 0001:0000ca50       __Init_thread_notify       0040da50 f   msvcrtd:thread_safe_statics.obj
 0001:0000cab0       __Init_thread_unlock       0040dab0 f   msvcrtd:thread_safe_statics.obj
 0001:0000cad0       __Init_thread_wait         0040dad0 f   msvcrtd:thread_safe_statics.obj
 0001:0000cf90       ?set_app_type@__scrt_winmain_policy@@SAXXZ 0040df90 f i msvcrtd:exe_winmain.obj
 0001:0000cfb0       ?set_commode@__scrt_file_policy@@SAXXZ 0040dfb0 f i msvcrtd:exe_winmain.obj
 0001:0000cfd0       ?set_fmode@__scrt_file_policy@@SAXXZ 0040dfd0 f i msvcrtd:exe_winmain.obj
 0001:0000cff0       _WinMainCRTStartup         0040dff0 f   msvcrtd:exe_winmain.obj
 0001:0000d000       ??_M@YGXPAXIHP6EX0@Z@Z     0040e000 f   msvcrtd:ehvecdtr.obj
 0001:0000d030       ??_M@YGXPAXIIP6EX0@Z@Z     0040e030 f   msvcrtd:ehvecdtr.obj
 0001:0000d190       ?__ArrayUnwind@@YGXPAXIIP6EX0@Z@Z 0040e190 f   msvcrtd:ehvecdtr.obj
 0001:0000d270       ??_V@YAXPAXI@Z             0040e270 f   msvcrtd:delete_array_size.obj
 0001:0000d290       @_RTC_AllocaHelper@12      0040e290 f   msvcrtd:stack.obj
 0001:0000d2d0       @_RTC_CheckStackVars2@12   0040e2d0 f   msvcrtd:stack.obj
 0001:0000d3e0       @_RTC_CheckStackVars@8     0040e3e0 f   msvcrtd:stack.obj
 0001:0000d450       __RTC_CheckEsp             0040e450 f   msvcrtd:stack.obj
 0001:0000d490       __CRT_RTC_INIT             0040e490 f   msvcrtd:init.obj
 0001:0000d4a0       __CRT_RTC_INITW            0040e4a0 f   msvcrtd:init.obj
 0001:0000d4b0       __RTC_InitBase             0040e4b0 f   msvcrtd:init.obj
 0001:0000d4f0       __RTC_Shutdown             0040e4f0 f   msvcrtd:init.obj
 0001:0000d510       __except_handler4          0040e510 f   msvcrtd:chandler4gs.obj
 0001:0000d560       @_guard_check_icall_nop@4  0040e560 f i msvcrtd:guard_support.obj
 0001:0000d570       _ReadNoFence               0040e570 f i msvcrtd:guard_support.obj
 0001:0000d590       _ReadPointerNoFence        0040e590 f i msvcrtd:guard_support.obj
 0001:0000d5b0       ___castguard_check_failure_debugbreak 0040e5b0 f i msvcrtd:guard_support.obj
 0001:0000d5d0       ___castguard_check_failure_fastfail 0040e5d0 f i msvcrtd:guard_support.obj
 0001:0000d600       ___castguard_check_failure_nop 0040e600 f i msvcrtd:guard_support.obj
 0001:0000d610       ___castguard_check_failure_os_handled 0040e610 f i msvcrtd:guard_support.obj
 0001:0000d6b0       ___castguard_slow_path_check_debugbreak 0040e6b0 f i msvcrtd:guard_support.obj
 0001:0000d6f0       ___castguard_slow_path_check_fastfail 0040e6f0 f i msvcrtd:guard_support.obj
 0001:0000d740       ___castguard_slow_path_check_nop 0040e740 f i msvcrtd:guard_support.obj
 0001:0000d750       ___castguard_slow_path_check_os_handled 0040e750 f i msvcrtd:guard_support.obj
 0001:0000d810       __guard_icall_checks_enforced 0040e810 f i msvcrtd:guard_support.obj
 0001:0000d850       ___raise_securityfailure   0040e850 f   msvcrtd:gs_report.obj
 0001:0000d890       ___report_gsfailure        0040e890 f   msvcrtd:gs_report.obj
 0001:0000d9e0       ___report_rangecheckfailure 0040e9e0 f   msvcrtd:gs_report.obj
 0001:0000d9f0       ___report_securityfailure  0040e9f0 f   msvcrtd:gs_report.obj
 0001:0000db00       ___report_securityfailureEx 0040eb00 f   msvcrtd:gs_report.obj
 0001:0000dc70       ___isa_available_init      0040ec70 f   msvcrtd:cpu_disp.obj
 0001:0000e070       __get_startup_argv_mode    0040f070 f   msvcrtd:argv_mode.obj
 0001:0000e080       ___scrt_is_ucrt_dll_in_use 0040f080 f   msvcrtd:ucrt_detection.obj
 0001:0000e0b0       ___scrt_fastfail           0040f0b0 f   msvcrtd:utility_desktop.obj
 0001:0000e240       ___scrt_get_show_window_mode 0040f240 f   msvcrtd:utility_desktop.obj
 0001:0000e290       ___scrt_initialize_mta     0040f290 f   msvcrtd:utility_desktop.obj
 0001:0000e2a0       ___scrt_initialize_winrt   0040f2a0 f   msvcrtd:utility_desktop.obj
 0001:0000e2b0       ___scrt_is_managed_app     0040f2b0 f   msvcrtd:utility_desktop.obj
 0001:0000e360       ___scrt_set_unhandled_exception_filter 0040f360 f   msvcrtd:utility_desktop.obj
 0001:0000e380       ___scrt_stub_for_initialize_mta 0040f380 f   msvcrtd:utility_desktop.obj
 0001:0000e380       ___scrt_exe_initialize_mta 0040f380 f   msvcrtd:utility_desktop.obj
 0001:0000e390       ___scrt_unhandled_exception_filter@4 0040f390 f   msvcrtd:utility_desktop.obj
 0001:0000e430       __crt_debugger_hook        0040f430 f   msvcrtd:utility_desktop.obj
 0001:0000e4e0       ___security_init_cookie    0040f4e0 f   msvcrtd:gs_support.obj
 0001:0000e580       __matherr                  0040f580 f   msvcrtd:matherr.obj
 0001:0000e590       __get_startup_commit_mode  0040f590 f   msvcrtd:commit_mode.obj
 0001:0000e5a0       __get_startup_file_mode    0040f5a0 f   msvcrtd:file_mode.obj
 0001:0000e5b0       __get_startup_new_mode     0040f5b0 f   msvcrtd:new_mode.obj
 0001:0000e5c0       __get_startup_thread_locale_mode 0040f5c0 f   msvcrtd:thread_locale.obj
 0001:0000e5d0       ?__scrt_initialize_type_info@@YAXXZ 0040f5d0 f   msvcrtd:tncleanup.obj
 0001:0000e5f0       ?__scrt_uninitialize_type_info@@YAXXZ 0040f5f0 f   msvcrtd:tncleanup.obj
 0001:0000e610       __should_initialize_environment 0040f610 f   msvcrtd:env_mode.obj
 0001:0000e620       __initialize_default_precision 0040f620 f   msvcrtd:default_precision.obj
 0001:0000e650       __initialize_invalid_parameter_handler 0040f650 f   msvcrtd:invalid_parameter_handler.obj
 0001:0000e660       __initialize_denormal_control 0040f660 f   msvcrtd:denormal_control.obj
 0001:0000e670       ___local_stdio_scanf_options 0040f670 f i msvcrtd:default_local_stdio_options.obj
 0001:0000e680       ___scrt_initialize_default_local_stdio_options 0040f680 f   msvcrtd:default_local_stdio_options.obj
 0001:0000e6d0       ___scrt_is_user_matherr_present 0040f6d0 f   msvcrtd:matherr_detection.obj
 0001:0000e700       ___scrt_get_dyn_tls_init_callback 0040f700 f   msvcrtd:dyn_tls_init.obj
 0001:0000e710       ___scrt_get_dyn_tls_dtor_callback 0040f710 f   msvcrtd:dyn_tls_dtor.obj
 0001:0000e720       __RTC_Initialize           0040f720 f   msvcrtd:initsect.obj
 0001:0000e760       __RTC_Terminate            0040f760 f   msvcrtd:initsect.obj
 0001:0000e7a0       ??_V@YAXPAX@Z              0040f7a0 f   msvcrtd:delete_array.obj
 0001:0000e870       ?_RTC_AllocaFailure@@YAXPAXPAU_RTC_ALLOCA_NODE@@H@Z 0040f870 f   msvcrtd:error.obj
 0001:0000e990       ?_RTC_Failure@@YAXPAXH@Z   0040f990 f   msvcrtd:error.obj
 0001:0000ea00       ?_RTC_StackFailure@@YAXPAXPBD@Z 0040fa00 f   msvcrtd:error.obj
 0001:0000eeb0       __RTC_UninitUse            0040feb0 f   msvcrtd:error.obj
 0001:0000ef90       __vsprintf_s_l             0040ff90 f i msvcrtd:error.obj
 0001:0000efd0       _sprintf_s                 0040ffd0 f i msvcrtd:error.obj
 0001:0000f000       ?_RTC_GetErrorFunc@@YAP6AHHPBDH00ZZPBX@Z 00410000 f   msvcrtd:userapi.obj
 0001:0000f010       ?_RTC_GetErrorFuncW@@YAP6AHHPB_WH00ZZPBX@Z 00410010 f   msvcrtd:userapi.obj
 0001:0000f020       __RTC_GetErrDesc           00410020 f   msvcrtd:userapi.obj
 0001:0000f040       __RTC_NumErrors            00410040 f   msvcrtd:userapi.obj
 0001:0000f050       __RTC_SetErrorFunc         00410050 f   msvcrtd:userapi.obj
 0001:0000f080       __RTC_SetErrorFuncW        00410080 f   msvcrtd:userapi.obj
 0001:0000f0b0       __RTC_SetErrorType         004100b0 f   msvcrtd:userapi.obj
 0001:0000f670       ?_RTC_GetSrcLine@@YAHPAEPA_WKPAH1K@Z 00410670 f   msvcrtd:pdblkup.obj
 0001:0000fad0       __except_handler4_noexcept 00410ad0 f   msvcrtd:chandler4_noexcept.obj
 0001:0000fb41       _GetTickCount@0            00410b41 f   kernel32:KERNEL32.dll
 0001:0000fb47       _DecodePointer@4           00410b47 f   kernel32:KERNEL32.dll
 0001:0000fb4d       _RaiseException@16         00410b4d f   kernel32:KERNEL32.dll
 0001:0000fb53       _GetLastError@0            00410b53 f   kernel32:KERNEL32.dll
 0001:0000fb59       _SetLastError@4            00410b59 f   kernel32:KERNEL32.dll
 0001:0000fb5f       _HeapDestroy@4             00410b5f f   kernel32:KERNEL32.dll
 0001:0000fb65       _HeapAlloc@12              00410b65 f   kernel32:KERNEL32.dll
 0001:0000fb6b       _HeapReAlloc@16            00410b6b f   kernel32:KERNEL32.dll
 0001:0000fb71       _HeapFree@12               00410b71 f   kernel32:KERNEL32.dll
 0001:0000fb77       _HeapSize@12               00410b77 f   kernel32:KERNEL32.dll
 0001:0000fb7d       _GetProcessHeap@0          00410b7d f   kernel32:KERNEL32.dll
 0001:0000fb83       _InitializeCriticalSectionEx@12 00410b83 f   kernel32:KERNEL32.dll
 0001:0000fb89       _DeleteCriticalSection@4   00410b89 f   kernel32:KERNEL32.dll
 0001:0000fb8f       _MultiByteToWideChar@24    00410b8f f   kernel32:KERNEL32.dll
 0001:0000fb95       _OutputDebugStringA@4      00410b95 f   kernel32:KERNEL32.dll
 0001:0000fb9b       _InitializeCriticalSectionAndSpinCount@8 00410b9b f   kernel32:KERNEL32.dll
 0001:0000fba1       _GetModuleFileNameW@12     00410ba1 f   kernel32:KERNEL32.dll
 0001:0000fba7       _GetModuleHandleA@4        00410ba7 f   kernel32:KERNEL32.dll
 0001:0000fbad       _GetModuleHandleW@4        00410bad f   kernel32:KERNEL32.dll
 0001:0000fbb3       _GetProcAddress@8          00410bb3 f   kernel32:KERNEL32.dll
 0001:0000fbb9       _LoadLibraryW@4            00410bb9 f   kernel32:KERNEL32.dll
 0001:0000fbbf       _CloseHandle@4             00410bbf f   kernel32:KERNEL32.dll
 0001:0000fbc5       _EnterCriticalSection@4    00410bc5 f   kernel32:KERNEL32.dll
 0001:0000fbcb       _LeaveCriticalSection@4    00410bcb f   kernel32:KERNEL32.dll
 0001:0000fbd1       _SetEvent@4                00410bd1 f   kernel32:KERNEL32.dll
 0001:0000fbd7       _ResetEvent@4              00410bd7 f   kernel32:KERNEL32.dll
 0001:0000fbdd       _WaitForSingleObjectEx@12  00410bdd f   kernel32:KERNEL32.dll
 0001:0000fbe3       _CreateEventW@16           00410be3 f   kernel32:KERNEL32.dll
 0001:0000fbe9       _UnhandledExceptionFilter@4 00410be9 f   kernel32:KERNEL32.dll
 0001:0000fbef       _SetUnhandledExceptionFilter@4 00410bef f   kernel32:KERNEL32.dll
 0001:0000fbf5       _GetCurrentProcess@0       00410bf5 f   kernel32:KERNEL32.dll
 0001:0000fbfb       _TerminateProcess@8        00410bfb f   kernel32:KERNEL32.dll
 0001:0000fc01       _IsProcessorFeaturePresent@4 00410c01 f   kernel32:KERNEL32.dll
 0001:0000fc07       _IsDebuggerPresent@0       00410c07 f   kernel32:KERNEL32.dll
 0001:0000fc0d       _GetStartupInfoW@4         00410c0d f   kernel32:KERNEL32.dll
 0001:0000fc13       _QueryPerformanceCounter@4 00410c13 f   kernel32:KERNEL32.dll
 0001:0000fc19       _GetCurrentProcessId@0     00410c19 f   kernel32:KERNEL32.dll
 0001:0000fc1f       _GetCurrentThreadId@0      00410c1f f   kernel32:KERNEL32.dll
 0001:0000fc25       _GetSystemTimeAsFileTime@4 00410c25 f   kernel32:KERNEL32.dll
 0001:0000fc2b       _InitializeSListHead@4     00410c2b f   kernel32:KERNEL32.dll
 0001:0000fc31       _WideCharToMultiByte@32    00410c31 f   kernel32:KERNEL32.dll
 0001:0000fc37       _VirtualQuery@12           00410c37 f   kernel32:KERNEL32.dll
 0001:0000fc3d       _FreeLibrary@4             00410c3d f   kernel32:KERNEL32.dll
 0001:0000fc43       _RegisterWindowMessageA@4  00410c43 f   user32:USER32.dll
 0001:0000fc49       _PeekMessageA@20           00410c49 f   user32:USER32.dll
 0001:0000fc4f       _GetMessagePos@0           00410c4f f   user32:USER32.dll
 0001:0000fc55       _PostQuitMessage@4         00410c55 f   user32:USER32.dll
 0001:0000fc5b       _IsWindow@4                00410c5b f   user32:USER32.dll
 0001:0000fc61       _GetKeyState@4             00410c61 f   user32:USER32.dll
 0001:0000fc67       _GetAsyncKeyState@4        00410c67 f   user32:USER32.dll
 0001:0000fc6d       _GetSystemMetrics@4        00410c6d f   user32:USER32.dll
 0001:0000fc73       _AdjustWindowRectEx@16     00410c73 f   user32:USER32.dll
 0001:0000fc79       _MessageBoxA@16            00410c79 f   user32:USER32.dll
 0001:0000fc7f       _SetRectEmpty@4            00410c7f f   user32:USER32.dll
 0001:0000fc85       _CopyRect@8                00410c85 f   user32:USER32.dll
 0001:0000fc8b       _InflateRect@12            00410c8b f   user32:USER32.dll
 0001:0000fc91       _EqualRect@8               00410c91 f   user32:USER32.dll
 0001:0000fc97       _PtInRect@12               00410c97 f   user32:USER32.dll
 0001:0000fc9d       _SystemParametersInfoA@16  00410c9d f   user32:USER32.dll
 0001:0000fca3       _MessageBoxIndirectA@4     00410ca3 f   user32:USER32.dll
 0001:0000fca9       _UnregisterClassA@8        00410ca9 f   user32:USER32.dll
 0001:0000fcaf       _RegCloseKey@4             00410caf f   advapi32:ADVAPI32.dll
 0001:0000fcb5       _RegCreateKeyExA@36        00410cb5 f   advapi32:ADVAPI32.dll
 0001:0000fcbb       _RegOpenKeyExA@20          00410cbb f   advapi32:ADVAPI32.dll
 0001:0000fcc1       _RegQueryValueExA@24       00410cc1 f   advapi32:ADVAPI32.dll
 0001:0000fcc7       _RegSetValueExA@24         00410cc7 f   advapi32:ADVAPI32.dll
 0001:0000fccd       _SHAppBarMessage@8         00410ccd f   shell32:SHELL32.dll
 0001:0000fcd3       _ShellExecuteA@24          00410cd3 f   shell32:SHELL32.dll
 0001:0000fcd9       ??$?2PAUHINSTANCE__@@@Wrapper@?$CSimpleArray@PAUHINSTANCE__@@V?$CSimpleArrayEqualHelper@PAUHINSTANCE__@@@ATL@@@ATL@@SAPAXIPAPAUHINSTANCE__@@@Z 00410cd9 f i atls:atlbase.obj
 0001:0000fce3       ??0?$CComCritSecLock@VCComCriticalSection@ATL@@@ATL@@QAE@AAVCComCriticalSection@1@_N@Z 00410ce3 f i atls:atlbase.obj
 0001:0000fd13       ??0?$CSimpleArray@PAUHINSTANCE__@@V?$CSimpleArrayEqualHelper@PAUHINSTANCE__@@@ATL@@@ATL@@QAE@XZ 00410d13 f i atls:atlbase.obj
 0001:0000fd23       ??0CAtlBaseModule@ATL@@QAE@XZ 00410d23 f   atls:atlbase.obj
 0001:0000fd8a       ??0Wrapper@?$CSimpleArray@PAUHINSTANCE__@@V?$CSimpleArrayEqualHelper@PAUHINSTANCE__@@@ATL@@@ATL@@QAE@ABQAUHINSTANCE__@@@Z 00410d8a f i atls:atlbase.obj
 0001:0000fd9e       ??0_ATL_BASE_MODULE70@ATL@@QAE@XZ 00410d9e f i atls:atlbase.obj
 0001:0000fdc9       ??1?$CComCritSecLock@VCComCriticalSection@ATL@@@ATL@@QAE@XZ 00410dc9 f i atls:atlbase.obj
 0001:0000fde5       ??1?$CSimpleArray@PAUHINSTANCE__@@V?$CSimpleArrayEqualHelper@PAUHINSTANCE__@@@ATL@@@ATL@@QAE@XZ 00410de5 f i atls:atlbase.obj
 0001:0000fdea       ??1CAtlBaseModule@ATL@@QAE@XZ 00410dea f   atls:atlbase.obj
 0001:0000fe05       ??1_ATL_BASE_MODULE70@ATL@@QAE@XZ 00410e05 f i atls:atlbase.obj
 0001:0000fe0f       ??A?$CSimpleArray@PAUHINSTANCE__@@V?$CSimpleArrayEqualHelper@PAUHINSTANCE__@@@ATL@@@ATL@@QAEAAPAUHINSTANCE__@@H@Z 00410e0f f i atls:atlbase.obj
 0001:0000fe3d       ?Add@?$CSimpleArray@PAUHINSTANCE__@@V?$CSimpleArrayEqualHelper@PAUHINSTANCE__@@@ATL@@@ATL@@QAEHABQAUHINSTANCE__@@@Z 00410e3d f i atls:atlbase.obj
 0001:0000fedf       ?AddResourceInstance@CAtlBaseModule@ATL@@QAE_NPAUHINSTANCE__@@@Z 00410edf f   atls:atlbase.obj
 0001:0000ff1e       ?AtlCrtErrorCheck@ATL@@YAHH@Z 00410f1e f i atls:atlbase.obj
 0001:0000ff67       ?AtlThrowImpl@ATL@@YGXJ@Z  00410f67 f i atls:atlbase.obj
 0001:0000ff90       ?GetHInstanceAt@CAtlBaseModule@ATL@@QAEPAUHINSTANCE__@@H@Z 00410f90 f   atls:atlbase.obj
 0001:0000ffe6       ?GetSize@?$CSimpleArray@PAUHINSTANCE__@@V?$CSimpleArrayEqualHelper@PAUHINSTANCE__@@@ATL@@@ATL@@QBEHXZ 00410fe6 f i atls:atlbase.obj
 0001:0000ffea       ?InternalSetAtIndex@?$CSimpleArray@PAUHINSTANCE__@@V?$CSimpleArrayEqualHelper@PAUHINSTANCE__@@@ATL@@@ATL@@QAEXHABQAUHINSTANCE__@@@Z 00410fea f i atls:atlbase.obj
 0001:0001000a       ?Lock@?$CComCritSecLock@VCComCriticalSection@ATL@@@ATL@@QAEJXZ 0041100a f i atls:atlbase.obj
 0001:00010021       ?Lock@CComCriticalSection@ATL@@QAEJXZ 00411021 f i atls:atlbase.obj
 0001:0001002d       ?RemoveAll@?$CSimpleArray@PAUHINSTANCE__@@V?$CSimpleArrayEqualHelper@PAUHINSTANCE__@@@ATL@@@ATL@@QAEXXZ 0041102d f i atls:atlbase.obj
 0001:00010051       ?RemoveAt@?$CSimpleArray@PAUHINSTANCE__@@V?$CSimpleArrayEqualHelper@PAUHINSTANCE__@@@ATL@@@ATL@@QAEHH@Z 00411051 f i atls:atlbase.obj
 0001:000100b2       ?RemoveResourceInstance@CAtlBaseModule@ATL@@QAE_NPAUHINSTANCE__@@@Z 004110b2 f   atls:atlbase.obj
 0001:00010126       ?Unlock@?$CComCritSecLock@VCComCriticalSection@ATL@@@ATL@@QAEXXZ 00411126 f i atls:atlbase.obj
 0001:0001013b       ?Unlock@CComCriticalSection@ATL@@QAEJXZ 0041113b f i atls:atlbase.obj
 0001:00010147       ?memmove_s@Checked@ATL@@YAXPAXIPBXI@Z 00411147 f i atls:atlbase.obj
 0001:0001020b       ??0?$CTraceCategoryEx@$00$0A@@ATL@@QAE@PB_W@Z 0041120b f i atls:stdafx.obj
 0001:00010210       ??0?$CTraceCategoryEx@$01$0A@@ATL@@QAE@PB_W@Z 00411210 f i atls:stdafx.obj
 0001:00010215       ??0?$CTraceCategoryEx@$03$0A@@ATL@@QAE@PB_W@Z 00411215 f i atls:stdafx.obj
 0001:0001021a       ??0?$CTraceCategoryEx@$07$0A@@ATL@@QAE@PB_W@Z 0041121a f i atls:stdafx.obj
 0001:0001021f       ??0?$CTraceCategoryEx@$0BA@$0A@@ATL@@QAE@PB_W@Z 0041121f f i atls:stdafx.obj
 0001:00010224       ??0?$CTraceCategoryEx@$0BAA@$0A@@ATL@@QAE@PB_W@Z 00411224 f i atls:stdafx.obj
 0001:00010229       ??0?$CTraceCategoryEx@$0BAAA@$0A@@ATL@@QAE@PB_W@Z 00411229 f i atls:stdafx.obj
 0001:0001022e       ??0?$CTraceCategoryEx@$0BAAAA@$0A@@ATL@@QAE@PB_W@Z 0041122e f i atls:stdafx.obj
 0001:00010233       ??0?$CTraceCategoryEx@$0BAAAAA@$0A@@ATL@@QAE@PB_W@Z 00411233 f i atls:stdafx.obj
 0001:00010238       ??0?$CTraceCategoryEx@$0CA@$0A@@ATL@@QAE@PB_W@Z 00411238 f i atls:stdafx.obj
 0001:0001023d       ??0?$CTraceCategoryEx@$0CAA@$0A@@ATL@@QAE@PB_W@Z 0041123d f i atls:stdafx.obj
 0001:00010242       ??0?$CTraceCategoryEx@$0CAAA@$0A@@ATL@@QAE@PB_W@Z 00411242 f i atls:stdafx.obj
 0001:00010247       ??0?$CTraceCategoryEx@$0CAAAA@$0A@@ATL@@QAE@PB_W@Z 00411247 f i atls:stdafx.obj
 0001:0001024c       ??0?$CTraceCategoryEx@$0CAAAAA@$0A@@ATL@@QAE@PB_W@Z 0041124c f i atls:stdafx.obj
 0001:00010251       ??0?$CTraceCategoryEx@$0EA@$0A@@ATL@@QAE@PB_W@Z 00411251 f i atls:stdafx.obj
 0001:00010256       ??0?$CTraceCategoryEx@$0EAA@$0A@@ATL@@QAE@PB_W@Z 00411256 f i atls:stdafx.obj
 0001:0001025b       ??0?$CTraceCategoryEx@$0EAAA@$0A@@ATL@@QAE@PB_W@Z 0041125b f i atls:stdafx.obj
 0001:00010260       ??0?$CTraceCategoryEx@$0EAAAA@$0A@@ATL@@QAE@PB_W@Z 00411260 f i atls:stdafx.obj
 0001:00010265       ??0?$CTraceCategoryEx@$0EAAAAA@$0A@@ATL@@QAE@PB_W@Z 00411265 f i atls:stdafx.obj
 0001:0001026a       ??0?$CTraceCategoryEx@$0IA@$0A@@ATL@@QAE@PB_W@Z 0041126a f i atls:stdafx.obj
 0001:0001026f       ??0?$CTraceCategoryEx@$0IAA@$0A@@ATL@@QAE@PB_W@Z 0041126f f i atls:stdafx.obj
 0001:00010274       ??0?$CTraceCategoryEx@$0IAAA@$0A@@ATL@@QAE@PB_W@Z 00411274 f i atls:stdafx.obj
 0001:00010279       ??0?$CTraceCategoryEx@$0IAAAA@$0A@@ATL@@QAE@PB_W@Z 00411279 f i atls:stdafx.obj
 0001:0001027e       ??_I@YGXPAXIIP6EX0@Z@Z     0041127e f i atls:stdafx.obj
 0001:000102bd       _OleInitialize@4           004112bd f   ole32:ole32.dll
 0001:000102c3       _SysFreeString@4           004112c3 f   oleaut32:OLEAUT32.dll
 0001:000102c9       _memcpy                    004112c9 f   vcruntimed:VCRUNTIME140D.dll
 0001:000102cf       _memset                    004112cf f   vcruntimed:VCRUNTIME140D.dll
 0001:000102d5       ___CxxFrameHandler3        004112d5 f   vcruntimed:VCRUNTIME140D.dll
 0001:000102db       ___current_exception       004112db f   vcruntimed:VCRUNTIME140D.dll
 0001:000102e1       ___current_exception_context 004112e1 f   vcruntimed:VCRUNTIME140D.dll
 0001:000102e7       __except_handler4_common   004112e7 f   vcruntimed:VCRUNTIME140D.dll
 0001:000102ed       ___std_type_info_destroy_list 004112ed f   vcruntimed:VCRUNTIME140D.dll
 0001:000102f3       ___vcrt_GetModuleFileNameW 004112f3 f   vcruntimed:VCRUNTIME140D.dll
 0001:000102f9       ___vcrt_GetModuleHandleW   004112f9 f   vcruntimed:VCRUNTIME140D.dll
 0001:000102ff       ___vcrt_LoadLibraryExW     004112ff f   vcruntimed:VCRUNTIME140D.dll
 0001:00010305       _memmove                   00411305 f   vcruntimed:VCRUNTIME140D.dll
 0001:0001030b       _wcscpy_s                  0041130b f   ucrtd:ucrtbased.dll
 0001:00010311       ___stdio_common_vswprintf_s 00411311 f   ucrtd:ucrtbased.dll
 0001:00010317       _fclose                    00411317 f   ucrtd:ucrtbased.dll
 0001:0001031d       _fopen                     0041131d f   ucrtd:ucrtbased.dll
 0001:00010323       ___stdio_common_vfprintf   00411323 f   ucrtd:ucrtbased.dll
 0001:00010329       __CrtDbgReport             00411329 f   ucrtd:ucrtbased.dll
 0001:0001032f       __CrtDbgReportW            0041132f f   ucrtd:ucrtbased.dll
 0001:00010335       _fflush                    00411335 f   ucrtd:ucrtbased.dll
 0001:0001033b       _wcslen                    0041133b f   ucrtd:ucrtbased.dll
 0001:00010341       ___stdio_common_vsprintf   00411341 f   ucrtd:ucrtbased.dll
 0001:00010347       ___stdio_common_vsnprintf_s 00411347 f   ucrtd:ucrtbased.dll
 0001:0001034d       _free                      0041134d f   ucrtd:ucrtbased.dll
 0001:00010353       _malloc                    00411353 f   ucrtd:ucrtbased.dll
 0001:00010359       __seh_filter_dll           00411359 f   ucrtd:ucrtbased.dll
 0001:0001035f       __configure_narrow_argv    0041135f f   ucrtd:ucrtbased.dll
 0001:00010365       __initialize_narrow_environment 00411365 f   ucrtd:ucrtbased.dll
 0001:0001036b       __initialize_onexit_table  0041136b f   ucrtd:ucrtbased.dll
 0001:00010371       __register_onexit_function 00411371 f   ucrtd:ucrtbased.dll
 0001:00010377       __execute_onexit_table     00411377 f   ucrtd:ucrtbased.dll
 0001:0001037d       __crt_atexit               0041137d f   ucrtd:ucrtbased.dll
 0001:00010383       __crt_at_quick_exit        00411383 f   ucrtd:ucrtbased.dll
 0001:00010389       __cexit                    00411389 f   ucrtd:ucrtbased.dll
 0001:0001038f       __seh_filter_exe           0041138f f   ucrtd:ucrtbased.dll
 0001:00010395       __set_app_type             00411395 f   ucrtd:ucrtbased.dll
 0001:0001039b       ___setusermatherr          0041139b f   ucrtd:ucrtbased.dll
 0001:000103a1       __get_narrow_winmain_command_line 004113a1 f   ucrtd:ucrtbased.dll
 0001:000103a7       __initterm                 004113a7 f   ucrtd:ucrtbased.dll
 0001:000103ad       __initterm_e               004113ad f   ucrtd:ucrtbased.dll
 0001:000103b3       _exit                      004113b3 f   ucrtd:ucrtbased.dll
 0001:000103b9       __exit                     004113b9 f   ucrtd:ucrtbased.dll
 0001:000103bf       __set_fmode                004113bf f   ucrtd:ucrtbased.dll
 0001:000103c5       __c_exit                   004113c5 f   ucrtd:ucrtbased.dll
 0001:000103cb       __register_thread_local_exe_atexit_callback 004113cb f   ucrtd:ucrtbased.dll
 0001:000103d1       __configthreadlocale       004113d1 f   ucrtd:ucrtbased.dll
 0001:000103d7       __set_new_mode             004113d7 f   ucrtd:ucrtbased.dll
 0001:000103dd       ___p__commode              004113dd f   ucrtd:ucrtbased.dll
 0001:000103e3       _terminate                 004113e3 f   ucrtd:ucrtbased.dll
 0001:000103e9       __controlfp_s              004113e9 f   ucrtd:ucrtbased.dll
 0001:000103ef       _strcpy_s                  004113ef f   ucrtd:ucrtbased.dll
 0001:000103f5       _strcat_s                  004113f5 f   ucrtd:ucrtbased.dll
 0001:000103fb       ___stdio_common_vsprintf_s 004113fb f   ucrtd:ucrtbased.dll
 0001:00010401       __wmakepath_s              00411401 f   ucrtd:ucrtbased.dll
 0001:00010407       __wsplitpath_s             00411407 f   ucrtd:ucrtbased.dll
 0001:0001040d       __invalid_parameter_noinfo 0041140d f   ucrtd:ucrtbased.dll
 0001:00010413       __errno                    00411413 f   ucrtd:ucrtbased.dll
 0001:00010419       __recalloc                 00411419 f   ucrtd:ucrtbased.dll
 0001:00010420       ?AfxInitialize@@YGHHK@Z    00411420 f   mfcs140d:appmodul.obj
 0001:000104b0       _WinMain@16                004114b0 f   mfcs140d:appmodul.obj
 0001:000104db       _OutputDebugStringW@4      004114db f   kernel32:KERNEL32.dll
 0001:000104e1       __setmbcp                  004114e1 f   ucrtd:ucrtbased.dll
 0001:000104e7       ?AfxGetModuleState@@YGPAVAFX_MODULE_STATE@@XZ 004114e7 f   mfc140d:mfc140d.dll
 0001:000104ed       ?AfxWinMain@@YGHPAUHINSTANCE__@@0PADH@Z 004114ed f   mfc140d:mfc140d.dll
 0001:00010500       ___acrt_initialize         00411500 f   msvcrtd:ucrt_stubs.obj
 0001:00010500       ___vcrt_initialize         00411500 f   msvcrtd:ucrt_stubs.obj
 0001:00010500       ___scrt_stub_for_acrt_initialize 00411500 f   msvcrtd:ucrt_stubs.obj
 0001:00010510       ___vcrt_thread_attach      00411510 f   msvcrtd:ucrt_stubs.obj
 0001:00010510       ___acrt_thread_attach      00411510 f   msvcrtd:ucrt_stubs.obj
 0001:00010510       ___scrt_stub_for_acrt_thread_attach 00411510 f   msvcrtd:ucrt_stubs.obj
 0001:00010520       ___acrt_thread_detach      00411520 f   msvcrtd:ucrt_stubs.obj
 0001:00010520       ___scrt_stub_for_acrt_thread_detach 00411520 f   msvcrtd:ucrt_stubs.obj
 0001:00010520       ___vcrt_thread_detach      00411520 f   msvcrtd:ucrt_stubs.obj
 0001:00010530       ___scrt_stub_for_acrt_uninitialize 00411530 f   msvcrtd:ucrt_stubs.obj
 0001:00010530       ___acrt_uninitialize       00411530 f   msvcrtd:ucrt_stubs.obj
 0001:00010530       ___vcrt_uninitialize       00411530 f   msvcrtd:ucrt_stubs.obj
 0001:00010540       ___scrt_stub_for_acrt_uninitialize_critical 00411540 f   msvcrtd:ucrt_stubs.obj
 0001:00010540       ___vcrt_uninitialize_critical 00411540 f   msvcrtd:ucrt_stubs.obj
 0001:00010540       ___acrt_uninitialize_critical 00411540 f   msvcrtd:ucrt_stubs.obj
 0001:00010550       __is_c_termination_complete 00411550 f   msvcrtd:ucrt_stubs.obj
 0001:00010550       ___scrt_stub_for_is_c_termination_complete 00411550 f   msvcrtd:ucrt_stubs.obj
 0001:00010560       __filter_x86_sse2_floating_point_exception_default 00411560 f   msvcrtd:x86_exception_filter.obj
 0001:00010560       __filter_x86_sse2_floating_point_exception 00411560 f   msvcrtd:x86_exception_filter.obj
 0001:000106a0       ?LogToFile@CSRBar@@IAEHQBD00@Z 004116a0 f   SRBar.obj
 0001:00010760       ?OnInitDialog@CSRBar@@MAEHXZ 00411760 f   SRBar.obj
 0001:00010a70       ?LogAppStateToFile@CSRBar@@IAEHAAUAPPBARSTATE@CAppBar@@QBD1@Z 00411a70 f   SRBar.obj
 0001:00013150       ??__FstrHeap@?1??GetInstance@CAtlStringMgr@ATL@@SGPAUIAtlStringMgr@2@XZ@YAXXZ 00414150 f i StdAfx.obj
 0001:00013170       ??__FstrMgr@?1??GetInstance@CAtlStringMgr@ATL@@SGPAUIAtlStringMgr@2@XZ@YAXXZ 00414170 f i StdAfx.obj
 0001:000131d0       ??__FstrHeap@?1??GetInstance@CAtlStringMgr@ATL@@SAPAUIAtlStringMgr@2@XZ@YAXXZ 004141d0 f i mfcs140d:nolib.obj
 0001:000131f0       ??__FstrMgr@?1??GetInstance@CAtlStringMgr@ATL@@SAPAUIAtlStringMgr@2@XZ@YAXXZ 004141f0 f i mfcs140d:nolib.obj
 0002:00000000       ___xc_a                    00416000     msvcrtd:initializers.obj
 0002:0000049c       ___xc_z                    0041649c     msvcrtd:initializers.obj
 0002:000005a0       ___xi_a                    004165a0     msvcrtd:initializers.obj
 0002:000009b0       ___xi_z                    004169b0     msvcrtd:initializers.obj
 0002:00000ab4       ___xl_a                    00416ab4     msvcrtd:tlssup.obj
 0002:00000ab8       ___xl_z                    00416ab8     msvcrtd:tlssup.obj
 0002:00000abc       ___xp_a                    00416abc     msvcrtd:initializers.obj
 0002:00000bc0       ___xp_z                    00416bc0     msvcrtd:initializers.obj
 0002:00000cc4       ___xt_a                    00416cc4     msvcrtd:initializers.obj
 0002:00000dc8       ___xt_z                    00416dc8     msvcrtd:initializers.obj
 0002:00000ff8       ??_C@_0DD@LMEMJPDG@Shell?5Run?5Version?51?40?4?6Written?5@ 00416ff8     SRBar.obj
 0002:00001034       ??_C@_17CNPHIMPH@?$AA?$CF?$AAl?$AAs@ 00417034     AppBar.obj
 0002:00001040       ??_C@_0BC@PGMFNIFA@atlTraceException@ 00417040     AppBar.obj
 0002:00001058       ??_C@_17LGGGMOOB@?$AA?$CF?$AAh?$AAs@ 00417058     AppBar.obj
 0002:00001068       ??_C@_1EO@EBPPKGOM@?$AAf?$AAa?$AAl?$AAs?$AAe?$AA?5?$AA?$CG?$AA?$CG?$AA?5?$AA?$CC?$AAT?$AAo?$AAo?$AA?5?$AAm@ 00417068     AppBar.obj
 0002:000010c8       ??_C@_1OE@CLPLEMJN@?$AAC?$AA?3?$AA?2?$AAP?$AAr?$AAo?$AAg?$AAr?$AAa?$AAm?$AA?5?$AAF?$AAi?$AAl?$AAe@ 004170c8     AppBar.obj
 0002:000011b8       ??_C@_0BA@FBBDNLPB@Starting?5?$CFs?4?4?4?6@ 004171b8     SRBar.obj
 0002:000011e0       ??_7CAppBar@@6B@           004171e0     AppBar.obj
 0002:0000138c       ??_C@_0CA@FOHLBJJG@?7uState?5?5?5?5?5?5?5?5?5?5?$DN?5?7ASSERT?5?5?$CFd?6@ 0041738c     SRBar.obj
 0002:000013b4       ??_C@_0CJ@JINJCEN@https?3?1?1www?4linkedin?4com?1in?1jef@ 004173b4     SRBar.obj
 0002:000013e8       ??_C@_0GK@EPBCIPJ@There?5is?5already?5an?5auto?5hidden@ 004173e8     AppBar.obj
 0002:00001468       ??_C@_0N@GAJHMOMD@AppBarNotify@ 00417468     AppBar.obj
 0002:00001478       ??_C@_0BG@KOEBIFPA@?$CC?5failed?5to?5execute?$CB?6@ 00417478     SRBar.obj
 0002:00001490       ??_C@_0CN@FBJJAOOF@Error?5opening?5file?5?8?$CFs?8?5for?5ope@ 00417490     SRBar.obj
 0002:00001510       ??_7CShellRunApp@@6B@      00417510     ShellRun.obj
 0002:00001628       ??_C@_0BI@IACDPFNE@?7Size?5?5?5?5?5?5?5?5?5?5?5?5?$DN?5?7?$CFf?6@ 00417628     SRBar.obj
 0002:00001640       ??_C@_0CA@GGIDEJFF@?7uState?5?5?5?5?5?5?5?5?5?5?$DN?5?7UNKNOWN?5?$CFd?6@ 00417640     SRBar.obj
 0002:00001660       ?m_szAppName@CSRBar@@1QBDB 00417660     SRBar.obj
 0002:00001670       ?m_szRegSubkey@CSRBar@@1QBDB 00417670     SRBar.obj
 0002:00001684       ?m_szAppLogFile@CSRBar@@1QBDB 00417684     SRBar.obj
 0002:000017b0       ??_C@_0P@MBNHGHMI@atlTraceString@ 004177b0     SRBar.obj
 0002:000017c8       ??_7CSRBar@@6B@            004177c8     SRBar.obj
 0002:000019cc       ??_C@_01MCMALHOG@a@        004179cc     SRBar.obj
 0002:00001a0c       ??_C@_0DE@IDNOEMLP@Failed?5to?5store?5preferences?5in?5@ 00417a0c     SRBar.obj
 0002:00001a4c       ??_C@_0DD@ECHFLNOC@Failed?5to?5store?5preferences?5in?5@ 00417a4c     SRBar.obj
 0002:00001aa0       ??_C@_0BA@LCJKLLIA@About?5Shell?5Run@ 00417aa0     SRBar.obj
 0002:00001ac4       ??_C@_0BO@KDOPOBBJ@Shell?5Run?5by?5Jeffrey?5Richters@ 00417ac4     SRBar.obj
 0002:00001ae4       ??_C@_0BK@EJHLCOFL@Command?5failed?5to?5execute@ 00417ae4     SRBar.obj
 0002:00001b18       ??_C@_09IFLMIIFH@Command?5?$CC@ 00417b18     SRBar.obj
 0002:00001b8c       ??_C@_05LAPONLG@false@     00417b8c     SRBar.obj
 0002:00001ba8       ??_C@_04LOAJBDKD@true@     00417ba8     SRBar.obj
 0002:00001bc4       ??_C@_0BI@MCKLGCNC@?7Autohide?5?5?5?5?5?5?5?5?$DN?5?7?$CFs?6@ 00417bc4     SRBar.obj
 0002:00001be0       ??_C@_0BI@MCCEHPG@?7AlwaysOnTop?5?5?5?5?5?$DN?5?7?$CFs?6@ 00417be0     SRBar.obj
 0002:00001bfc       ??_C@_0BI@PFIKIMEC@?7Float?4Height?5?5?5?5?$DN?5?7?$CFd?6@ 00417bfc     SRBar.obj
 0002:00001c18       ??_C@_0BI@FKNLPPOK@?7Float?4Width?5?5?5?5?5?$DN?5?7?$CFd?6@ 00417c18     SRBar.obj
 0002:00001c34       ??_C@_0BI@GDEEADBM@?7Float?4top?5?5?5?5?5?5?5?$DN?5?7?$CFd?6@ 00417c34     SRBar.obj
 0002:00001c50       ??_C@_0BI@DOIJGAOI@?7Float?4left?5?5?5?5?5?5?$DN?5?7?$CFd?6@ 00417c50     SRBar.obj
 0002:00001c6c       ??_C@_0BI@PDFBPJIF@?7Float?4right?5?5?5?5?5?$DN?5?7?$CFd?6@ 00417c6c     SRBar.obj
 0002:00001c88       ??_C@_0BI@FDMLPOAM@?7Float?4bottom?5?5?5?5?$DN?5?7?$CFd?6@ 00417c88     SRBar.obj
 0002:00001ca4       ??_C@_0BI@MMGBIGIB@?7DimDock?$FLTOP?$FN?5?5?5?5?$DN?5?7?$CFd?6@ 00417ca4     SRBar.obj
 0002:00001cc0       ??_C@_0BI@CJEAFDLA@?7DimDock?$FLLEFT?$FN?5?5?5?$DN?5?7?$CFd?6@ 00417cc0     SRBar.obj
[...]
 0001:0000ba0c       $LN22                      0040ca0c     mfcs140d:nolib.obj
 0001:0000ba14       $LN21                      0040ca14     mfcs140d:nolib.obj
 0001:0000ba2c       $LN20                      0040ca2c     mfcs140d:nolib.obj
 0001:0000ba36       $LN19                      0040ca36     mfcs140d:nolib.obj
 0001:0000bdac       $LN36                      0040cdac     mfcs140d:nolib.obj
 0001:0000bdb4       $LN35                      0040cdb4     mfcs140d:nolib.obj
 0001:0000bdfc       $LN34                      0040cdfc     mfcs140d:nolib.obj
 0001:0000be13       $LN33                      0040ce13     mfcs140d:nolib.obj
 0001:0000be1c       $LN32                      0040ce1c     mfcs140d:nolib.obj
 0001:0000be2f       $LN31                      0040ce2f     mfcs140d:nolib.obj
 0001:0000be36       $LN30                      0040ce36     mfcs140d:nolib.obj
 0001:0000be40       $LN29                      0040ce40     mfcs140d:nolib.obj
 0001:0000bfd0       ?find_pe_section@@YAPAU_IMAGE_SECTION_HEADER@@QAEI@Z 0040cfd0 f   msvcrtd:utility.obj
 0001:0000c090       ?is_potentially_valid_image_base@@YA_NQAX@Z 0040d090 f   msvcrtd:utility.obj
 0001:0000c7c0       ?__scrt_initialize_thread_safe_statics@@YAHXZ 0040d7c0 f   msvcrtd:thread_safe_statics.obj
 0001:0000c800       ?__scrt_initialize_thread_safe_statics_platform_specific@@YAXXZ 0040d800 f   msvcrtd:thread_safe_statics.obj
 0001:0000c8e0       ?__scrt_uninitialize_thread_safe_statics@@YAXXZ 0040d8e0 f   msvcrtd:thread_safe_statics.obj
 0001:0000cb80       ?pre_c_initialization@@YAHXZ 0040db80 f   msvcrtd:exe_winmain.obj
 0001:0000cc60       ?post_pgo_initialization@@YAHXZ 0040dc60 f   msvcrtd:exe_winmain.obj
 0001:0000cc70       ?pre_cpp_initialization@@YAXXZ 0040dc70 f   msvcrtd:exe_winmain.obj
 0001:0000cc90       ?__scrt_common_main@@YAHXZ 0040dc90 f   msvcrtd:exe_winmain.obj
 0001:0000ccb0       ?__scrt_common_main_seh@@YAHXZ 0040dcb0 f   msvcrtd:exe_winmain.obj
 0001:0000cf50       ?invoke_main@@YAHXZ        0040df50 f   msvcrtd:exe_winmain.obj
 0001:0000d130       ?ArrayUnwindFilter@@YAHPAU_EXCEPTION_POINTERS@@@Z 0040e130 f   msvcrtd:ehvecdtr.obj
 0001:0000d660       ___castguard_compat_check  0040e660 f   msvcrtd:guard_support.obj
 0001:0000d7c0       ___castguard_slow_path_compat_check 0040e7c0 f   msvcrtd:guard_support.obj
 0001:0000e450       ___get_entropy             0040f450 f   msvcrtd:gs_support.obj
 0001:0000e7c0       ?DebuggerProbe@@YA_NK@Z    0040f7c0 f   msvcrtd:error.obj
 0001:0000e810       ?DebuggerRuntime@@YA_NKHPAXPB_W@Z 0040f810 f   msvcrtd:error.obj
 0001:0000eae0       ?_getMemBlockDataString@@YAXPAD0PBDI@Z 0040fae0 f   msvcrtd:error.obj
 0001:0000eb70       ?_strlen_priv@@YAIPBD@Z    0040fb70 f   msvcrtd:error.obj
 0001:0000eb90       ?failwithmessage@@YAXPAXHHPBD@Z 0040fb90 f   msvcrtd:error.obj
 0001:0000ee10       ?notify_debugger@@YAXABUtagEXCEPTION_VISUALCPP_DEBUG_INFO@@@Z 0040fe10 f   msvcrtd:error.obj
 0001:0000f0e0       ?GetPdbDll@@YAPAUHINSTANCE__@@XZ 004100e0 f   msvcrtd:pdblkup.obj
 0001:0000f270       ?GetPdbDllFromInstallPath@@YAPAUHINSTANCE__@@XZ 00410270 f   msvcrtd:pdblkup.obj
 0001:0000f560       ?GetPdbDllPathFromFilePath@@YAHPB_WPA_WI@Z 00410560 f   msvcrtd:pdblkup.obj
 0001:000101ac       _memmove_s                 004111ac f   atls:atlbase.obj
 0001:00011c80       __unwindfunclet$??0CAppBar@@QAE@IPAVCWnd@@@Z$0 00412c80 f   AppBar.obj
 0001:00011c8d       __ehhandler$??0CAppBar@@QAE@IPAVCWnd@@@Z 00412c8d f   AppBar.obj
 0001:00011cc0       __unwindfunclet$?OnAppBarForcedToDocked@CAppBar@@MAEXXZ$0 00412cc0 f   AppBar.obj
 0001:00011cce       __ehhandler$?OnAppBarForcedToDocked@CAppBar@@MAEXXZ 00412cce f   AppBar.obj
 0001:00011d00       __unwindfunclet$?InitInstance@CShellRunApp@@UAEHXZ$0 00412d00 f   ShellRun.obj
 0001:00011d10       __ehhandler$?InitInstance@CShellRunApp@@UAEHXZ 00412d10 f   ShellRun.obj
 0001:00011d50       __unwindfunclet$??0CSRBar@@QAE@PAVCWnd@@@Z$0 00412d50 f   SRBar.obj
 0001:00011d58       __unwindfunclet$??0CSRBar@@QAE@PAVCWnd@@@Z$1 00412d58 f   SRBar.obj
 0001:00011d6b       __ehhandler$??0CSRBar@@QAE@PAVCWnd@@@Z 00412d6b f   SRBar.obj
 0001:00011da0       __unwindfunclet$?HelpUrl@@YGXXZ$0 00412da0 f   SRBar.obj
 0001:00011da9       __unwindfunclet$?HelpUrl@@YGXXZ$1 00412da9 f   SRBar.obj
 0001:00011db7       __ehhandler$?HelpUrl@@YGXXZ 00412db7 f   SRBar.obj
 0001:00011e00       __unwindfunclet$?OnContextMenu@CSRBar@@IAEXPAVCWnd@@VCPoint@@@Z$0 00412e00 f   SRBar.obj
 0001:00011e0d       __ehhandler$?OnContextMenu@CSRBar@@IAEXPAVCWnd@@VCPoint@@@Z 00412e0d f   SRBar.obj
 0001:00011e40       __unwindfunclet$?OnExecute@CSRBar@@QAEXXZ$0 00412e40 f   SRBar.obj
 0001:00011e4e       __ehhandler$?OnExecute@CSRBar@@QAEXXZ 00412e4e f   SRBar.obj
 0001:00011e90       __unwindfunclet$?OnHelpUrl@@YGXPAUtagHELPINFO@@@Z$0 00412e90 f   SRBar.obj
 0001:00011e99       __unwindfunclet$?OnHelpUrl@@YGXPAUtagHELPINFO@@@Z$1 00412e99 f   SRBar.obj
 0001:00011ea7       __ehhandler$?OnHelpUrl@@YGXPAUtagHELPINFO@@@Z 00412ea7 f   SRBar.obj
 0001:00011ef0       __unwindfunclet$?OnShellExecuteCommand@CSRBar@@QAEXV?$CStringT@DV?$StrTraitMFC_DLL@DV?$ChTraitsCRT@D@ATL@@@@@ATL@@@Z$0 00412ef0 f   SRBar.obj
 0001:00011ef9       __unwindfunclet$?OnShellExecuteCommand@CSRBar@@QAEXV?$CStringT@DV?$StrTraitMFC_DLL@DV?$ChTraitsCRT@D@ATL@@@@@ATL@@@Z$1 00412ef9 f   SRBar.obj
 0001:00011f02       __unwindfunclet$?OnShellExecuteCommand@CSRBar@@QAEXV?$CStringT@DV?$StrTraitMFC_DLL@DV?$ChTraitsCRT@D@ATL@@@@@ATL@@@Z$3 00412f02 f   SRBar.obj
 0001:00011f0b       __unwindfunclet$?OnShellExecuteCommand@CSRBar@@QAEXV?$CStringT@DV?$StrTraitMFC_DLL@DV?$ChTraitsCRT@D@ATL@@@@@ATL@@@Z$4 00412f0b f   SRBar.obj
 0001:00011f19       __ehhandler$?OnShellExecuteCommand@CSRBar@@QAEXV?$CStringT@DV?$StrTraitMFC_DLL@DV?$ChTraitsCRT@D@ATL@@@@@ATL@@@Z 00412f19 f   SRBar.obj
 0001:00011f40       __unwindfunclet$??0_ATL_WIN_MODULE70@ATL@@QAE@XZ$0 00412f40 f   StdAfx.obj
 0001:00011f50       __ehhandler$??0_ATL_WIN_MODULE70@ATL@@QAE@XZ 00412f50 f   StdAfx.obj
 0001:00011f80       __ehhandler$??1?$CSimpleArray@GV?$CSimpleArrayEqualHelper@G@ATL@@@ATL@@QAE@XZ 00412f80 f   StdAfx.obj
 0001:00011fb0       __ehhandler$??1CAtlComModule@ATL@@QAE@XZ 00412fb0 f   StdAfx.obj
 0001:00011fe0       __ehhandler$??1CAtlWinModule@ATL@@QAE@XZ 00412fe0 f   StdAfx.obj
 0001:00012010       __unwindfunclet$??RCTraceFileAndLineInfo@ATL@@QBAXHIPBDZZ$0 00413010 f   StdAfx.obj
 0001:0001201d       __ehhandler$??RCTraceFileAndLineInfo@ATL@@QBAXHIPBDZZ 0041301d f   StdAfx.obj
 0001:00012050       __unwindfunclet$?TraceV@CTrace@ATL@@SAXPBDHII0PAD@Z$0 00413050 f   StdAfx.obj
 0001:00012058       __unwindfunclet$?TraceV@CTrace@ATL@@SAXPBDHII0PAD@Z$1 00413058 f   StdAfx.obj
 0001:00012065       __ehhandler$?TraceV@CTrace@ATL@@SAXPBDHII0PAD@Z 00413065 f   StdAfx.obj
 0001:00012090       __ehhandler$??_Estringdispid@CComTypeInfoHolder@ATL@@QAEPAXI@Z 00413090 f   mfcs140d:nolib.obj
 0001:000130f0       ??__FtheApp@@YAXXZ         004140f0 f   ShellRun.obj
 0001:00013110       ??__F_AtlComModule@ATL@@YAXXZ 00414110 f   StdAfx.obj
 0001:00013130       ??__F_AtlWinModule@ATL@@YAXXZ 00414130 f   StdAfx.obj
 0001:00013190       ??__F_AtlComModule@ATL@@YAXXZ 00414190 f   mfcs140d:nolib.obj
 0001:000131b0       ??__F_AtlWinModule@ATL@@YAXXZ 004141b0 f   mfcs140d:nolib.obj
 0001:00013210       ??__F_AtlComModule@ATL@@YAXXZ 00414210 f   mfcs140d:stdafx.obj
 0001:00013230       ??__F_AtlWinModule@ATL@@YAXXZ 00414230 f   mfcs140d:stdafx.obj
 0001:0001324b       ??__F_AtlBaseModule@ATL@@YAXXZ 0041424b f   atls:atlbase.obj
 0001:00013260       ??__F_AtlComModule@ATL@@YAXXZ 00414260 f   mfcs140d:appmodul.obj
 0001:00013280       ??__F_AtlWinModule@ATL@@YAXXZ 00414280 f   mfcs140d:appmodul.obj
 0002:00000104       ?pre_cpp_initializer@@3P6AXXZA 00416104     msvcrtd:exe_winmain.obj
 0002:00000208       ?_AtlBaseModule$initializer$@ATL@@3P6AXXZA 00416208     atls:atlbase.obj
 0002:0000020c       ?_afxInitAppState$initializer$@@3P6AXXZA 0041620c     mfcs140d:appmodul.obj
 0002:00000314       ?atlTraceException$initializer$@ATL@@3P6AXXZA 00416314     AppBar.obj
 0002:00000318       ??s_uAppBarNotifyMsg$initializer$@CAppBar@@1P6AXXZA@@3P6AXXZA 00416318     AppBar.obj
 0002:0000031c       ?theApp$initializer$@@3P6AXXZA 0041631c     ShellRun.obj
 0002:00000320       ?atlTraceString$initializer$@ATL@@3P6AXXZA 00416320     SRBar.obj
 0002:00000324       ?atlTraceGeneral$initializer$@ATL@@3P6AXXZA 00416324     StdAfx.obj
 0002:00000328       ?atlTraceCOM$initializer$@ATL@@3P6AXXZA 00416328     StdAfx.obj
 0002:0000032c       ?atlTraceQI$initializer$@ATL@@3P6AXXZA 0041632c     StdAfx.obj
 0002:00000330       ?atlTraceRegistrar$initializer$@ATL@@3P6AXXZA 00416330     StdAfx.obj
 0002:00000334       ?atlTraceRefcount$initializer$@ATL@@3P6AXXZA 00416334     StdAfx.obj
 0002:00000338       ?atlTraceWindowing$initializer$@ATL@@3P6AXXZA 00416338     StdAfx.obj
 0002:0000033c       ?atlTraceControls$initializer$@ATL@@3P6AXXZA 0041633c     StdAfx.obj
 0002:00000340       ?atlTraceHosting$initializer$@ATL@@3P6AXXZA 00416340     StdAfx.obj
 0002:00000344       ?atlTraceDBClient$initializer$@ATL@@3P6AXXZA 00416344     StdAfx.obj
 0002:00000348       ?atlTraceDBProvider$initializer$@ATL@@3P6AXXZA 00416348     StdAfx.obj
 0002:0000034c       ?atlTraceSnapin$initializer$@ATL@@3P6AXXZA 0041634c     StdAfx.obj
 0002:00000350       ?atlTraceNotImpl$initializer$@ATL@@3P6AXXZA 00416350     StdAfx.obj
 0002:00000354       ?atlTraceAllocation$initializer$@ATL@@3P6AXXZA 00416354     StdAfx.obj
 0002:00000358       ?atlTraceTime$initializer$@ATL@@3P6AXXZA 00416358     StdAfx.obj
 0002:0000035c       ?atlTraceCache$initializer$@ATL@@3P6AXXZA 0041635c     StdAfx.obj
 0002:00000360       ?atlTraceStencil$initializer$@ATL@@3P6AXXZA 00416360     StdAfx.obj
 0002:00000364       ?atlTraceMap$initializer$@ATL@@3P6AXXZA 00416364     StdAfx.obj
 0002:00000368       ?atlTraceUtil$initializer$@ATL@@3P6AXXZA 00416368     StdAfx.obj
 0002:0000036c       ?atlTraceSecurity$initializer$@ATL@@3P6AXXZA 0041636c     StdAfx.obj
 0002:00000370       ?atlTraceSync$initializer$@ATL@@3P6AXXZA 00416370     StdAfx.obj
 0002:00000374       ?atlTraceISAPI$initializer$@ATL@@3P6AXXZA 00416374     StdAfx.obj
 0002:00000378       ?_AtlComModule$initializer$@ATL@@3P6AXXZA 00416378     StdAfx.obj
 0002:0000037c       ?_AtlWinModule$initializer$@ATL@@3P6AXXZA 0041637c     StdAfx.obj
 0002:00000380       ?InitializeCAtlStringMgr$initializer$@ATLImplementationDetails@ATL@@3P6AXXZA 00416380     StdAfx.obj
 0002:000006a4       ?pre_c_initializer@@3P6AHXZA 004166a4     msvcrtd:exe_winmain.obj
 0002:000007a8       ?post_pgo_initializer@@3P6AHXZA 004167a8     msvcrtd:exe_winmain.obj
 0002:000008ac       ?__scrt_initialize_tss_var@@3P6AHXZA 004168ac     msvcrtd:thread_safe_statics.obj
 0002:00000ed0       ?_messageEntries@?1??GetThisMessageMap@CAppBar@@KGPBUAFX_MSGMAP@@XZ@4QBUAFX_MSGMAP_ENTRY@@B 00416ed0     AppBar.obj
 0002:00000ff0       ?messageMap@?1??GetThisMessageMap@CAppBar@@KGPBUAFX_MSGMAP@@XZ@4U3@B 00416ff0     AppBar.obj
 0002:000014c8       ?_messageEntries@?1??GetThisMessageMap@CShellRunApp@@KGPBUAFX_MSGMAP@@XZ@4QBUAFX_MSGMAP_ENTRY@@B 004174c8     ShellRun.obj
 0002:000014f8       ?messageMap@?1??GetThisMessageMap@CShellRunApp@@KGPBUAFX_MSGMAP@@XZ@4U3@B 004174f8     ShellRun.obj
 0002:00001698       ?_messageEntries@?1??GetThisMessageMap@CSRBar@@KGPBUAFX_MSGMAP@@XZ@4QBUAFX_MSGMAP_ENTRY@@B 00417698     SRBar.obj
 0002:00001788       ?messageMap@?1??GetThisMessageMap@CSRBar@@KGPBUAFX_MSGMAP@@XZ@4U3@B 00417788     SRBar.obj
 0002:00005a6c       _GS_ExceptionPointers      0041ba6c     msvcrtd:gs_report.obj
 0002:00005a78       ?_RTC_ErrorMessages@@3QBQBDB 0041ba78     msvcrtd:error.obj
 0002:00005a90       ?_RTC_NoFalsePositives@@3QBHB 0041ba90     msvcrtd:error.obj
 0002:00005aa8       ?stack_premsg@@3QBDB       0041baa8     msvcrtd:error.obj
 0002:00005ac4       ?stack_postmsg@@3QBDB      0041bac4     msvcrtd:error.obj
 0002:00005ad8       ?uninit_premsg@@3QBDB      0041bad8     msvcrtd:error.obj
 0002:00005ae8       ?uninit_postmsg@@3QBDB     0041bae8     msvcrtd:error.obj
 0002:00006138       ?_RTC_errlist@@3QBQBDB     0041c138     msvcrtd:userapi.obj
 0002:0000621c       ?mspdbName@@3QB_WB         0041c21c     msvcrtd:pdblkup.obj
 0002:00006240       ?debugCrtFileName@@3QB_WB  0041c240     msvcrtd:pdblkup.obj
 0002:000063d0       ?dllExt@?1??GetPdbDllPathFromFilePath@@YAHPB_WPA_WI@Z@4QB_WB 0041c3d0     msvcrtd:pdblkup.obj
 0002:000063dc       ?mspdbFilename@?1??GetPdbDllPathFromFilePath@@YAHPB_WPA_WI@Z@4QB_WB 0041c3dc     msvcrtd:pdblkup.obj
 0002:00007a28       __RTC_InitBase.rtc$IMZ     0041da28     mfcs140d:nolib.obj
 0002:00007a2c       __RTC_InitBase.rtc$IMZ     0041da2c     mfcs140d:stdafx.obj
 0002:00007a30       __RTC_InitBase.rtc$IMZ     0041da30     mfcs140d:appmodul.obj
 0002:00007d40       __RTC_Shutdown.rtc$TMZ     0041dd40     mfcs140d:nolib.obj
 0002:00007d44       __RTC_Shutdown.rtc$TMZ     0041dd44     mfcs140d:stdafx.obj
 0002:00007d48       __RTC_Shutdown.rtc$TMZ     0041dd48     mfcs140d:appmodul.obj
 0002:00007f58       __unwindtable$??0CAppBar@@QAE@IPAVCWnd@@@Z 0041df58     AppBar.obj
 0002:00007f60       __ehfuncinfo$??0CAppBar@@QAE@IPAVCWnd@@@Z 0041df60     AppBar.obj
 0002:00007f88       __unwindtable$?OnAppBarForcedToDocked@CAppBar@@MAEXXZ 0041df88     AppBar.obj
 0002:00007f90       __ehfuncinfo$?OnAppBarForcedToDocked@CAppBar@@MAEXXZ 0041df90     AppBar.obj
 0002:00007fb8       __unwindtable$?InitInstance@CShellRunApp@@UAEHXZ 0041dfb8     ShellRun.obj
 0002:00007fc0       __ehfuncinfo$?InitInstance@CShellRunApp@@UAEHXZ 0041dfc0     ShellRun.obj
 0002:00007fe8       __unwindtable$??0CSRBar@@QAE@PAVCWnd@@@Z 0041dfe8     SRBar.obj
 0002:00007ff8       __ehfuncinfo$??0CSRBar@@QAE@PAVCWnd@@@Z 0041dff8     SRBar.obj
 0002:00008024       __unwindtable$?OnContextMenu@CSRBar@@IAEXPAVCWnd@@VCPoint@@@Z 0041e024     SRBar.obj
 0002:0000802c       __ehfuncinfo$?OnContextMenu@CSRBar@@IAEXPAVCWnd@@VCPoint@@@Z 0041e02c     SRBar.obj
 0002:00008054       __unwindtable$?OnExecute@CSRBar@@QAEXXZ 0041e054     SRBar.obj
 0002:0000805c       __ehfuncinfo$?OnExecute@CSRBar@@QAEXXZ 0041e05c     SRBar.obj
 0002:00008080       __unwindtable$?OnShellExecuteCommand@CSRBar@@QAEXV?$CStringT@DV?$StrTraitMFC_DLL@DV?$ChTraitsCRT@D@ATL@@@@@ATL@@@Z 0041e080     SRBar.obj
 0002:000080a0       __ehfuncinfo$?OnShellExecuteCommand@CSRBar@@QAEXV?$CStringT@DV?$StrTraitMFC_DLL@DV?$ChTraitsCRT@D@ATL@@@@@ATL@@@Z 0041e0a0     SRBar.obj
 0002:000080cc       __unwindtable$?HelpUrl@@YGXXZ 0041e0cc     SRBar.obj
 0002:000080dc       __ehfuncinfo$?HelpUrl@@YGXXZ 0041e0dc     SRBar.obj
 0002:00008108       __unwindtable$?OnHelpUrl@@YGXPAUtagHELPINFO@@@Z 0041e108     SRBar.obj
 0002:00008118       __ehfuncinfo$?OnHelpUrl@@YGXPAUtagHELPINFO@@@Z 0041e118     SRBar.obj
 0002:00008144       __unwindtable$?TraceV@CTrace@ATL@@SAXPBDHII0PAD@Z 0041e144     StdAfx.obj
 0002:00008154       __ehfuncinfo$?TraceV@CTrace@ATL@@SAXPBDHII0PAD@Z 0041e154     StdAfx.obj
 0002:00008180       __unwindtable$??RCTraceFileAndLineInfo@ATL@@QBAXHIPBDZZ 0041e180     StdAfx.obj
 0002:00008188       __ehfuncinfo$??RCTraceFileAndLineInfo@ATL@@QBAXHIPBDZZ 0041e188     StdAfx.obj
 0002:000081b0       __ehfuncinfo$??1?$CSimpleArray@GV?$CSimpleArrayEqualHelper@G@ATL@@@ATL@@QAE@XZ 0041e1b0     StdAfx.obj
 0002:000081d8       __unwindtable$??0_ATL_WIN_MODULE70@ATL@@QAE@XZ 0041e1d8     StdAfx.obj
 0002:000081e0       __ehfuncinfo$??0_ATL_WIN_MODULE70@ATL@@QAE@XZ 0041e1e0     StdAfx.obj
 0002:00008208       __ehfuncinfo$??1CAtlComModule@ATL@@QAE@XZ 0041e208     StdAfx.obj
 0002:00008230       __ehfuncinfo$??1CAtlWinModule@ATL@@QAE@XZ 0041e230     StdAfx.obj
 0002:00008258       __sehtable$_WinbaseIsolationAwarePrivatetRgzlnPgpgk@0 0041e258     mfcs140d:nolib.obj
 0002:00008278       __sehtable$_IsolationAwareUnregisterClassA@8 0041e278     mfcs140d:nolib.obj
 0002:00008298       __ehfuncinfo$??_Estringdispid@CComTypeInfoHolder@ATL@@QAEPAXI@Z 0041e298     mfcs140d:nolib.obj
 0002:000082c0       __sehtable$___scrt_is_nonwritable_in_current_image 0041e2c0     msvcrtd:utility.obj
 0002:000082e0       __sehtable$?__scrt_common_main_seh@@YAHXZ 0041e2e0     msvcrtd:exe_winmain.obj
 0002:00008300       __sehtable$??_M@YGXPAXIIP6EX0@Z@Z 0041e300     msvcrtd:ehvecdtr.obj
 0002:00008320       __sehtable$?__ArrayUnwind@@YGXPAXIIP6EX0@Z@Z 0041e320     msvcrtd:ehvecdtr.obj
 0002:00008340       __sehtable$?notify_debugger@@YAXABUtagEXCEPTION_VISUALCPP_DEBUG_INFO@@@Z 0041e340     msvcrtd:error.obj
 0003:00000000       ?THIS_FILE@@3PADA          0041f000     AppBar.obj
 0003:00002e24       ?is_initialized_as_dll@@3_NA 00421e24     msvcrtd:utility.obj
 0003:00002e25       ?module_local_atexit_table_initialized@@3_NA 00421e25     msvcrtd:utility.obj
 0003:00002e28       ?module_local_atexit_table@@3U_onexit_table_t@@A 00421e28     msvcrtd:utility.obj
 0003:00002e34       ?module_local_at_quick_exit_table@@3U_onexit_table_t@@A 00421e34     msvcrtd:utility.obj
 0003:00002e48       ?g_tss_cv@@3U_RTL_CONDITION_VARIABLE@@A 00421e48     msvcrtd:thread_safe_statics.obj
 0003:00002e4c       ?g_tss_event@@3PAXA        00421e4c     msvcrtd:thread_safe_statics.obj
 0003:00002e50       ?g_tss_mutex@@3U_RTL_CRITICAL_SECTION@@A 00421e50     msvcrtd:thread_safe_statics.obj
 0003:00002e68       ?g_sleep_condition_variable_cs@@3P6GHPAU_RTL_CONDITION_VARIABLE@@PAU_RTL_CRITICAL_SECTION@@K@ZA 00421e68     msvcrtd:thread_safe_statics.obj
 0003:00002e6c       ?g_wake_all_condition_variable@@3P6GXPAU_RTL_CONDITION_VARIABLE@@@ZA 00421e6c     msvcrtd:thread_safe_statics.obj
 0003:00002e7c       ?init@?1??_RTC_InitBase@@9@4_NA 00421e7c     msvcrtd:init.obj
 0003:00002e88       _GS_ExceptionRecord        00421e88     msvcrtd:gs_report.obj
 0003:00002ed8       _GS_ContextRecord          00421ed8     msvcrtd:gs_report.obj
 0003:00003274       ?_RTC_ErrorReportFunc@@3P6AHHPBDH00ZZA 00422274     msvcrtd:userapi.obj
 0003:00003278       ?_RTC_ErrorReportFuncW@@3P6AHHPB_WH00ZZA 00422278     msvcrtd:userapi.obj
 0003:00003280       ?mspdb@@3PAUHINSTANCE__@@A 00422280     msvcrtd:pdblkup.obj
 0003:00003284       ?alreadyTried@?1??GetPdbDll@@YAPAUHINSTANCE__@@XZ@4_NA 00422284     msvcrtd:pdblkup.obj
 0003:00003285       ?PDBOK@?1??_RTC_GetSrcLine@@YAHPAEPA_WKPAH1K@Z@4_NA 00422285     msvcrtd:pdblkup.obj
 0004:00001028       .idata$6                   00424028     mfc140d:mfc140d.dll
 0004:00001390       .idata$6                   00424390     kernel32:KERNEL32.dll
 0004:000014d4       .idata$6                   004244d4     user32:USER32.dll
 0004:00001536       .idata$6                   00424536     advapi32:ADVAPI32.dll
 0004:00001566       .idata$6                   00424566     shell32:SHELL32.dll
 0004:00001582       .idata$6                   00424582     ole32:ole32.dll
 0004:0000158c       .idata$6                   0042458c     oleaut32:OLEAUT32.dll
 0004:0000168a       .idata$6                   0042468a     vcruntimed:VCRUNTIME140D.dll
 0004:000019e0       .idata$6                   004249e0     ucrtd:ucrtbased.dll
 0007:00000470       $R000000                   00427470     ShellRun.res
 0007:00000608       $R000198                   00427608     ShellRun.res
 0007:000006d8       $R000268                   004276d8     ShellRun.res
 0007:000006e0       $R000270                   004276e0     ShellRun.res
 0007:00000778       $R000308                   00427778     ShellRun.res
 0007:00000790       $R000320                   00427790     ShellRun.res
 0007:00000a78       $R000608                   00427a78     ShellRun.res
 0007:00000ba0       $R000730                   00427ba0     ShellRun.res
 0007:00000bc8       $R000758                   00427bc8     ShellRun.res
 0007:00000f48       $R000AD8                   00427f48     ShellRun.res
 0007:00000fe0       $R000B70                   00427fe0     ShellRun.res
