 Shellrun

 Timestamp is 60fd319b (Sun Jul 25 11:40:43 2021)

 Preferred load address is 00400000

 Start         Length     Name                   Class
 0001:00000000 00003bd0H .text$di                CODE
 0001:00003bd0 0000e2a0H .text$mn                CODE
 0001:00011e70 00001470H .text$x                 CODE
 0001:000132e0 000011bbH .text$yd                CODE
 0002:00000000 00000104H .CRT$XCA                DATA
 0002:00000104 00000104H .CRT$XCAA               DATA
 0002:00000208 0000010cH .CRT$XCL                DATA
 0002:00000314 00000188H .CRT$XCU                DATA
 0002:0000049c 00000104H .CRT$XCZ                DATA
 0002:000005a0 00000104H .CRT$XIA                DATA
 0002:000006a4 00000104H .CRT$XIAA               DATA
 0002:000007a8 00000104H .CRT$XIAC               DATA
 0002:000008ac 00000104H .CRT$XIC                DATA
 0002:000009b0 00000104H .CRT$XIZ                DATA
 0002:00000ab4 00000004H .CRT$XLA                DATA
 0002:00000ab8 00000004H .CRT$XLZ                DATA
 0002:00000abc 00000104H .CRT$XPA                DATA
 0002:00000bc0 00000104H .CRT$XPZ                DATA
 0002:00000cc4 00000104H .CRT$XTA                DATA
 0002:00000dc8 00000108H .CRT$XTZ                DATA
 0002:00000ed0 00005eb0H .rdata                  DATA
 0002:00006d80 00000104H .rdata$CastGuardVftablesA DATA
 0002:00006e84 00000104H .rdata$CastGuardVftablesC DATA
 0002:00006f88 0000011cH .rdata$T                DATA
 0002:000070a4 000005a0H .rdata$r                DATA
 0002:00007644 00000158H .rdata$sxdata           DATA
 0002:0000779c 000001a0H .rdata$zzzdbg           DATA
 0002:0000793c 00000104H .rtc$IAA                DATA
 0002:00007a40 00000110H .rtc$IMZ                DATA
 0002:00007b50 00000104H .rtc$IZZ                DATA
 0002:00007c54 00000104H .rtc$TAA                DATA
 0002:00007d58 00000110H .rtc$TMZ                DATA
 0002:00007e68 00000108H .rtc$TZZ                DATA
 0002:00007f70 00000580H .xdata$x                DATA
 0002:000084f0 00000104H ATL$__a                 DATA
 0002:000085f4 00000104H ATL$__z                 DATA
 0002:000086f8 00000000H .edata                  DATA
 0003:00000000 000001b4H .data                   DATA
 0003:000001b4 000002c4H .data$rs                DATA
 0003:00000478 00002e84H .bss                    DATA
 0004:00000000 000007b8H .idata$5                DATA
 0004:000007b8 000000b4H .idata$2                DATA
 0004:0000086c 00000014H .idata$3                DATA
 0004:00000880 000007b8H .idata$4                DATA
 0004:00001038 00000be5H .idata$6                DATA
 0005:00000000 00000104H .tls                    DATA
 0005:00000104 00000104H .tls$                   DATA
 0005:00000208 00000101H .tls$ZZZ                DATA
 0006:00000000 00000109H .00cfg                  DATA
 0007:00000000 000004a0H .rsrc$01                DATA
 0007:000004a0 00001150H .rsrc$02                DATA

  Address         Publics by Value              Rva+Base       Lib:Object

 0000:00000000       ___arm64x_redirection_metadata_count 00000000     <absolute>
 0000:00000000       ___dynamic_value_reloc_table 00000000     <absolute>
 0000:00000000       ___guard_fids_table        00000000     <absolute>
 0000:00000000       ___hybrid_code_map_count   00000000     <absolute>
 0000:00000000       ___hybrid_auxiliary_iat    00000000     <absolute>
 0000:00000000       ___guard_longjmp_table     00000000     <absolute>
 0000:00000000       ___arm64x_redirection_metadata 00000000     <absolute>
 0000:00000000       ___hybrid_code_map         00000000     <absolute>
 0000:00000000       ___enclave_config          00000000     <absolute>
 0000:00000000       ___guard_longjmp_count     00000000     <absolute>
 0000:00000000       ___hybrid_auxiliary_iat_copy 00000000     <absolute>
 0000:00000000       ___arm64x_native_entrypoint 00000000     <absolute>
 0000:00000000       ___x64_code_ranges_to_entry_points_count 00000000     <absolute>
 0000:00000000       ___AbsoluteZero            00000000     <absolute>
 0000:00000000       ___arm64x_extra_rfe_table_size 00000000     <absolute>
 0000:00000000       ___arm64x_extra_rfe_table  00000000     <absolute>
 0000:00000000       ___guard_eh_cont_count     00000000     <absolute>
 0000:00000000       ___guard_iat_count         00000000     <absolute>
 0000:00000000       ___guard_eh_cont_table     00000000     <absolute>
 0000:00000000       ___x64_code_ranges_to_entry_points 00000000     <absolute>
 0000:00000000       ___guard_fids_count        00000000     <absolute>
 0000:00000000       ___volatile_metadata       00000000     <absolute>
 0000:00000000       ___guard_iat_table         00000000     <absolute>
 0000:00000000       ___guard_check_icall_a64n_fptr 00000000     <absolute>
 0000:00000012       ___safe_se_handler_count   00000012     <absolute>
 0000:0000002c       __tls_array                0000002c     <absolute>
 0000:00000100       ___guard_flags             00000100     <absolute>
 0000:00000000       ___ImageBase               00400000     <linker-defined>
 0001:00003bd0       ?OnCreate@CAppBar@@IAEHPAUtagCREATESTRUCTA@@@Z 00404bd0 f   AppBar.obj
 0001:00003c50       ?OnDestroy@CAppBar@@IAEXXZ 00404c50 f   AppBar.obj
 0001:00003c90       ?OnWindowPosChanged@CAppBar@@IAEXPAUtagWINDOWPOS@@@Z 00404c90 f   AppBar.obj
 0001:00003cd0       ?OnActivate@CAppBar@@IAEXIPAVCWnd@@H@Z 00404cd0 f   AppBar.obj
 0001:00003d30       ?OnNcMouseMove@CAppBar@@IAEXIVCPoint@@@Z 00404d30 f   AppBar.obj
 0001:00003d70       ?OnTimer@CAppBar@@IAEXI@Z  00404d70 f   AppBar.obj
 0001:00003ea0       ?OnAppBarCallbackMsg@CAppBar@@IAEJIJ@Z 00404ea0 f   AppBar.obj
 0001:00003ff0       ?OnEnterSizeMove@CAppBar@@IAEJIJ@Z 00404ff0 f   AppBar.obj
 0001:00004030       ?OnExitSizeMove@CAppBar@@IAEJIJ@Z 00405030 f   AppBar.obj
 0001:00004170       ?OnSizing@CAppBar@@IAEJIJ@Z 00405170 f   AppBar.obj
 0001:000043f0       ?OnMoving@CAppBar@@IAEJIJ@Z 004053f0 f   AppBar.obj
 0001:00004530       ??0?$CTraceCategoryEx@$0CAAA@$0A@@ATL@@QAE@PBD@Z 00405530 f i AppBar.obj
 0001:00004560       ??0APPBARSTATE@CAppBar@@QAE@XZ 00405560 f i AppBar.obj
 0001:00004590       ??0CAppBar@@QAE@IPAVCWnd@@@Z 00405590 f   AppBar.obj
 0001:000047a0       ??0CPoint@@QAE@HH@Z        004057a0 f i AppBar.obj
 0001:000047e0       ??0CPoint@@QAE@J@Z         004057e0 f i AppBar.obj
 0001:00004830       ??0CPoint@@QAE@UtagSIZE@@@Z 00405830 f i AppBar.obj
 0001:00004860       ??0CRect@@QAE@HHHH@Z       00405860 f i AppBar.obj
 0001:000048b0       ??0CRect@@QAE@XZ           004058b0 f i AppBar.obj
 0001:00004900       ??0CSize@@QAE@HH@Z         00405900 f i AppBar.obj
 0001:00004940       ??0CSize@@QAE@XZ           00405940 f i AppBar.obj
 0001:00004980       ??1CAppBar@@UAE@XZ         00405980 f i AppBar.obj
 0001:000049b0       ??4CRect@@QAEXABUtagRECT@@@Z 004059b0 f i AppBar.obj
 0001:000049e0       ??9CRect@@QBEHABUtagRECT@@@Z 004059e0 f i AppBar.obj
 0001:00004a30       ??GCPoint@@QBE?AVCSize@@UtagPOINT@@@Z 00405a30 f i AppBar.obj
 0001:00004a70       ??_ECAppBar@@UAEPAXI@Z     00405a70 f i AppBar.obj
 0001:00004a70       ??_GCAppBar@@UAEPAXI@Z     00405a70 f i AppBar.obj
 0001:00004ad0       ?AbsoluteValue@@YGHH@Z     00405ad0 f i AppBar.obj
 0001:00004b10       ?AdjustLocationForAutohide@CAppBar@@IAEHHPAVCRect@@@Z 00405b10 f   AppBar.obj
 0001:00004d00       ?AfxAssertFailedLine@@YGHPBDH@Z 00405d00 f i AppBar.obj
 0001:00004d70       ?CalcProposedState@CAppBar@@IAEIABVCPoint@@@Z 00405d70 f   AppBar.obj
 0001:00004e10       ?DoDataExchange@CAppBar@@MAEXPAVCDataExchange@@@Z 00405e10 f   AppBar.obj
 0001:00004e40       ?GetAutohideEdge@CAppBar@@QAEIXZ 00405e40 f   AppBar.obj
 0001:00004e60       ?GetEdgeFromPoint@CAppBar@@SGIKVCPoint@@@Z 00405e60 f   AppBar.obj
 0001:000050c0       ?GetFloatRect@CAppBar@@QAEXPAVCRect@@@Z 004060c0 f i AppBar.obj
 0001:00005110       ?GetMessageMap@CAppBar@@MBEPBUAFX_MSGMAP@@XZ 00406110 f   AppBar.obj
 0001:00005130       ?GetRect@CAppBar@@IAEXIPAVCRect@@@Z 00406130 f   AppBar.obj
 0001:000052a0       ?GetState@CAppBar@@QAEIXZ  004062a0 f i AppBar.obj
 0001:000052f0       ?GetThisMessageMap@CAppBar@@KGPBUAFX_MSGMAP@@XZ 004062f0 f   AppBar.obj
 0001:00005310       ?Height@CRect@@QBEHXZ      00406310 f i AppBar.obj
 0001:00005340       ?InflateRect@CRect@@QAEXHH@Z 00406340 f i AppBar.obj
 0001:00005370       ?IsBarAutohide@CAppBar@@QAEHXZ 00406370 f i AppBar.obj
 0001:000053a0       ?MimicState@CAppBar@@QAEXKK@Z 004063a0 f   AppBar.obj
 0001:000054a0       ?OnABNFullScreenApp@CAppBar@@MAEXH@Z 004064a0 f   AppBar.obj
 0001:000054e0       ?OnABNPosChanged@CAppBar@@MAEXXZ 004064e0 f   AppBar.obj
 0001:00005530       ?OnABNStateChange@CAppBar@@MAEXKK@Z 00406530 f   AppBar.obj
 0001:00005560       ?OnABNWindowArrange@CAppBar@@MAEXH@Z 00406560 f   AppBar.obj
 0001:00005580       ?OnAppBarForcedToDocked@CAppBar@@MAEXXZ 00406580 f   AppBar.obj
 0001:00005630       ?OnAppBarStateChange@CAppBar@@MAEXHI@Z 00406630 f   AppBar.obj
 0001:00005650       ?OnNcHitTest@CAppBar@@IAEIVCPoint@@@Z 00406650 f   AppBar.obj
 0001:00005700       ?PtInRect@CRect@@QBEHUtagPOINT@@@Z 00406700 f i AppBar.obj
 0001:00005730       ?RegisterCategory@CTrace@ATL@@SGXPBDI@Z 00406730 f i AppBar.obj
 0001:00005850       ?ResetSystemKnowledge@CAppBar@@SGXXZ 00406850 f   AppBar.obj
 0001:000058a0       ?SHAppBarMessage@CAppBar@@IAEIKIJPAVCRect@@@Z 004068a0 f   AppBar.obj
 0001:000059d0       ?SetRectEmpty@CRect@@QAEXXZ 004069d0 f i AppBar.obj
 0001:00005a00       ?SetState@CAppBar@@QAEXAAUAPPBARSTATE@1@@Z 00406a00 f   AppBar.obj
 0001:00005a90       ?SetState@CAppBar@@QAEXI@Z 00406a90 f   AppBar.obj
 0001:00005d40       ?SetState@CAppBar@@QAEXXZ  00406d40 f i AppBar.obj
 0001:00005d70       ?ShowHiddenAppBar@CAppBar@@IAEXH@Z 00406d70 f   AppBar.obj
 0001:00005e10       ?SlideWindow@CAppBar@@IAEXABVCRect@@@Z 00406e10 f   AppBar.obj
 0001:00006020       ?Width@CRect@@QBEHXZ       00407020 f i AppBar.obj
 0001:00006050       ?__empty_global_delete@@YAXPAX@Z 00407050 f i AppBar.obj
 0001:00006070       ?__global_delete@@YAXPAXI@Z 00407070 f i AppBar.obj
 0001:00006070       ?__empty_global_delete@@YAXPAXI@Z 00407070 f i AppBar.obj
 0001:00006090       ___local_stdio_printf_options 00407090 f i AppBar.obj
 0001:000060b0       __vswprintf_s_l            004070b0 f i AppBar.obj
 0001:00006120       _swprintf_s                00407120 f i AppBar.obj
 0001:00006170       ??0CShellRunApp@@QAE@XZ    00407170 f   ShellRun.obj
 0001:000061b0       ??1CSRBar@@UAE@XZ          004071b0 f i ShellRun.obj
 0001:00006200       ??1CShellRunApp@@UAE@XZ    00407200 f i ShellRun.obj
 0001:00006230       ??_GCShellRunApp@@UAEPAXI@Z 00407230 f i ShellRun.obj
 0001:00006230       ??_ECShellRunApp@@UAEPAXI@Z 00407230 f i ShellRun.obj
 0001:00006290       ?GetApplicationRecoveryParameter@CWinApp@@UAEPAXXZ 00407290 f i ShellRun.obj
 0001:000062b0       ?GetApplicationRecoveryPingInterval@CWinApp@@UAEKXZ 004072b0 f i ShellRun.obj
 0001:000062d0       ?GetApplicationRestartFlags@CWinApp@@UAEKXZ 004072d0 f i ShellRun.obj
 0001:000062f0       ?GetMessageMap@CShellRunApp@@MBEPBUAFX_MSGMAP@@XZ 004072f0 f   ShellRun.obj
 0001:00006310       ?GetThisMessageMap@CShellRunApp@@KGPBUAFX_MSGMAP@@XZ 00407310 f   ShellRun.obj
 0001:00006330       ?InitInstance@CShellRunApp@@UAEHXZ 00407330 f   ShellRun.obj
 0001:00006400       ?ReopenPreviousFilesAtRestart@CWinApp@@UBEHXZ 00407400 f i ShellRun.obj
 0001:00006430       ?RestoreAutosavedFilesAtRestart@CWinApp@@UBEHXZ 00407430 f i ShellRun.obj
 0001:00006460       ?SupportsApplicationRecovery@CWinApp@@UBEHXZ 00407460 f i ShellRun.obj
 0001:00006490       ?SupportsAutosaveAtInterval@CWinApp@@UBEHXZ 00407490 f i ShellRun.obj
 0001:000064c0       ?SupportsAutosaveAtRestart@CWinApp@@UBEHXZ 004074c0 f i ShellRun.obj
 0001:000064f0       ?SupportsRestartManager@CWinApp@@UBEHXZ 004074f0 f i ShellRun.obj
 0001:00006520       ?OnContextMenu@CSRBar@@IAEXPAVCWnd@@VCPoint@@@Z 00407520 f   SRBar.obj
 0001:00006640       ?OnAppbarExit@CSRBar@@IAEXXZ 00407640 f   SRBar.obj
 0001:00006670       ?OnSize@CSRBar@@IAEXIHH@Z  00407670 f   SRBar.obj
 0001:00006810       ?OnGetMinMaxInfo@CSRBar@@IAEXPAUtagMINMAXINFO@@@Z 00407810 f   SRBar.obj
 0001:00006950       ?OnSysCommand@CSRBar@@IAEXIJ@Z 00407950 f   SRBar.obj
 0001:000069a0       ?OnAlwaysOnTop@CSRBar@@QAEXXZ 004079a0 f   SRBar.obj
 0001:000069d0       ?OnAutoHide@CSRBar@@QAEXXZ 004079d0 f   SRBar.obj
 0001:00006a00       ?OnAboutApp@CSRBar@@QAEXXZ 00407a00 f   SRBar.obj
 0001:00006a30       ?OnExecute@CSRBar@@QAEXXZ  00407a30 f   SRBar.obj
 0001:00006ae0       ??0?$CTraceCategoryEx@$0CAAAA@$0A@@ATL@@QAE@PBD@Z 00407ae0 f i SRBar.obj
 0001:00006b10       ??0CSRBar@@QAE@PAVCWnd@@@Z 00407b10 f   SRBar.obj
 0001:00006c30       ??_ECSRBar@@UAEPAXI@Z      00407c30 f i SRBar.obj
 0001:00006c30       ??_GCSRBar@@UAEPAXI@Z      00407c30 f i SRBar.obj
 0001:00006c90       ?DoDataExchange@CSRBar@@MAEXPAVCDataExchange@@@Z 00407c90 f   SRBar.obj
 0001:00006d00       ?GetMessageMap@CSRBar@@MBEPBUAFX_MSGMAP@@XZ 00407d00 f   SRBar.obj
 0001:00006d20       ?GetState@CAppBar@@QAEXPAUAPPBARSTATE@1@@Z 00407d20 f i SRBar.obj
 0001:00006d80       ?GetThisMessageMap@CSRBar@@KGPBUAFX_MSGMAP@@XZ 00407d80 f   SRBar.obj
 0001:00006da0       ?HelpUrl@@YGXXZ            00407da0 f   SRBar.obj
 0001:00006f20       ?HideFloatAdornments@CSRBar@@IAEXH@Z 00407f20 f   SRBar.obj
 0001:00006f70       ?IsBarAlwaysOnTop@CAppBar@@QAEHXZ 00407f70 f i SRBar.obj
 0001:00006fa0       ?IsEdgeLeftOrRight@CAppBar@@SGHI@Z 00407fa0 f i SRBar.obj
 0001:00006fe0       ?IsEdgeTopOrBottom@CAppBar@@SGHI@Z 00407fe0 f i SRBar.obj
 0001:00007020       ?LogAppStateToFile@CSRBar@@IAEHAAUAPPBARSTATE@CAppBar@@QBD1@Z 00408020 f   SRBar.obj
 0001:000074e0       ?LogToFile@CSRBar@@IAEHQBD00@Z 004084e0 f   SRBar.obj
 0001:000075d0       ?OnAboutUrl@CSRBar@@QAGXXZ 004085d0 f   SRBar.obj
 0001:00007610       ?OnAppBarStateChange@CSRBar@@MAEXHI@Z 00408610 f   SRBar.obj
 0001:00007660       ?OnAppbarAboutAppBar@CSRBar@@IAEXXZ 00408660 f   SRBar.obj
 0001:00007710       ?OnAppbarAlwaysOnTop@CSRBar@@IAEXXZ 00408710 f   SRBar.obj
 0001:000077a0       ?OnAppbarAutohide@CSRBar@@IAEXXZ 004087a0 f   SRBar.obj
 0001:00007830       ?OnCancel@CSRBar@@MAEXXZ   00408830 f   SRBar.obj
 0001:000078c0       ?OnHelpUrl@@YGXPAUtagHELPINFO@@@Z 004088c0 f   SRBar.obj
 0001:00007a40       ?OnInitDialog@CSRBar@@MAEHXZ 00408a40 f   SRBar.obj
 0001:00007cf0       ?OnShellExecuteCommand@CSRBar@@QAEXV?$CStringT@DV?$StrTraitMFC_DLL@DV?$ChTraitsCRT@D@ATL@@@@@ATL@@@Z 00408cf0 f   SRBar.obj
 0001:00007ec0       ?OnShellExecuteUrl@CSRBar@@QAGXPAUtagHELPINFO@@@Z 00408ec0 f   SRBar.obj
 0001:00007f00       ?RegistryCreateKeyEx@CSRBar@@IAEJAAUAPPBARSTATE@CAppBar@@@Z 00408f00 f   SRBar.obj
 0001:00007fe0       ?RegistryOpenKeyEx@CSRBar@@IAEJAAUAPPBARSTATE@CAppBar@@@Z 00408fe0 f   SRBar.obj
 0001:000080a0       __vfprintf_l               004090a0 f i SRBar.obj
 0001:000080f0       __vsnprintf_l              004090f0 f i SRBar.obj
 0001:00008160       __vsprintf_l               00409160 f i SRBar.obj
 0001:000081a0       _fprintf                   004091a0 f i SRBar.obj
 0001:000081f0       _sprintf                   004091f0 f i SRBar.obj
 0001:00008240       ?_AfxInitManaged@@YAHXZ    00409240 f i StdAfx.obj
 0001:00008260       ??$AtlAdd@H@ATL@@YGJPAHHH@Z 00409260 f i StdAfx.obj
 0001:000082b0       ??$AtlAdd@I@ATL@@YGJPAIII@Z 004092b0 f i StdAfx.obj
 0001:00008300       ??$AtlAdd@K@ATL@@YGJPAKKK@Z 00409300 f i StdAfx.obj
 0001:00008350       ??$AtlAlignUp@H@ATL@@YGHHK@Z 00409350 f i StdAfx.obj
 0001:00008380       ??$AtlMultiply@I@ATL@@YGJPAIII@Z 00409380 f i StdAfx.obj
 0001:000083d0       ??$AtlMultiply@K@ATL@@YGJPAKKK@Z 004093d0 f i StdAfx.obj
 0001:00008420       ??0?$CHeapPtr@DVCCRTAllocator@ATL@@@ATL@@QAE@XZ 00409420 f i StdAfx.obj
 0001:00008450       ??0?$CHeapPtr@_WVCCRTAllocator@ATL@@@ATL@@QAE@XZ 00409450 f i StdAfx.obj
 0001:00008480       ??0?$CHeapPtrBase@DVCCRTAllocator@ATL@@@ATL@@IAE@XZ 00409480 f i StdAfx.obj
 0001:000084b0       ??0?$CHeapPtrBase@_WVCCRTAllocator@ATL@@@ATL@@IAE@XZ 004094b0 f i StdAfx.obj
 0001:000084e0       ??0?$CSimpleArray@GV?$CSimpleArrayEqualHelper@G@ATL@@@ATL@@QAE@XZ 004094e0 f i StdAfx.obj
 0001:00008520       ??0?$CTraceCategoryEx@$00$0A@@ATL@@QAE@PBD@Z 00409520 f i StdAfx.obj
 0001:00008550       ??0?$CTraceCategoryEx@$01$0A@@ATL@@QAE@PBD@Z 00409550 f i StdAfx.obj
 0001:00008580       ??0?$CTraceCategoryEx@$03$0A@@ATL@@QAE@PBD@Z 00409580 f i StdAfx.obj
 0001:000085b0       ??0?$CTraceCategoryEx@$07$0A@@ATL@@QAE@PBD@Z 004095b0 f i StdAfx.obj
 0001:000085e0       ??0?$CTraceCategoryEx@$0BA@$0A@@ATL@@QAE@PBD@Z 004095e0 f i StdAfx.obj
 0001:00008610       ??0?$CTraceCategoryEx@$0BAA@$0A@@ATL@@QAE@PBD@Z 00409610 f i StdAfx.obj
 0001:00008640       ??0?$CTraceCategoryEx@$0BAAA@$0A@@ATL@@QAE@PBD@Z 00409640 f i StdAfx.obj
 0001:00008670       ??0?$CTraceCategoryEx@$0BAAAA@$0A@@ATL@@QAE@PBD@Z 00409670 f i StdAfx.obj
 0001:000086a0       ??0?$CTraceCategoryEx@$0BAAAAA@$0A@@ATL@@QAE@PBD@Z 004096a0 f i StdAfx.obj
 0001:000086d0       ??0?$CTraceCategoryEx@$0CA@$0A@@ATL@@QAE@PBD@Z 004096d0 f i StdAfx.obj
 0001:00008700       ??0?$CTraceCategoryEx@$0CAA@$0A@@ATL@@QAE@PBD@Z 00409700 f i StdAfx.obj
 0001:00008730       ??0?$CTraceCategoryEx@$0CAAAAA@$0A@@ATL@@QAE@PBD@Z 00409730 f i StdAfx.obj
 0001:00008760       ??0?$CTraceCategoryEx@$0EA@$0A@@ATL@@QAE@PBD@Z 00409760 f i StdAfx.obj
 0001:00008790       ??0?$CTraceCategoryEx@$0EAA@$0A@@ATL@@QAE@PBD@Z 00409790 f i StdAfx.obj
 0001:000087c0       ??0?$CTraceCategoryEx@$0EAAA@$0A@@ATL@@QAE@PBD@Z 004097c0 f i StdAfx.obj
 0001:000087f0       ??0?$CTraceCategoryEx@$0EAAAA@$0A@@ATL@@QAE@PBD@Z 004097f0 f i StdAfx.obj
 0001:00008820       ??0?$CTraceCategoryEx@$0EAAAAA@$0A@@ATL@@QAE@PBD@Z 00409820 f i StdAfx.obj
 0001:00008850       ??0?$CTraceCategoryEx@$0IA@$0A@@ATL@@QAE@PBD@Z 00409850 f i StdAfx.obj
 0001:00008880       ??0?$CTraceCategoryEx@$0IAA@$0A@@ATL@@QAE@PBD@Z 00409880 f i StdAfx.obj
 0001:000088b0       ??0?$CTraceCategoryEx@$0IAAA@$0A@@ATL@@QAE@PBD@Z 004098b0 f i StdAfx.obj
 0001:000088e0       ??0?$CTraceCategoryEx@$0IAAAA@$0A@@ATL@@QAE@PBD@Z 004098e0 f i StdAfx.obj
 0001:00008910       ??0CAtlComModule@ATL@@QAE@XZ 00409910 f i StdAfx.obj
 0001:00008a00       ??0CAtlStringMgr@ATL@@QAE@PAUIAtlMemMgr@1@@Z 00409a00 f i StdAfx.obj
 0001:00008a60       ??0CAtlStringMgrStaticInitializer@ATLImplementationDetails@ATL@@QAE@XZ 00409a60 f i StdAfx.obj
 0001:00008a90       ??0CAtlWinModule@ATL@@QAE@XZ 00409a90 f i StdAfx.obj
 0001:00008b30       ??0CComCriticalSection@ATL@@QAE@XZ 00409b30 f i StdAfx.obj
 0001:00008b60       ??0CNilStringData@ATL@@QAE@XZ 00409b60 f i StdAfx.obj
 0001:00008be0       ??0CPreserveLastError@ATL@@QAE@XZ 00409be0 f i StdAfx.obj
 0001:00008c10       ??0CTraceFileAndLineInfo@ATL@@QAE@PBDH@Z 00409c10 f i StdAfx.obj
 0001:00008c50       ??0CWin32Heap@ATL@@QAE@PAX@Z 00409c50 f i StdAfx.obj
 0001:00008cd0       ??0_ATL_COM_MODULE70@ATL@@QAE@XZ 00409cd0 f i StdAfx.obj
 0001:00008d00       ??0_ATL_WIN_MODULE70@ATL@@QAE@XZ 00409d00 f i StdAfx.obj
 0001:00008d80       ??1?$CHeapPtr@DVCCRTAllocator@ATL@@@ATL@@QAE@XZ 00409d80 f i StdAfx.obj
 0001:00008db0       ??1?$CHeapPtr@_WVCCRTAllocator@ATL@@@ATL@@QAE@XZ 00409db0 f i StdAfx.obj
 0001:00008de0       ??1?$CHeapPtrBase@DVCCRTAllocator@ATL@@@ATL@@QAE@XZ 00409de0 f i StdAfx.obj
 0001:00008e10       ??1?$CHeapPtrBase@_WVCCRTAllocator@ATL@@@ATL@@QAE@XZ 00409e10 f i StdAfx.obj
 0001:00008e40       ??1?$CSimpleArray@GV?$CSimpleArrayEqualHelper@G@ATL@@@ATL@@QAE@XZ 00409e40 f i StdAfx.obj
 0001:00008ea0       ??1CAtlComModule@ATL@@QAE@XZ 00409ea0 f i StdAfx.obj
 0001:00008f10       ??1CAtlStringMgr@ATL@@UAE@XZ 00409f10 f i StdAfx.obj
 0001:00008f30       ??1CAtlWinModule@ATL@@QAE@XZ 00409f30 f i StdAfx.obj
 0001:00008fa0       ??1CComCriticalSection@ATL@@QAE@XZ 00409fa0 f i StdAfx.obj
 0001:00008fc0       ??1CPreserveLastError@ATL@@QAE@XZ 00409fc0 f i StdAfx.obj
 0001:00008ff0       ??1CWin32Heap@ATL@@UAE@XZ  00409ff0 f i StdAfx.obj
 0001:00009080       ??1_ATL_COM_MODULE70@ATL@@QAE@XZ 0040a080 f i StdAfx.obj
 0001:000090b0       ??1_ATL_WIN_MODULE70@ATL@@QAE@XZ 0040a0b0 f i StdAfx.obj
 0001:000090f0       ??A?$CSimpleArray@GV?$CSimpleArrayEqualHelper@G@ATL@@@ATL@@QAEAAGH@Z 0040a0f0 f i StdAfx.obj
 0001:00009190       ??B?$CHeapPtrBase@DVCCRTAllocator@ATL@@@ATL@@QBEPADXZ 0040a190 f i StdAfx.obj
 0001:000091b0       ??B?$CHeapPtrBase@_WVCCRTAllocator@ATL@@@ATL@@QBEPA_WXZ 0040a1b0 f i StdAfx.obj
 0001:000091d0       ??B?$CTraceCategoryEx@$01$0A@@ATL@@QAEIXZ 0040a1d0 f i StdAfx.obj
 0001:000091f0       ??B?$CTraceCategoryEx@$0CA@$0A@@ATL@@QAEIXZ 0040a1f0 f i StdAfx.obj
 0001:00009210       ??RCTraceFileAndLineInfo@ATL@@QBAXHIPBDZZ 0040a210 f i StdAfx.obj
 0001:000092c0       ??_GCAtlStringMgr@ATL@@UAEPAXI@Z 0040a2c0 f i StdAfx.obj
 0001:000092c0       ??_ECAtlStringMgr@ATL@@UAEPAXI@Z 0040a2c0 f i StdAfx.obj
 0001:00009310       ??_GCWin32Heap@ATL@@UAEPAXI@Z 0040a310 f i StdAfx.obj
 0001:00009310       ??_ECWin32Heap@ATL@@UAEPAXI@Z 0040a310 f i StdAfx.obj
 0001:00009360       ??_H@YGXPAXIIP6EPAX0@Z@Z   0040a360 f i StdAfx.obj
 0001:000093b0       ?AddRef@CStringData@ATL@@QAEXXZ 0040a3b0 f i StdAfx.obj
 0001:00009410       ?Allocate@?$CHeapPtr@DVCCRTAllocator@ATL@@@ATL@@QAE_NI@Z 0040a410 f i StdAfx.obj
 0001:00009460       ?Allocate@?$CHeapPtr@_WVCCRTAllocator@ATL@@@ATL@@QAE_NI@Z 0040a460 f i StdAfx.obj
 0001:000094b0       ?Allocate@CAtlStringMgr@ATL@@UAEPAUCStringData@2@HH@Z 0040a4b0 f i StdAfx.obj
 0001:00009670       ?Allocate@CCRTAllocator@ATL@@SGPAXI@Z 0040a670 f i StdAfx.obj
 0001:000096a0       ?Allocate@CWin32Heap@ATL@@UAEPAXI@Z 0040a6a0 f i StdAfx.obj
 0001:000096e0       ?AllocateBytes@?$CHeapPtrBase@DVCCRTAllocator@ATL@@@ATL@@QAE_NI@Z 0040a6e0 f i StdAfx.obj
 0001:00009760       ?AllocateBytes@?$CHeapPtrBase@_WVCCRTAllocator@ATL@@@ATL@@QAE_NI@Z 0040a760 f i StdAfx.obj
 0001:000097e0       ?AtlWinModuleInit@ATL@@YGJPAU_ATL_WIN_MODULE70@1@@Z 0040a7e0 f i StdAfx.obj
 0001:000098d0       ?AtlWinModuleTerm@ATL@@YGJPAU_ATL_WIN_MODULE70@1@PAUHINSTANCE__@@@Z 0040a8d0 f i StdAfx.obj
 0001:000099a0       ?Clone@CAtlStringMgr@ATL@@UAEPAUIAtlStringMgr@2@XZ 0040a9a0 f i StdAfx.obj
 0001:000099c0       ?Free@?$CHeapPtrBase@DVCCRTAllocator@ATL@@@ATL@@QAEXXZ 0040a9c0 f i StdAfx.obj
 0001:000099f0       ?Free@?$CHeapPtrBase@_WVCCRTAllocator@ATL@@@ATL@@QAEXXZ 0040a9f0 f i StdAfx.obj
 0001:00009a20       ?Free@CAtlStringMgr@ATL@@UAEXPAUCStringData@2@@Z 0040aa20 f i StdAfx.obj
 0001:00009ad0       ?Free@CCRTAllocator@ATL@@SGXPAX@Z 0040aad0 f i StdAfx.obj
 0001:00009b00       ?Free@CWin32Heap@ATL@@UAEXPAX@Z 0040ab00 f i StdAfx.obj
 0001:00009b80       ?GetCategoryName@CTrace@ATL@@CGPA_WI@Z 0040ab80 f i StdAfx.obj
 0001:00009bf0       ?GetInstance@CAtlStringMgr@ATL@@SGPAUIAtlStringMgr@2@XZ 0040abf0 f i StdAfx.obj
 0001:00009cf0       ?GetModuleInstance@CAtlBaseModule@ATL@@QAEPAUHINSTANCE__@@XZ 0040acf0 f i StdAfx.obj
 0001:00009d10       ?GetNilString@CAtlStringMgr@ATL@@UAEPAUCStringData@2@XZ 0040ad10 f i StdAfx.obj
 0001:00009d40       ?GetSize@?$CSimpleArray@GV?$CSimpleArrayEqualHelper@G@ATL@@@ATL@@QBEHXZ 0040ad40 f i StdAfx.obj
 0001:00009d60       ?GetSize@CWin32Heap@ATL@@UAEIPAX@Z 0040ad60 f i StdAfx.obj
 0001:00009da0       ?Init@CComCriticalSection@ATL@@QAEJXZ 0040ada0 f i StdAfx.obj
 0001:00009df0       ?Reallocate@CAtlStringMgr@ATL@@UAEPAUCStringData@2@PAU32@HH@Z 0040adf0 f i StdAfx.obj
 0001:00009fd0       ?Reallocate@CWin32Heap@ATL@@UAEPAXPAXI@Z 0040afd0 f i StdAfx.obj
 0001:0000a050       ?RemoveAll@?$CSimpleArray@GV?$CSimpleArrayEqualHelper@G@ATL@@@ATL@@QAEXXZ 0040b050 f i StdAfx.obj
 0001:0000a0d0       ?SetManager@CNilStringData@ATL@@QAEXPAUIAtlStringMgr@2@@Z 0040b0d0 f i StdAfx.obj
 0001:0000a130       ?Term@CAtlComModule@ATL@@QAEXXZ 0040b130 f i StdAfx.obj
 0001:0000a1f0       ?Term@CAtlWinModule@ATL@@QAEXXZ 0040b1f0 f i StdAfx.obj
 0001:0000a220       ?Term@CComCriticalSection@ATL@@QAEJXZ 0040b220 f i StdAfx.obj
 0001:0000a250       ?TraceV@CTrace@ATL@@CAXPBDHIIPB_W@Z 0040b250 f i StdAfx.obj
 0001:0000a4e0       ?TraceV@CTrace@ATL@@SAXPBDHII0PAD@Z 0040b4e0 f i StdAfx.obj
 0001:0000a710       ?_AtlInitializeCriticalSectionEx@ATL@@YAHPAU_RTL_CRITICAL_SECTION@@KK@Z 0040b710 f i StdAfx.obj
 0001:0000a740       ?_AtlRaiseException@ATL@@YGXKK@Z 0040b740 f i StdAfx.obj
 0001:0000a770       _HRESULT_FROM_WIN32@4      0040b770 f i StdAfx.obj
 0001:0000a7c0       __vscprintf                0040b7c0 f i StdAfx.obj
 0001:0000a7f0       __vscprintf_l              0040b7f0 f i StdAfx.obj
 0001:0000a860       __vsnprintf_s              0040b860 f i StdAfx.obj
 0001:0000a8a0       __vsnprintf_s_l            0040b8a0 f i StdAfx.obj
 0001:0000a90e       ?GetThisMessageMap@CDialog@@KGPBUAFX_MSGMAP@@XZ 0040b90e f   mfc140d:mfc140d.dll
 0001:0000a914       ??3CObject@@SGXPAX@Z       0040b914 f   mfc140d:mfc140d.dll
 0001:0000a91a       ?Serialize@CObject@@UAEXAAVCArchive@@@Z 0040b91a f   mfc140d:mfc140d.dll
 0001:0000a920       ??B?$CSimpleStringT@D$00@ATL@@QBEPBDXZ 0040b920 f   mfc140d:mfc140d.dll
 0001:0000a926       ??0?$CStringT@DV?$StrTraitMFC_DLL@DV?$ChTraitsCRT@D@ATL@@@@@ATL@@QAE@XZ 0040b926 f   mfc140d:mfc140d.dll
 0001:0000a92c       ??1?$CStringT@DV?$StrTraitMFC_DLL@DV?$ChTraitsCRT@D@ATL@@@@@ATL@@QAE@XZ 0040b92c f   mfc140d:mfc140d.dll
 0001:0000a932       ?IsInvokeAllowed@CCmdTarget@@UAEHJ@Z 0040b932 f   mfc140d:mfc140d.dll
 0001:0000a938       ?GetDispatchIID@CCmdTarget@@UAEHPAU_GUID@@@Z 0040b938 f   mfc140d:mfc140d.dll
 0001:0000a93e       ?GetTypeInfoCount@CCmdTarget@@UAEIXZ 0040b93e f   mfc140d:mfc140d.dll
 0001:0000a944       ?GetTypeLibCache@CCmdTarget@@UAEPAVCTypeLibCache@@XZ 0040b944 f   mfc140d:mfc140d.dll
 0001:0000a94a       ?GetTypeLib@CCmdTarget@@UAEJKPAPAUITypeLib@@@Z 0040b94a f   mfc140d:mfc140d.dll
 0001:0000a950       ?GetCommandMap@CCmdTarget@@MBEPBUAFX_OLECMDMAP@@XZ 0040b950 f   mfc140d:mfc140d.dll
 0001:0000a956       ?GetDispatchMap@CCmdTarget@@MBEPBUAFX_DISPMAP@@XZ 0040b956 f   mfc140d:mfc140d.dll
 0001:0000a95c       ?GetConnectionMap@CCmdTarget@@MBEPBUAFX_CONNECTIONMAP@@XZ 0040b95c f   mfc140d:mfc140d.dll
 0001:0000a962       ?GetEventSinkMap@CCmdTarget@@MBEPBUAFX_EVENTSINKMAP@@XZ 0040b962 f   mfc140d:mfc140d.dll
 0001:0000a968       ?OnCreateAggregates@CCmdTarget@@UAEHXZ 0040b968 f   mfc140d:mfc140d.dll
 0001:0000a96e       ?GetInterfaceHook@CCmdTarget@@UAEPAUIUnknown@@PBX@Z 0040b96e f   mfc140d:mfc140d.dll
 0001:0000a974       ?GetExtraConnectionPoints@CCmdTarget@@MAEHPAVCPtrArray@@@Z 0040b974 f   mfc140d:mfc140d.dll
 0001:0000a97a       ?GetConnectionHook@CCmdTarget@@MAEPAUIConnectionPoint@@ABU_GUID@@@Z 0040b97a f   mfc140d:mfc140d.dll
 0001:0000a980       ?GetStyle@CWnd@@QBEKXZ     0040b980 f   mfc140d:mfc140d.dll
 0001:0000a986       ?GetExStyle@CWnd@@QBEKXZ   0040b986 f   mfc140d:mfc140d.dll
 0001:0000a98c       ?PreSubclassWindow@CWnd@@UAEXXZ 0040b98c f   mfc140d:mfc140d.dll
 0001:0000a992       ?Create@CWnd@@UAEHPBD0KABUtagRECT@@PAV1@IPAUCCreateContext@@@Z 0040b992 f   mfc140d:mfc140d.dll
 0001:0000a998       ?CreateEx@CWnd@@UAEHKPBD0KHHHHPAUHWND__@@PAUHMENU__@@PAX@Z 0040b998 f   mfc140d:mfc140d.dll
 0001:0000a99e       ?CreateEx@CWnd@@UAEHKPBD0KABUtagRECT@@PAV1@IPAX@Z 0040b99e f   mfc140d:mfc140d.dll
 0001:0000a9a4       ?DestroyWindow@CWnd@@UAEHXZ 0040b9a4 f   mfc140d:mfc140d.dll
 0001:0000a9aa       ?PreCreateWindow@CWnd@@UAEHAAUtagCREATESTRUCTA@@@Z 0040b9aa f   mfc140d:mfc140d.dll
 0001:0000a9b0       ?CalcWindowRect@CWnd@@UAEXPAUtagRECT@@I@Z 0040b9b0 f   mfc140d:mfc140d.dll
 0001:0000a9b6       ?GetWindowTextA@CWnd@@QBEXAAV?$CStringT@DV?$StrTraitMFC_DLL@DV?$ChTraitsCRT@D@ATL@@@@@ATL@@@Z 0040b9b6 f   mfc140d:mfc140d.dll
 0001:0000a9bc       ?GetMenu@CWnd@@UBEPAVCMenu@@XZ 0040b9bc f   mfc140d:mfc140d.dll
 0001:0000a9c2       ?SetMenu@CWnd@@UAEHPAVCMenu@@@Z 0040b9c2 f   mfc140d:mfc140d.dll
 0001:0000a9c8       ?SetWindowPos@CWnd@@QAEHPBV1@HHHHI@Z 0040b9c8 f   mfc140d:mfc140d.dll
 0001:0000a9ce       ?GetWindowRect@CWnd@@QBEXPAUtagRECT@@@Z 0040b9ce f   mfc140d:mfc140d.dll
 0001:0000a9d4       ?UpdateWindow@CWnd@@QAEXXZ 0040b9d4 f   mfc140d:mfc140d.dll
 0001:0000a9da       ?SetTimer@CWnd@@QAEIIIP6GXPAUHWND__@@IIK@Z@Z 0040b9da f   mfc140d:mfc140d.dll
 0001:0000a9e0       ?KillTimer@CWnd@@QAEHI@Z   0040b9e0 f   mfc140d:mfc140d.dll
 0001:0000a9e6       ?OnToolHitTest@CWnd@@UBEHVCPoint@@PAUtagTOOLINFOA@@@Z 0040b9e6 f   mfc140d:mfc140d.dll
 0001:0000a9ec       ?GetActiveWindow@CWnd@@SGPAV1@XZ 0040b9ec f   mfc140d:mfc140d.dll
 0001:0000a9f2       ?GetScrollBarCtrl@CWnd@@UBEPAVCScrollBar@@H@Z 0040b9f2 f   mfc140d:mfc140d.dll
 0001:0000a9f8       ?WinHelpA@CWnd@@UAEXKI@Z   0040b9f8 f   mfc140d:mfc140d.dll
 0001:0000a9fe       ?HtmlHelpA@CWnd@@UAEXKI@Z  0040b9fe f   mfc140d:mfc140d.dll
 0001:0000aa04       ?WinHelpInternal@CWnd@@UAEXKI@Z 0040ba04 f   mfc140d:mfc140d.dll
 0001:0000aa0a       ?ContinueModal@CWnd@@UAEHXZ 0040ba0a f   mfc140d:mfc140d.dll
 0001:0000aa10       ?EndModalLoop@CWnd@@UAEXH@Z 0040ba10 f   mfc140d:mfc140d.dll
 0001:0000aa16       ?OnDrawIconicThumbnailOrLivePreview@CWnd@@UAEXAAVCDC@@VCRect@@VCSize@@HAAH@Z 0040ba16 f   mfc140d:mfc140d.dll
 0001:0000aa1c       ?GetInterfaceMap@CWnd@@MBEPBUAFX_INTERFACEMAP@@XZ 0040ba1c f   mfc140d:mfc140d.dll
 0001:0000aa22       ?EnsureStdObj@CWnd@@UAEJXZ 0040ba22 f   mfc140d:mfc140d.dll
 0001:0000aa28       ?get_accParent@CWnd@@UAEJPAPAUIDispatch@@@Z 0040ba28 f   mfc140d:mfc140d.dll
 0001:0000aa2e       ?get_accChildCount@CWnd@@UAEJPAJ@Z 0040ba2e f   mfc140d:mfc140d.dll
 0001:0000aa34       ?get_accChild@CWnd@@UAEJUtagVARIANT@@PAPAUIDispatch@@@Z 0040ba34 f   mfc140d:mfc140d.dll
 0001:0000aa3a       ?get_accName@CWnd@@UAEJUtagVARIANT@@PAPA_W@Z 0040ba3a f   mfc140d:mfc140d.dll
 0001:0000aa40       ?get_accValue@CWnd@@UAEJUtagVARIANT@@PAPA_W@Z 0040ba40 f   mfc140d:mfc140d.dll
 0001:0000aa46       ?get_accDescription@CWnd@@UAEJUtagVARIANT@@PAPA_W@Z 0040ba46 f   mfc140d:mfc140d.dll
 0001:0000aa4c       ?get_accRole@CWnd@@UAEJUtagVARIANT@@PAU2@@Z 0040ba4c f   mfc140d:mfc140d.dll
 0001:0000aa52       ?get_accState@CWnd@@UAEJUtagVARIANT@@PAU2@@Z 0040ba52 f   mfc140d:mfc140d.dll
 0001:0000aa58       ?get_accHelp@CWnd@@UAEJUtagVARIANT@@PAPA_W@Z 0040ba58 f   mfc140d:mfc140d.dll
 0001:0000aa5e       ?get_accHelpTopic@CWnd@@UAEJPAPA_WUtagVARIANT@@PAJ@Z 0040ba5e f   mfc140d:mfc140d.dll
 0001:0000aa64       ?get_accKeyboardShortcut@CWnd@@UAEJUtagVARIANT@@PAPA_W@Z 0040ba64 f   mfc140d:mfc140d.dll
 0001:0000aa6a       ?get_accFocus@CWnd@@UAEJPAUtagVARIANT@@@Z 0040ba6a f   mfc140d:mfc140d.dll
 0001:0000aa70       ?get_accSelection@CWnd@@UAEJPAUtagVARIANT@@@Z 0040ba70 f   mfc140d:mfc140d.dll
 0001:0000aa76       ?get_accDefaultAction@CWnd@@UAEJUtagVARIANT@@PAPA_W@Z 0040ba76 f   mfc140d:mfc140d.dll
 0001:0000aa7c       ?accSelect@CWnd@@UAEJJUtagVARIANT@@@Z 0040ba7c f   mfc140d:mfc140d.dll
 0001:0000aa82       ?accLocation@CWnd@@UAEJPAJ000UtagVARIANT@@@Z 0040ba82 f   mfc140d:mfc140d.dll
 0001:0000aa88       ?accNavigate@CWnd@@UAEJJUtagVARIANT@@PAU2@@Z 0040ba88 f   mfc140d:mfc140d.dll
 0001:0000aa8e       ?accHitTest@CWnd@@UAEJJJPAUtagVARIANT@@@Z 0040ba8e f   mfc140d:mfc140d.dll
 0001:0000aa94       ?accDoDefaultAction@CWnd@@UAEJUtagVARIANT@@@Z 0040ba94 f   mfc140d:mfc140d.dll
 0001:0000aa9a       ?put_accName@CWnd@@UAEJUtagVARIANT@@PA_W@Z 0040ba9a f   mfc140d:mfc140d.dll
 0001:0000aaa0       ?put_accValue@CWnd@@UAEJUtagVARIANT@@PA_W@Z 0040baa0 f   mfc140d:mfc140d.dll
 0001:0000aaa6       ?SetProxy@CWnd@@UAEJPAUIAccessibleProxy@@@Z 0040baa6 f   mfc140d:mfc140d.dll
 0001:0000aaac       ?CreateAccessibleProxy@CWnd@@UAEJIJPAJ@Z 0040baac f   mfc140d:mfc140d.dll
 0001:0000aab2       ?OnCommand@CWnd@@MAEHIJ@Z  0040bab2 f   mfc140d:mfc140d.dll
 0001:0000aab8       ?OnNotify@CWnd@@MAEHIJPAJ@Z 0040bab8 f   mfc140d:mfc140d.dll
 0001:0000aabe       ?OnActivate@CWnd@@IAEXIPAV1@H@Z 0040babe f   mfc140d:mfc140d.dll
 0001:0000aac4       ?OnCreate@CWnd@@IAEHPAUtagCREATESTRUCTA@@@Z 0040bac4 f   mfc140d:mfc140d.dll
 0001:0000aaca       ?OnDestroy@CWnd@@IAEXXZ    0040baca f   mfc140d:mfc140d.dll
 0001:0000aad0       ?OnWindowPosChanged@CWnd@@IAEXPAUtagWINDOWPOS@@@Z 0040bad0 f   mfc140d:mfc140d.dll
 0001:0000aad6       ?OnNcHitTest@CWnd@@IAEJVCPoint@@@Z 0040bad6 f   mfc140d:mfc140d.dll
 0001:0000aadc       ?OnNcMouseMove@CWnd@@IAEXIVCPoint@@@Z 0040badc f   mfc140d:mfc140d.dll
 0001:0000aae2       ?OnTimer@CWnd@@IAEXI@Z     0040bae2 f   mfc140d:mfc140d.dll
 0001:0000aae8       ?GetSuperWndProcAddr@CWnd@@MAEPAP6GJPAUHWND__@@IIJ@ZXZ 0040bae8 f   mfc140d:mfc140d.dll
 0001:0000aaee       ?DoDataExchange@CWnd@@MAEXPAVCDataExchange@@@Z 0040baee f   mfc140d:mfc140d.dll
 0001:0000aaf4       ?BeginModalState@CWnd@@UAEXXZ 0040baf4 f   mfc140d:mfc140d.dll
 0001:0000aafa       ?EndModalState@CWnd@@UAEXXZ 0040bafa f   mfc140d:mfc140d.dll
 0001:0000ab00       ?OnAmbientProperty@CWnd@@UAEHPAVCOleControlSite@@JPAUtagVARIANT@@@Z 0040bb00 f   mfc140d:mfc140d.dll
 0001:0000ab06       ?WindowProc@CWnd@@MAEJIIJ@Z 0040bb06 f   mfc140d:mfc140d.dll
 0001:0000ab0c       ?OnWndMsg@CWnd@@MAEHIIJPAJ@Z 0040bb0c f   mfc140d:mfc140d.dll
 0001:0000ab12       ?DefWindowProcA@CWnd@@MAEJIIJ@Z 0040bb12 f   mfc140d:mfc140d.dll
 0001:0000ab18       ?PostNcDestroy@CWnd@@MAEXXZ 0040bb18 f   mfc140d:mfc140d.dll
 0001:0000ab1e       ?OnChildNotify@CWnd@@MAEHIIJPAJ@Z 0040bb1e f   mfc140d:mfc140d.dll
 0001:0000ab24       ?OnTouchInputs@CWnd@@MAEHIPAUtagTOUCHINPUT@@@Z 0040bb24 f   mfc140d:mfc140d.dll
 0001:0000ab2a       ?OnTouchInput@CWnd@@MAEHVCPoint@@HHPAUtagTOUCHINPUT@@@Z 0040bb2a f   mfc140d:mfc140d.dll
 0001:0000ab30       ?GetGestureStatus@CWnd@@MAEKVCPoint@@@Z 0040bb30 f   mfc140d:mfc140d.dll
 0001:0000ab36       ?OnGestureZoom@CWnd@@MAEHVCPoint@@J@Z 0040bb36 f   mfc140d:mfc140d.dll
 0001:0000ab3c       ?OnGesturePan@CWnd@@MAEHVCPoint@@0@Z 0040bb3c f   mfc140d:mfc140d.dll
 0001:0000ab42       ?OnGestureRotate@CWnd@@MAEHVCPoint@@N@Z 0040bb42 f   mfc140d:mfc140d.dll
 0001:0000ab48       ?OnGestureTwoFingerTap@CWnd@@MAEHVCPoint@@@Z 0040bb48 f   mfc140d:mfc140d.dll
 0001:0000ab4e       ?OnGesturePressAndTap@CWnd@@MAEHVCPoint@@J@Z 0040bb4e f   mfc140d:mfc140d.dll
 0001:0000ab54       ?ResizeDynamicLayout@CWnd@@MAEXXZ 0040bb54 f   mfc140d:mfc140d.dll
 0001:0000ab5a       ?IsFrameWnd@CWnd@@UBEHXZ   0040bb5a f   mfc140d:mfc140d.dll
 0001:0000ab60       ?OnFinalRelease@CWnd@@UAEXXZ 0040bb60 f   mfc140d:mfc140d.dll
 0001:0000ab66       ?CreateControlContainer@CWnd@@MAEHPAPAVCOleControlContainer@@@Z 0040bb66 f   mfc140d:mfc140d.dll
 0001:0000ab6c       ?CreateControlSite@CWnd@@MAEHPAVCOleControlContainer@@PAPAVCOleControlSite@@IABU_GUID@@@Z 0040bb6c f   mfc140d:mfc140d.dll
 0001:0000ab72       ?GetRuntimeClass@CDialog@@UBEPAUCRuntimeClass@@XZ 0040bb72 f   mfc140d:mfc140d.dll
 0001:0000ab78       ?Create@CDialog@@UAEHPBDPAVCWnd@@@Z 0040bb78 f   mfc140d:mfc140d.dll
 0001:0000ab7e       ?Create@CDialog@@UAEHIPAVCWnd@@@Z 0040bb7e f   mfc140d:mfc140d.dll
 0001:0000ab84       ?CreateIndirect@CDialog@@UAEHPBUDLGTEMPLATE@@PAVCWnd@@PAX@Z 0040bb84 f   mfc140d:mfc140d.dll
 0001:0000ab8a       ?CreateIndirect@CDialog@@UAEHPAXPAVCWnd@@@Z 0040bb8a f   mfc140d:mfc140d.dll
 0001:0000ab90       ??0CDialog@@QAE@IPAVCWnd@@@Z 0040bb90 f   mfc140d:mfc140d.dll
 0001:0000ab96       ?DoModal@CDialog@@UAEHXZ   0040bb96 f   mfc140d:mfc140d.dll
 0001:0000ab9c       ?OnInitDialog@CDialog@@UAEHXZ 0040bb9c f   mfc140d:mfc140d.dll
 0001:0000aba2       ?OnSetFont@CDialog@@UAEXPAVCFont@@@Z 0040bba2 f   mfc140d:mfc140d.dll
 0001:0000aba8       ?OnOK@CDialog@@MAEXXZ      0040bba8 f   mfc140d:mfc140d.dll
 0001:0000abae       ?OnCancel@CDialog@@MAEXXZ  0040bbae f   mfc140d:mfc140d.dll
 0001:0000abb4       ??1CDialog@@UAE@XZ         0040bbb4 f   mfc140d:mfc140d.dll
 0001:0000abba       ?AssertValid@CDialog@@UBEXXZ 0040bbba f   mfc140d:mfc140d.dll
 0001:0000abc0       ?Dump@CDialog@@UBEXAAVCDumpContext@@@Z 0040bbc0 f   mfc140d:mfc140d.dll
 0001:0000abc6       ?PreTranslateMessage@CDialog@@UAEHPAUtagMSG@@@Z 0040bbc6 f   mfc140d:mfc140d.dll
 0001:0000abcc       ?OnCmdMsg@CDialog@@UAEHIHPAXPAUAFX_CMDHANDLERINFO@@@Z 0040bbcc f   mfc140d:mfc140d.dll
 0001:0000abd2       ?CheckAutoCenter@CDialog@@UAEHXZ 0040bbd2 f   mfc140d:mfc140d.dll
 0001:0000abd8       ?SetOccDialogInfo@CDialog@@MAEHPAU_AFX_OCC_DIALOG_INFO@@@Z 0040bbd8 f   mfc140d:mfc140d.dll
 0001:0000abde       ?GetOccDialogInfo@CDialog@@MAEPAU_AFX_OCC_DIALOG_INFO@@XZ 0040bbde f   mfc140d:mfc140d.dll
 0001:0000abe4       ?PreInitDialog@CDialog@@MAEXXZ 0040bbe4 f   mfc140d:mfc140d.dll
 0001:0000abea       ??3@YAXPAX@Z               0040bbea f   mfc140d:mfc140d.dll
 0001:0000abf0       ?OnHelp@CWinApp@@IAEXXZ    0040bbf0 f   mfc140d:mfc140d.dll
 0001:0000abf6       ?GetThisMessageMap@CWinApp@@KGPBUAFX_MSGMAP@@XZ 0040bbf6 f   mfc140d:mfc140d.dll
 0001:0000abfc       ?OnCmdMsg@CCmdTarget@@UAEHIHPAXPAUAFX_CMDHANDLERINFO@@@Z 0040bbfc f   mfc140d:mfc140d.dll
 0001:0000ac02       ?OnFinalRelease@CCmdTarget@@UAEXXZ 0040bc02 f   mfc140d:mfc140d.dll
 0001:0000ac08       ?GetInterfaceMap@CCmdTarget@@MBEPBUAFX_INTERFACEMAP@@XZ 0040bc08 f   mfc140d:mfc140d.dll
 0001:0000ac0e       ??1CButton@@UAE@XZ         0040bc0e f   mfc140d:mfc140d.dll
 0001:0000ac14       ??1CEdit@@UAE@XZ           0040bc14 f   mfc140d:mfc140d.dll
 0001:0000ac1a       ?PreTranslateMessage@CWinThread@@UAEHPAUtagMSG@@@Z 0040bc1a f   mfc140d:mfc140d.dll
 0001:0000ac20       ?PumpMessage@CWinThread@@UAEHXZ 0040bc20 f   mfc140d:mfc140d.dll
 0001:0000ac26       ?IsIdleMessage@CWinThread@@UAEHPAUtagMSG@@@Z 0040bc26 f   mfc140d:mfc140d.dll
 0001:0000ac2c       ?ProcessMessageFilter@CWinThread@@UAEHHPAUtagMSG@@@Z 0040bc2c f   mfc140d:mfc140d.dll
 0001:0000ac32       ?GetMainWnd@CWinThread@@UAEPAVCWnd@@XZ 0040bc32 f   mfc140d:mfc140d.dll
 0001:0000ac38       ?Delete@CWinThread@@UAEXXZ 0040bc38 f   mfc140d:mfc140d.dll
 0001:0000ac3e       ?GetRuntimeClass@CWinApp@@UBEPAUCRuntimeClass@@XZ 0040bc3e f   mfc140d:mfc140d.dll
 0001:0000ac44       ??0CWinApp@@QAE@PBD@Z      0040bc44 f   mfc140d:mfc140d.dll
 0001:0000ac4a       ?GetProfileIntA@CWinApp@@UAEIPBD0H@Z 0040bc4a f   mfc140d:mfc140d.dll
 0001:0000ac50       ?WriteProfileInt@CWinApp@@UAEHPBD0H@Z 0040bc50 f   mfc140d:mfc140d.dll
 0001:0000ac56       ?GetProfileStringA@CWinApp@@UAE?AV?$CStringT@DV?$StrTraitMFC_DLL@DV?$ChTraitsCRT@D@ATL@@@@@ATL@@PBD00@Z 0040bc56 f   mfc140d:mfc140d.dll
 0001:0000ac5c       ?WriteProfileStringA@CWinApp@@UAEHPBD00@Z 0040bc5c f   mfc140d:mfc140d.dll
 0001:0000ac62       ?GetProfileBinary@CWinApp@@UAEHPBD0PAPAEPAI@Z 0040bc62 f   mfc140d:mfc140d.dll
 0001:0000ac68       ?WriteProfileBinary@CWinApp@@UAEHPBD0PAEI@Z 0040bc68 f   mfc140d:mfc140d.dll
 0001:0000ac6e       ?InitLibId@CWinApp@@UAEXXZ 0040bc6e f   mfc140d:mfc140d.dll
 0001:0000ac74       ?Register@CWinApp@@UAEHXZ  0040bc74 f   mfc140d:mfc140d.dll
 0001:0000ac7a       ?Unregister@CWinApp@@UAEHXZ 0040bc7a f   mfc140d:mfc140d.dll
 0001:0000ac80       ?OpenDocumentFile@CWinApp@@UAEPAVCDocument@@PBD@Z 0040bc80 f   mfc140d:mfc140d.dll
 0001:0000ac86       ?OpenDocumentFile@CWinApp@@UAEPAVCDocument@@PBDH@Z 0040bc86 f   mfc140d:mfc140d.dll
 0001:0000ac8c       ?AddToRecentFileList@CWinApp@@UAEXPBD@Z 0040bc8c f   mfc140d:mfc140d.dll
 0001:0000ac92       ?InitApplication@CWinApp@@UAEHXZ 0040bc92 f   mfc140d:mfc140d.dll
 0001:0000ac98       ?SaveAllModified@CWinApp@@UAEHXZ 0040bc98 f   mfc140d:mfc140d.dll
 0001:0000ac9e       ?DoMessageBox@CWinApp@@UAEHPBDII@Z 0040bc9e f   mfc140d:mfc140d.dll
 0001:0000aca4       ?DoWaitCursor@CWinApp@@UAEXH@Z 0040bca4 f   mfc140d:mfc140d.dll
 0001:0000acaa       ?OnDDECommand@CWinApp@@UAEHPAD@Z 0040bcaa f   mfc140d:mfc140d.dll
 0001:0000acb0       ?WinHelpA@CWinApp@@UAEXKI@Z 0040bcb0 f   mfc140d:mfc140d.dll
 0001:0000acb6       ?HtmlHelpA@CWinApp@@UAEXKI@Z 0040bcb6 f   mfc140d:mfc140d.dll
 0001:0000acbc       ?WinHelpInternal@CWinApp@@UAEXKI@Z 0040bcbc f   mfc140d:mfc140d.dll
 0001:0000acc2       ?RegisterWithRestartManager@CWinApp@@UAEJHABV?$CStringT@DV?$StrTraitMFC_DLL@DV?$ChTraitsCRT@D@ATL@@@@@ATL@@@Z 0040bcc2 f   mfc140d:mfc140d.dll
 0001:0000acc8       ?RegisterWithRestartManager@CWinApp@@UAEJPB_WKP6GKPAX@Z1KK@Z 0040bcc8 f   mfc140d:mfc140d.dll
 0001:0000acce       ?ApplicationRecoveryCallback@CWinApp@@UAEKPAX@Z 0040bcce f   mfc140d:mfc140d.dll
 0001:0000acd4       ?GetDataRecoveryHandler@CWinApp@@UAEPAVCDataRecoveryHandler@@XZ 0040bcd4 f   mfc140d:mfc140d.dll
 0001:0000acda       ?IsTaskbarInteractionEnabled@CWinApp@@UAEHXZ 0040bcda f   mfc140d:mfc140d.dll
 0001:0000ace0       ?ExitInstance@CWinApp@@UAEHXZ 0040bce0 f   mfc140d:mfc140d.dll
 0001:0000ace6       ?RestartInstance@CWinApp@@UAEHXZ 0040bce6 f   mfc140d:mfc140d.dll
 0001:0000acec       ?Run@CWinApp@@UAEHXZ       0040bcec f   mfc140d:mfc140d.dll
 0001:0000acf2       ?OnIdle@CWinApp@@UAEHJ@Z   0040bcf2 f   mfc140d:mfc140d.dll
 0001:0000acf8       ?ProcessWndProcException@CWinApp@@UAEJPAVCException@@PBUtagMSG@@@Z 0040bcf8 f   mfc140d:mfc140d.dll
 0001:0000acfe       ?LoadAppLangResourceDLL@CWinApp@@UAEPAUHINSTANCE__@@XZ 0040bcfe f   mfc140d:mfc140d.dll
 0001:0000ad04       ??1CWinApp@@UAE@XZ         0040bd04 f   mfc140d:mfc140d.dll
 0001:0000ad0a       ?AssertValid@CWinApp@@UBEXXZ 0040bd0a f   mfc140d:mfc140d.dll
 0001:0000ad10       ?Dump@CWinApp@@UBEXAAVCDumpContext@@@Z 0040bd10 f   mfc140d:mfc140d.dll
 0001:0000ad16       ?LoadSysPolicies@CWinApp@@UAEHXZ 0040bd16 f   mfc140d:mfc140d.dll
 0001:0000ad1c       ?AfxGetResourceHandle@@YGPAUHINSTANCE__@@XZ 0040bd1c f   mfc140d:mfc140d.dll
 0001:0000ad22       ?Append@?$CSimpleStringT@D$00@ATL@@QAEXPBD@Z 0040bd22 f   mfc140d:mfc140d.dll
 0001:0000ad28       ?Append@?$CSimpleStringT@D$00@ATL@@QAEXABV12@@Z 0040bd28 f   mfc140d:mfc140d.dll
 0001:0000ad2e       ?GetLength@?$CSimpleStringT@D$00@ATL@@QBEHXZ 0040bd2e f   mfc140d:mfc140d.dll
 0001:0000ad34       ??0?$CStringT@DV?$StrTraitMFC_DLL@DV?$ChTraitsCRT@D@ATL@@@@@ATL@@QAE@ABV01@@Z 0040bd34 f   mfc140d:mfc140d.dll
 0001:0000ad3a       ??0?$CStringT@DV?$StrTraitMFC_DLL@DV?$ChTraitsCRT@D@ATL@@@@@ATL@@QAE@PBD@Z 0040bd3a f   mfc140d:mfc140d.dll
 0001:0000ad40       ?Find@?$CStringT@DV?$StrTraitMFC_DLL@DV?$ChTraitsCRT@D@ATL@@@@@ATL@@QBEHDH@Z 0040bd40 f   mfc140d:mfc140d.dll
 0001:0000ad46       ?TrimLeft@?$CStringT@DV?$StrTraitMFC_DLL@DV?$ChTraitsCRT@D@ATL@@@@@ATL@@QAEAAV12@XZ 0040bd46 f   mfc140d:mfc140d.dll
 0001:0000ad4c       ?Mid@?$CStringT@DV?$StrTraitMFC_DLL@DV?$ChTraitsCRT@D@ATL@@@@@ATL@@QBE?AV12@H@Z 0040bd4c f   mfc140d:mfc140d.dll
 0001:0000ad52       ?Left@?$CStringT@DV?$StrTraitMFC_DLL@DV?$ChTraitsCRT@D@ATL@@@@@ATL@@QBE?AV12@H@Z 0040bd52 f   mfc140d:mfc140d.dll
 0001:0000ad58       ??0CMenu@@QAE@XZ           0040bd58 f   mfc140d:mfc140d.dll
 0001:0000ad5e       ?LoadMenuA@CMenu@@QAEHPBD@Z 0040bd5e f   mfc140d:mfc140d.dll
 0001:0000ad64       ?TrackPopupMenu@CMenu@@QAEHIHHPAVCWnd@@PBUtagRECT@@@Z 0040bd64 f   mfc140d:mfc140d.dll
 0001:0000ad6a       ?CheckMenuItem@CMenu@@QAEIII@Z 0040bd6a f   mfc140d:mfc140d.dll
 0001:0000ad70       ?GetSubMenu@CMenu@@QBEPAV1@H@Z 0040bd70 f   mfc140d:mfc140d.dll
 0001:0000ad76       ??1CMenu@@UAE@XZ           0040bd76 f   mfc140d:mfc140d.dll
 0001:0000ad7c       ?DDX_Control@@YGXPAVCDataExchange@@HAAVCWnd@@@Z 0040bd7c f   mfc140d:mfc140d.dll
 0001:0000ad82       ?ModifyStyle@CWnd@@QAEHKKI@Z 0040bd82 f   mfc140d:mfc140d.dll
 0001:0000ad88       ?GetClientRect@CWnd@@QBEXPAUtagRECT@@@Z 0040bd88 f   mfc140d:mfc140d.dll
 0001:0000ad8e       ?MessageBoxA@CWnd@@QAEHPBD0I@Z 0040bd8e f   mfc140d:mfc140d.dll
 0001:0000ad94       ?OnGetMinMaxInfo@CWnd@@IAEXPAUtagMINMAXINFO@@@Z 0040bd94 f   mfc140d:mfc140d.dll
 0001:0000ad9a       ?OnSize@CWnd@@IAEXIHH@Z    0040bd9a f   mfc140d:mfc140d.dll
 0001:0000ada0       ?OnSysCommand@CWnd@@IAEXIJ@Z 0040bda0 f   mfc140d:mfc140d.dll
 0001:0000ada6       ??0CButton@@QAE@XZ         0040bda6 f   mfc140d:mfc140d.dll
 0001:0000adac       ??0CEdit@@QAE@XZ           0040bdac f   mfc140d:mfc140d.dll
 0001:0000adc0       ??$AtlAdd@H@ATL@@YAJPAHHH@Z 0040bdc0 f i mfcs140d:nolib.obj
 0001:0000ae10       ??$AtlAdd@I@ATL@@YAJPAIII@Z 0040be10 f i mfcs140d:nolib.obj
 0001:0000ae50       ??$AtlAdd@K@ATL@@YAJPAKKK@Z 0040be50 f i mfcs140d:nolib.obj
 0001:0000ae90       ??$AtlMultiply@I@ATL@@YAJPAIII@Z 0040be90 f i mfcs140d:nolib.obj
 0001:0000af00       ??$AtlMultiply@K@ATL@@YAJPAKKK@Z 0040bf00 f i mfcs140d:nolib.obj
 0001:0000af70       ??1CComBSTR@ATL@@QAE@XZ    0040bf70 f i mfcs140d:nolib.obj
 0001:0000afb0       ??1stringdispid@CComTypeInfoHolder@ATL@@QAE@XZ 0040bfb0 f i mfcs140d:nolib.obj
 0001:0000afe0       ??_Estringdispid@CComTypeInfoHolder@ATL@@QAEPAXI@Z 0040bfe0 f i mfcs140d:nolib.obj
 0001:0000b0d0       ?Allocate@CCRTAllocator@ATL@@SAPAXI@Z 0040c0d0 f i mfcs140d:nolib.obj
 0001:0000b100       ?Free@CCRTAllocator@ATL@@SAXPAX@Z 0040c100 f i mfcs140d:nolib.obj
 0001:0000b130       ?GetCategoryName@CTrace@ATL@@CAPA_WI@Z 0040c130 f i mfcs140d:nolib.obj
 0001:0000b190       ?GetInstance@CAtlStringMgr@ATL@@SAPAUIAtlStringMgr@2@XZ 0040c190 f i mfcs140d:nolib.obj
 0001:0000b240       ?RegisterCategory@CTrace@ATL@@SAXPBDI@Z 0040c240 f i mfcs140d:nolib.obj
 0001:0000b3d0       ?_AtlRaiseException@ATL@@YAXKK@Z 0040c3d0 f i mfcs140d:nolib.obj
 0001:0000b410       _HRESULT_FROM_WIN32        0040c410 f i mfcs140d:nolib.obj
 0001:0000b450       _IsolationAwareActivateActCtx@8 0040c450 f i mfcs140d:nolib.obj
 0001:0000b510       _IsolationAwareCreateActCtxW@4 0040c510 f i mfcs140d:nolib.obj
 0001:0000b5d0       _IsolationAwareDeactivateActCtx@8 0040c5d0 f i mfcs140d:nolib.obj
 0001:0000b690       _IsolationAwareFindActCtxSectionStringW@20 0040c690 f i mfcs140d:nolib.obj
 0001:0000b760       _IsolationAwarePrivatenPgViNgRzlnPgpgk@4 0040c760 f i mfcs140d:nolib.obj
 0001:0000b880       _IsolationAwarePrivatezltRgCebPnQQeRff@12 0040c880 f i mfcs140d:nolib.obj
 0001:0000b950       _IsolationAwarePrivatezltRgzbQhYRuNaQYRJ@4 0040c950 f i mfcs140d:nolib.obj
 0001:0000b980       _IsolationAwarePrivatezltRgzbQhYRuNaQYRn@4 0040c980 f i mfcs140d:nolib.obj
 0001:0000b9b0       _IsolationAwareQueryActCtxW@28 0040c9b0 f i mfcs140d:nolib.obj
 0001:0000ba90       _IsolationAwareUnregisterClassA@8 0040ca90 f i mfcs140d:nolib.obj
 0001:0000bca0       _WinbaseIsolationAwarePrivatetRgCebPnQQeRff_xReaRYQP_QYY@4 0040cca0 f i mfcs140d:nolib.obj
 0001:0000bcd0       _WinbaseIsolationAwarePrivatetRgzlnPgpgk@0 0040ccd0 f i mfcs140d:nolib.obj
 0001:0000c120       @__security_check_cookie@4 0040d120 f   msvcrtd:secchk.obj
 0001:0000c140       ??1type_info@@UAE@XZ       0040d140 f   msvcrtd:std_type_info_static.obj
 0001:0000c160       ??_Gtype_info@@UAEPAXI@Z   0040d160 f i msvcrtd:std_type_info_static.obj
 0001:0000c160       ??_Etype_info@@UAEPAXI@Z   0040d160 f i msvcrtd:std_type_info_static.obj
 0001:0000c1a0       ?configure_argv@__scrt_narrow_argv_policy@@SAHXZ 0040d1a0 f i msvcrtd:utility.obj
 0001:0000c270       ?initialize_environment@__scrt_narrow_environment_policy@@SAHXZ 0040d270 f i msvcrtd:utility.obj
 0001:0000c310       _NtCurrentTeb              0040d310 f i msvcrtd:utility.obj
 0001:0000c320       ___scrt_acquire_startup_lock 0040d320 f   msvcrtd:utility.obj
 0001:0000c380       ___scrt_dllmain_after_initialize_c 0040d380 f   msvcrtd:utility.obj
 0001:0000c3c0       ___scrt_dllmain_before_initialize_c 0040d3c0 f   msvcrtd:utility.obj
 0001:0000c3f0       ___scrt_dllmain_crt_thread_attach 0040d3f0 f   msvcrtd:utility.obj
 0001:0000c430       ___scrt_dllmain_crt_thread_detach 0040d430 f   msvcrtd:utility.obj
 0001:0000c450       ___scrt_dllmain_exception_filter 0040d450 f   msvcrtd:utility.obj
 0001:0000c4b0       ___scrt_dllmain_uninitialize_c 0040d4b0 f   msvcrtd:utility.obj
 0001:0000c4f0       ___scrt_dllmain_uninitialize_critical 0040d4f0 f   msvcrtd:utility.obj
 0001:0000c510       ___scrt_initialize_crt     0040d510 f   msvcrtd:utility.obj
 0001:0000c570       ___scrt_initialize_onexit_tables 0040d570 f   msvcrtd:utility.obj
 0001:0000c680       ___scrt_is_nonwritable_in_current_image 0040d680 f   msvcrtd:utility.obj
 0001:0000c800       ___scrt_release_startup_lock 0040d800 f   msvcrtd:utility.obj
 0001:0000c830       ___scrt_uninitialize_crt   0040d830 f   msvcrtd:utility.obj
 0001:0000c880       __onexit                   0040d880 f   msvcrtd:utility.obj
 0001:0000c900       _at_quick_exit             0040d900 f   msvcrtd:utility.obj
 0001:0000c950       _atexit                    0040d950 f   msvcrtd:utility.obj
 0001:0000c990       ??3@YAXPAXI@Z              0040d990 f   msvcrtd:delete_scalar_size.obj
 0001:0000cb00       __Init_thread_abort        0040db00 f   msvcrtd:thread_safe_statics.obj
 0001:0000cb30       __Init_thread_footer       0040db30 f   msvcrtd:thread_safe_statics.obj
 0001:0000cb90       __Init_thread_header       0040db90 f   msvcrtd:thread_safe_statics.obj
 0001:0000cc20       __Init_thread_lock         0040dc20 f   msvcrtd:thread_safe_statics.obj
 0001:0000cc40       __Init_thread_notify       0040dc40 f   msvcrtd:thread_safe_statics.obj
 0001:0000cca0       __Init_thread_unlock       0040dca0 f   msvcrtd:thread_safe_statics.obj
 0001:0000ccc0       __Init_thread_wait         0040dcc0 f   msvcrtd:thread_safe_statics.obj
 0001:0000d180       ?set_app_type@__scrt_winmain_policy@@SAXXZ 0040e180 f i msvcrtd:exe_winmain.obj
 0001:0000d1a0       ?set_commode@__scrt_file_policy@@SAXXZ 0040e1a0 f i msvcrtd:exe_winmain.obj
 0001:0000d1c0       ?set_fmode@__scrt_file_policy@@SAXXZ 0040e1c0 f i msvcrtd:exe_winmain.obj
 0001:0000d1e0       _WinMainCRTStartup         0040e1e0 f   msvcrtd:exe_winmain.obj
 0001:0000d1f0       ??_M@YGXPAXIHP6EX0@Z@Z     0040e1f0 f   msvcrtd:ehvecdtr.obj
 0001:0000d220       ??_M@YGXPAXIIP6EX0@Z@Z     0040e220 f   msvcrtd:ehvecdtr.obj
 0001:0000d380       ?__ArrayUnwind@@YGXPAXIIP6EX0@Z@Z 0040e380 f   msvcrtd:ehvecdtr.obj
 0001:0000d460       ??_V@YAXPAXI@Z             0040e460 f   msvcrtd:delete_array_size.obj
 0001:0000d480       @_RTC_AllocaHelper@12      0040e480 f   msvcrtd:stack.obj
 0001:0000d4c0       @_RTC_CheckStackVars2@12   0040e4c0 f   msvcrtd:stack.obj
 0001:0000d5d0       @_RTC_CheckStackVars@8     0040e5d0 f   msvcrtd:stack.obj
 0001:0000d640       __RTC_CheckEsp             0040e640 f   msvcrtd:stack.obj
 0001:0000d670       __CRT_RTC_INIT             0040e670 f   msvcrtd:init.obj
 0001:0000d680       __CRT_RTC_INITW            0040e680 f   msvcrtd:init.obj
 0001:0000d690       __RTC_InitBase             0040e690 f   msvcrtd:init.obj
 0001:0000d6d0       __RTC_Shutdown             0040e6d0 f   msvcrtd:init.obj
 0001:0000d6f0       __except_handler4          0040e6f0 f   msvcrtd:chandler4gs.obj
 0001:0000d740       @_guard_check_icall_nop@4  0040e740 f i msvcrtd:guard_support.obj
 0001:0000d750       _ReadNoFence               0040e750 f i msvcrtd:guard_support.obj
 0001:0000d770       _ReadPointerNoFence        0040e770 f i msvcrtd:guard_support.obj
 0001:0000d790       ___castguard_check_failure_debugbreak 0040e790 f i msvcrtd:guard_support.obj
 0001:0000d7b0       ___castguard_check_failure_fastfail 0040e7b0 f i msvcrtd:guard_support.obj
 0001:0000d7e0       ___castguard_check_failure_nop 0040e7e0 f i msvcrtd:guard_support.obj
 0001:0000d7f0       ___castguard_check_failure_os_handled 0040e7f0 f i msvcrtd:guard_support.obj
 0001:0000d890       ___castguard_slow_path_check_debugbreak 0040e890 f i msvcrtd:guard_support.obj
 0001:0000d8d0       ___castguard_slow_path_check_fastfail 0040e8d0 f i msvcrtd:guard_support.obj
 0001:0000d920       ___castguard_slow_path_check_nop 0040e920 f i msvcrtd:guard_support.obj
 0001:0000d930       ___castguard_slow_path_check_os_handled 0040e930 f i msvcrtd:guard_support.obj
 0001:0000d9f0       __guard_icall_checks_enforced 0040e9f0 f i msvcrtd:guard_support.obj
 0001:0000da30       ___raise_securityfailure   0040ea30 f   msvcrtd:gs_report.obj
 0001:0000da70       ___report_gsfailure        0040ea70 f   msvcrtd:gs_report.obj
 0001:0000dbc0       ___report_rangecheckfailure 0040ebc0 f   msvcrtd:gs_report.obj
 0001:0000dbd0       ___report_securityfailure  0040ebd0 f   msvcrtd:gs_report.obj
 0001:0000dce0       ___report_securityfailureEx 0040ece0 f   msvcrtd:gs_report.obj
 0001:0000de50       ___isa_available_init      0040ee50 f   msvcrtd:cpu_disp.obj
 0001:0000e250       __get_startup_argv_mode    0040f250 f   msvcrtd:argv_mode.obj
 0001:0000e260       ___scrt_is_ucrt_dll_in_use 0040f260 f   msvcrtd:ucrt_detection.obj
 0001:0000e290       ___scrt_fastfail           0040f290 f   msvcrtd:utility_desktop.obj
 0001:0000e420       ___scrt_get_show_window_mode 0040f420 f   msvcrtd:utility_desktop.obj
 0001:0000e470       ___scrt_initialize_mta     0040f470 f   msvcrtd:utility_desktop.obj
 0001:0000e480       ___scrt_initialize_winrt   0040f480 f   msvcrtd:utility_desktop.obj
 0001:0000e490       ___scrt_is_managed_app     0040f490 f   msvcrtd:utility_desktop.obj
 0001:0000e540       ___scrt_set_unhandled_exception_filter 0040f540 f   msvcrtd:utility_desktop.obj
 0001:0000e560       ___scrt_stub_for_initialize_mta 0040f560 f   msvcrtd:utility_desktop.obj
 0001:0000e560       ___scrt_exe_initialize_mta 0040f560 f   msvcrtd:utility_desktop.obj
 0001:0000e570       ___scrt_unhandled_exception_filter@4 0040f570 f   msvcrtd:utility_desktop.obj
 0001:0000e610       __crt_debugger_hook        0040f610 f   msvcrtd:utility_desktop.obj
 0001:0000e6c0       ___security_init_cookie    0040f6c0 f   msvcrtd:gs_support.obj
 0001:0000e760       __matherr                  0040f760 f   msvcrtd:matherr.obj
 0001:0000e770       __get_startup_commit_mode  0040f770 f   msvcrtd:commit_mode.obj
 0001:0000e780       __get_startup_file_mode    0040f780 f   msvcrtd:file_mode.obj
 0001:0000e790       __get_startup_new_mode     0040f790 f   msvcrtd:new_mode.obj
 0001:0000e7a0       __get_startup_thread_locale_mode 0040f7a0 f   msvcrtd:thread_locale.obj
 0001:0000e7b0       ?__scrt_initialize_type_info@@YAXXZ 0040f7b0 f   msvcrtd:tncleanup.obj
 0001:0000e7d0       ?__scrt_uninitialize_type_info@@YAXXZ 0040f7d0 f   msvcrtd:tncleanup.obj
 0001:0000e7f0       __should_initialize_environment 0040f7f0 f   msvcrtd:env_mode.obj
 0001:0000e800       __initialize_default_precision 0040f800 f   msvcrtd:default_precision.obj
 0001:0000e830       __initialize_invalid_parameter_handler 0040f830 f   msvcrtd:invalid_parameter_handler.obj
 0001:0000e840       __initialize_denormal_control 0040f840 f   msvcrtd:denormal_control.obj
 0001:0000e850       ___local_stdio_scanf_options 0040f850 f i msvcrtd:default_local_stdio_options.obj
 0001:0000e860       ___scrt_initialize_default_local_stdio_options 0040f860 f   msvcrtd:default_local_stdio_options.obj
 0001:0000e8b0       ___scrt_is_user_matherr_present 0040f8b0 f   msvcrtd:matherr_detection.obj
 0001:0000e8e0       ___scrt_get_dyn_tls_init_callback 0040f8e0 f   msvcrtd:dyn_tls_init.obj
 0001:0000e8f0       ___scrt_get_dyn_tls_dtor_callback 0040f8f0 f   msvcrtd:dyn_tls_dtor.obj
 0001:0000e900       __RTC_Initialize           0040f900 f   msvcrtd:initsect.obj
 0001:0000e940       __RTC_Terminate            0040f940 f   msvcrtd:initsect.obj
 0001:0000e980       ??_V@YAXPAX@Z              0040f980 f   msvcrtd:delete_array.obj
 0001:0000ea50       ?_RTC_AllocaFailure@@YAXPAXPAU_RTC_ALLOCA_NODE@@H@Z 0040fa50 f   msvcrtd:error.obj
 0001:0000eb70       ?_RTC_Failure@@YAXPAXH@Z   0040fb70 f   msvcrtd:error.obj
 0001:0000ebe0       ?_RTC_StackFailure@@YAXPAXPBD@Z 0040fbe0 f   msvcrtd:error.obj
 0001:0000f090       __RTC_UninitUse            00410090 f   msvcrtd:error.obj
 0001:0000f170       __vsprintf_s_l             00410170 f i msvcrtd:error.obj
 0001:0000f1b0       _sprintf_s                 004101b0 f i msvcrtd:error.obj
 0001:0000f1e0       ?_RTC_GetErrorFunc@@YAP6AHHPBDH00ZZPBX@Z 004101e0 f   msvcrtd:userapi.obj
 0001:0000f1f0       ?_RTC_GetErrorFuncW@@YAP6AHHPB_WH00ZZPBX@Z 004101f0 f   msvcrtd:userapi.obj
 0001:0000f200       __RTC_GetErrDesc           00410200 f   msvcrtd:userapi.obj
 0001:0000f220       __RTC_NumErrors            00410220 f   msvcrtd:userapi.obj
 0001:0000f230       __RTC_SetErrorFunc         00410230 f   msvcrtd:userapi.obj
 0001:0000f260       __RTC_SetErrorFuncW        00410260 f   msvcrtd:userapi.obj
 0001:0000f290       __RTC_SetErrorType         00410290 f   msvcrtd:userapi.obj
 0001:0000f850       ?_RTC_GetSrcLine@@YAHPAEPA_WKPAH1K@Z 00410850 f   msvcrtd:pdblkup.obj
 0001:0000fcb0       __except_handler4_noexcept 00410cb0 f   msvcrtd:chandler4_noexcept.obj
 0001:0000fd21       _GetTickCount@0            00410d21 f   kernel32:KERNEL32.dll
 0001:0000fd27       _DecodePointer@4           00410d27 f   kernel32:KERNEL32.dll
 0001:0000fd2d       _RaiseException@16         00410d2d f   kernel32:KERNEL32.dll
 0001:0000fd33       _GetLastError@0            00410d33 f   kernel32:KERNEL32.dll
 0001:0000fd39       _SetLastError@4            00410d39 f   kernel32:KERNEL32.dll
 0001:0000fd3f       _HeapDestroy@4             00410d3f f   kernel32:KERNEL32.dll
 0001:0000fd45       _HeapAlloc@12              00410d45 f   kernel32:KERNEL32.dll
 0001:0000fd4b       _HeapReAlloc@16            00410d4b f   kernel32:KERNEL32.dll
 0001:0000fd51       _HeapFree@12               00410d51 f   kernel32:KERNEL32.dll
 0001:0000fd57       _HeapSize@12               00410d57 f   kernel32:KERNEL32.dll
 0001:0000fd5d       _GetProcessHeap@0          00410d5d f   kernel32:KERNEL32.dll
 0001:0000fd63       _InitializeCriticalSectionEx@12 00410d63 f   kernel32:KERNEL32.dll
 0001:0000fd69       _DeleteCriticalSection@4   00410d69 f   kernel32:KERNEL32.dll
 0001:0000fd6f       _MultiByteToWideChar@24    00410d6f f   kernel32:KERNEL32.dll
 0001:0000fd75       _OutputDebugStringA@4      00410d75 f   kernel32:KERNEL32.dll
 0001:0000fd7b       _InitializeCriticalSectionAndSpinCount@8 00410d7b f   kernel32:KERNEL32.dll
 0001:0000fd81       _GetModuleFileNameW@12     00410d81 f   kernel32:KERNEL32.dll
 0001:0000fd87       _GetModuleHandleA@4        00410d87 f   kernel32:KERNEL32.dll
 0001:0000fd8d       _GetModuleHandleW@4        00410d8d f   kernel32:KERNEL32.dll
 0001:0000fd93       _GetProcAddress@8          00410d93 f   kernel32:KERNEL32.dll
 0001:0000fd99       _LoadLibraryW@4            00410d99 f   kernel32:KERNEL32.dll
 0001:0000fd9f       _CloseHandle@4             00410d9f f   kernel32:KERNEL32.dll
 0001:0000fda5       _EnterCriticalSection@4    00410da5 f   kernel32:KERNEL32.dll
 0001:0000fdab       _LeaveCriticalSection@4    00410dab f   kernel32:KERNEL32.dll
 0001:0000fdb1       _SetEvent@4                00410db1 f   kernel32:KERNEL32.dll
 0001:0000fdb7       _ResetEvent@4              00410db7 f   kernel32:KERNEL32.dll
 0001:0000fdbd       _WaitForSingleObjectEx@12  00410dbd f   kernel32:KERNEL32.dll
 0001:0000fdc3       _CreateEventW@16           00410dc3 f   kernel32:KERNEL32.dll
 0001:0000fdc9       _UnhandledExceptionFilter@4 00410dc9 f   kernel32:KERNEL32.dll
 0001:0000fdcf       _SetUnhandledExceptionFilter@4 00410dcf f   kernel32:KERNEL32.dll
 0001:0000fdd5       _GetCurrentProcess@0       00410dd5 f   kernel32:KERNEL32.dll
 0001:0000fddb       _TerminateProcess@8        00410ddb f   kernel32:KERNEL32.dll
 0001:0000fde1       _IsProcessorFeaturePresent@4 00410de1 f   kernel32:KERNEL32.dll
 0001:0000fde7       _IsDebuggerPresent@0       00410de7 f   kernel32:KERNEL32.dll
 0001:0000fded       _GetStartupInfoW@4         00410ded f   kernel32:KERNEL32.dll
 0001:0000fdf3       _QueryPerformanceCounter@4 00410df3 f   kernel32:KERNEL32.dll
 0001:0000fdf9       _GetCurrentProcessId@0     00410df9 f   kernel32:KERNEL32.dll
 0001:0000fdff       _GetCurrentThreadId@0      00410dff f   kernel32:KERNEL32.dll
 0001:0000fe05       _GetSystemTimeAsFileTime@4 00410e05 f   kernel32:KERNEL32.dll
 0001:0000fe0b       _InitializeSListHead@4     00410e0b f   kernel32:KERNEL32.dll
 0001:0000fe11       _WideCharToMultiByte@32    00410e11 f   kernel32:KERNEL32.dll
 0001:0000fe17       _VirtualQuery@12           00410e17 f   kernel32:KERNEL32.dll
 0001:0000fe1d       _FreeLibrary@4             00410e1d f   kernel32:KERNEL32.dll
 0001:0000fe23       _RegisterWindowMessageA@4  00410e23 f   user32:USER32.dll
 0001:0000fe29       _PeekMessageA@20           00410e29 f   user32:USER32.dll
 0001:0000fe2f       _GetMessagePos@0           00410e2f f   user32:USER32.dll
 0001:0000fe35       _PostQuitMessage@4         00410e35 f   user32:USER32.dll
 0001:0000fe3b       _IsWindow@4                00410e3b f   user32:USER32.dll
 0001:0000fe41       _GetKeyState@4             00410e41 f   user32:USER32.dll
 0001:0000fe47       _GetAsyncKeyState@4        00410e47 f   user32:USER32.dll
 0001:0000fe4d       _GetSystemMetrics@4        00410e4d f   user32:USER32.dll
 0001:0000fe53       _AdjustWindowRectEx@16     00410e53 f   user32:USER32.dll
 0001:0000fe59       _MessageBoxA@16            00410e59 f   user32:USER32.dll
 0001:0000fe5f       _SetRectEmpty@4            00410e5f f   user32:USER32.dll
 0001:0000fe65       _CopyRect@8                00410e65 f   user32:USER32.dll
 0001:0000fe6b       _InflateRect@12            00410e6b f   user32:USER32.dll
 0001:0000fe71       _EqualRect@8               00410e71 f   user32:USER32.dll
 0001:0000fe77       _PtInRect@12               00410e77 f   user32:USER32.dll
 0001:0000fe7d       _SystemParametersInfoA@16  00410e7d f   user32:USER32.dll
 0001:0000fe83       _MessageBoxIndirectA@4     00410e83 f   user32:USER32.dll
 0001:0000fe89       _UnregisterClassA@8        00410e89 f   user32:USER32.dll
 0001:0000fe8f       _RegCloseKey@4             00410e8f f   advapi32:ADVAPI32.dll
 0001:0000fe95       _RegCreateKeyExA@36        00410e95 f   advapi32:ADVAPI32.dll
 0001:0000fe9b       _RegOpenKeyExA@20          00410e9b f   advapi32:ADVAPI32.dll
 0001:0000fea1       _RegQueryValueExA@24       00410ea1 f   advapi32:ADVAPI32.dll
 0001:0000fea7       _RegSetValueExA@24         00410ea7 f   advapi32:ADVAPI32.dll
 0001:0000fead       _SHAppBarMessage@8         00410ead f   shell32:SHELL32.dll
 0001:0000feb3       _ShellExecuteA@24          00410eb3 f   shell32:SHELL32.dll
 0001:0000feb9       ??$?2PAUHINSTANCE__@@@Wrapper@?$CSimpleArray@PAUHINSTANCE__@@V?$CSimpleArrayEqualHelper@PAUHINSTANCE__@@@ATL@@@ATL@@SAPAXIPAPAUHINSTANCE__@@@Z 00410eb9 f i atls:atlbase.obj
 0001:0000fec3       ??0?$CComCritSecLock@VCComCriticalSection@ATL@@@ATL@@QAE@AAVCComCriticalSection@1@_N@Z 00410ec3 f i atls:atlbase.obj
 0001:0000fef3       ??0?$CSimpleArray@PAUHINSTANCE__@@V?$CSimpleArrayEqualHelper@PAUHINSTANCE__@@@ATL@@@ATL@@QAE@XZ 00410ef3 f i atls:atlbase.obj
 0001:0000ff03       ??0CAtlBaseModule@ATL@@QAE@XZ 00410f03 f   atls:atlbase.obj
 0001:0000ff6a       ??0Wrapper@?$CSimpleArray@PAUHINSTANCE__@@V?$CSimpleArrayEqualHelper@PAUHINSTANCE__@@@ATL@@@ATL@@QAE@ABQAUHINSTANCE__@@@Z 00410f6a f i atls:atlbase.obj
 0001:0000ff7e       ??0_ATL_BASE_MODULE70@ATL@@QAE@XZ 00410f7e f i atls:atlbase.obj
 0001:0000ffa9       ??1?$CComCritSecLock@VCComCriticalSection@ATL@@@ATL@@QAE@XZ 00410fa9 f i atls:atlbase.obj
 0001:0000ffc5       ??1?$CSimpleArray@PAUHINSTANCE__@@V?$CSimpleArrayEqualHelper@PAUHINSTANCE__@@@ATL@@@ATL@@QAE@XZ 00410fc5 f i atls:atlbase.obj
 0001:0000ffca       ??1CAtlBaseModule@ATL@@QAE@XZ 00410fca f   atls:atlbase.obj
 0001:0000ffe5       ??1_ATL_BASE_MODULE70@ATL@@QAE@XZ 00410fe5 f i atls:atlbase.obj
 0001:0000ffef       ??A?$CSimpleArray@PAUHINSTANCE__@@V?$CSimpleArrayEqualHelper@PAUHINSTANCE__@@@ATL@@@ATL@@QAEAAPAUHINSTANCE__@@H@Z 00410fef f i atls:atlbase.obj
 0001:0001001d       ?Add@?$CSimpleArray@PAUHINSTANCE__@@V?$CSimpleArrayEqualHelper@PAUHINSTANCE__@@@ATL@@@ATL@@QAEHABQAUHINSTANCE__@@@Z 0041101d f i atls:atlbase.obj
 0001:000100bf       ?AddResourceInstance@CAtlBaseModule@ATL@@QAE_NPAUHINSTANCE__@@@Z 004110bf f   atls:atlbase.obj
 0001:000100fe       ?AtlCrtErrorCheck@ATL@@YAHH@Z 004110fe f i atls:atlbase.obj
 0001:00010147       ?AtlThrowImpl@ATL@@YGXJ@Z  00411147 f i atls:atlbase.obj
 0001:00010170       ?GetHInstanceAt@CAtlBaseModule@ATL@@QAEPAUHINSTANCE__@@H@Z 00411170 f   atls:atlbase.obj
 0001:000101c6       ?GetSize@?$CSimpleArray@PAUHINSTANCE__@@V?$CSimpleArrayEqualHelper@PAUHINSTANCE__@@@ATL@@@ATL@@QBEHXZ 004111c6 f i atls:atlbase.obj
 0001:000101ca       ?InternalSetAtIndex@?$CSimpleArray@PAUHINSTANCE__@@V?$CSimpleArrayEqualHelper@PAUHINSTANCE__@@@ATL@@@ATL@@QAEXHABQAUHINSTANCE__@@@Z 004111ca f i atls:atlbase.obj
 0001:000101ea       ?Lock@?$CComCritSecLock@VCComCriticalSection@ATL@@@ATL@@QAEJXZ 004111ea f i atls:atlbase.obj
 0001:00010201       ?Lock@CComCriticalSection@ATL@@QAEJXZ 00411201 f i atls:atlbase.obj
 0001:0001020d       ?RemoveAll@?$CSimpleArray@PAUHINSTANCE__@@V?$CSimpleArrayEqualHelper@PAUHINSTANCE__@@@ATL@@@ATL@@QAEXXZ 0041120d f i atls:atlbase.obj
 0001:00010231       ?RemoveAt@?$CSimpleArray@PAUHINSTANCE__@@V?$CSimpleArrayEqualHelper@PAUHINSTANCE__@@@ATL@@@ATL@@QAEHH@Z 00411231 f i atls:atlbase.obj
 0001:00010292       ?RemoveResourceInstance@CAtlBaseModule@ATL@@QAE_NPAUHINSTANCE__@@@Z 00411292 f   atls:atlbase.obj
 0001:00010306       ?Unlock@?$CComCritSecLock@VCComCriticalSection@ATL@@@ATL@@QAEXXZ 00411306 f i atls:atlbase.obj
 0001:0001031b       ?Unlock@CComCriticalSection@ATL@@QAEJXZ 0041131b f i atls:atlbase.obj
 0001:00010327       ?memmove_s@Checked@ATL@@YAXPAXIPBXI@Z 00411327 f i atls:atlbase.obj
 0001:000103eb       ??0?$CTraceCategoryEx@$00$0A@@ATL@@QAE@PB_W@Z 004113eb f i atls:stdafx.obj
 0001:000103f0       ??0?$CTraceCategoryEx@$01$0A@@ATL@@QAE@PB_W@Z 004113f0 f i atls:stdafx.obj
 0001:000103f5       ??0?$CTraceCategoryEx@$03$0A@@ATL@@QAE@PB_W@Z 004113f5 f i atls:stdafx.obj
 0001:000103fa       ??0?$CTraceCategoryEx@$07$0A@@ATL@@QAE@PB_W@Z 004113fa f i atls:stdafx.obj
 0001:000103ff       ??0?$CTraceCategoryEx@$0BA@$0A@@ATL@@QAE@PB_W@Z 004113ff f i atls:stdafx.obj
 0001:00010404       ??0?$CTraceCategoryEx@$0BAA@$0A@@ATL@@QAE@PB_W@Z 00411404 f i atls:stdafx.obj
 0001:00010409       ??0?$CTraceCategoryEx@$0BAAA@$0A@@ATL@@QAE@PB_W@Z 00411409 f i atls:stdafx.obj
 0001:0001040e       ??0?$CTraceCategoryEx@$0BAAAA@$0A@@ATL@@QAE@PB_W@Z 0041140e f i atls:stdafx.obj
 0001:00010413       ??0?$CTraceCategoryEx@$0BAAAAA@$0A@@ATL@@QAE@PB_W@Z 00411413 f i atls:stdafx.obj
 0001:00010418       ??0?$CTraceCategoryEx@$0CA@$0A@@ATL@@QAE@PB_W@Z 00411418 f i atls:stdafx.obj
 0001:0001041d       ??0?$CTraceCategoryEx@$0CAA@$0A@@ATL@@QAE@PB_W@Z 0041141d f i atls:stdafx.obj
 0001:00010422       ??0?$CTraceCategoryEx@$0CAAA@$0A@@ATL@@QAE@PB_W@Z 00411422 f i atls:stdafx.obj
 0001:00010427       ??0?$CTraceCategoryEx@$0CAAAA@$0A@@ATL@@QAE@PB_W@Z 00411427 f i atls:stdafx.obj
 0001:0001042c       ??0?$CTraceCategoryEx@$0CAAAAA@$0A@@ATL@@QAE@PB_W@Z 0041142c f i atls:stdafx.obj
 0001:00010431       ??0?$CTraceCategoryEx@$0EA@$0A@@ATL@@QAE@PB_W@Z 00411431 f i atls:stdafx.obj
 0001:00010436       ??0?$CTraceCategoryEx@$0EAA@$0A@@ATL@@QAE@PB_W@Z 00411436 f i atls:stdafx.obj
 0001:0001043b       ??0?$CTraceCategoryEx@$0EAAA@$0A@@ATL@@QAE@PB_W@Z 0041143b f i atls:stdafx.obj
 0001:00010440       ??0?$CTraceCategoryEx@$0EAAAA@$0A@@ATL@@QAE@PB_W@Z 00411440 f i atls:stdafx.obj
 0001:00010445       ??0?$CTraceCategoryEx@$0EAAAAA@$0A@@ATL@@QAE@PB_W@Z 00411445 f i atls:stdafx.obj
 0001:0001044a       ??0?$CTraceCategoryEx@$0IA@$0A@@ATL@@QAE@PB_W@Z 0041144a f i atls:stdafx.obj
 0001:0001044f       ??0?$CTraceCategoryEx@$0IAA@$0A@@ATL@@QAE@PB_W@Z 0041144f f i atls:stdafx.obj
 0001:00010454       ??0?$CTraceCategoryEx@$0IAAA@$0A@@ATL@@QAE@PB_W@Z 00411454 f i atls:stdafx.obj
 0001:00010459       ??0?$CTraceCategoryEx@$0IAAAA@$0A@@ATL@@QAE@PB_W@Z 00411459 f i atls:stdafx.obj
 0001:0001045e       ??_I@YGXPAXIIP6EX0@Z@Z     0041145e f i atls:stdafx.obj
 0001:0001049d       _OleInitialize@4           0041149d f   ole32:ole32.dll
 0001:000104a3       _SysFreeString@4           004114a3 f   oleaut32:OLEAUT32.dll
 0001:000104a9       _memcpy                    004114a9 f   vcruntimed:VCRUNTIME140D.dll
 0001:000104af       _memset                    004114af f   vcruntimed:VCRUNTIME140D.dll
 0001:000104b5       ___CxxFrameHandler3        004114b5 f   vcruntimed:VCRUNTIME140D.dll
 0001:000104bb       ___current_exception       004114bb f   vcruntimed:VCRUNTIME140D.dll
 0001:000104c1       ___current_exception_context 004114c1 f   vcruntimed:VCRUNTIME140D.dll
 0001:000104c7       __except_handler4_common   004114c7 f   vcruntimed:VCRUNTIME140D.dll
 0001:000104cd       ___std_type_info_destroy_list 004114cd f   vcruntimed:VCRUNTIME140D.dll
 0001:000104d3       ___vcrt_GetModuleFileNameW 004114d3 f   vcruntimed:VCRUNTIME140D.dll
 0001:000104d9       ___vcrt_GetModuleHandleW   004114d9 f   vcruntimed:VCRUNTIME140D.dll
 0001:000104df       ___vcrt_LoadLibraryExW     004114df f   vcruntimed:VCRUNTIME140D.dll
 0001:000104e5       _memmove                   004114e5 f   vcruntimed:VCRUNTIME140D.dll
 0001:000104eb       _wcscpy_s                  004114eb f   ucrtd:ucrtbased.dll
 0001:000104f1       ___stdio_common_vswprintf_s 004114f1 f   ucrtd:ucrtbased.dll
 0001:000104f7       __CrtDbgReport             004114f7 f   ucrtd:ucrtbased.dll
 0001:000104fd       __CrtDbgReportW            004114fd f   ucrtd:ucrtbased.dll
 0001:00010503       _fclose                    00411503 f   ucrtd:ucrtbased.dll
 0001:00010509       _fflush                    00411509 f   ucrtd:ucrtbased.dll
 0001:0001050f       _fopen                     0041150f f   ucrtd:ucrtbased.dll
 0001:00010515       ___stdio_common_vfprintf   00411515 f   ucrtd:ucrtbased.dll
 0001:0001051b       ___stdio_common_vsprintf   0041151b f   ucrtd:ucrtbased.dll
 0001:00010521       _wcslen                    00411521 f   ucrtd:ucrtbased.dll
 0001:00010527       ___stdio_common_vsnprintf_s 00411527 f   ucrtd:ucrtbased.dll
 0001:0001052d       _free                      0041152d f   ucrtd:ucrtbased.dll
 0001:00010533       _malloc                    00411533 f   ucrtd:ucrtbased.dll
 0001:00010539       __seh_filter_dll           00411539 f   ucrtd:ucrtbased.dll
 0001:0001053f       __configure_narrow_argv    0041153f f   ucrtd:ucrtbased.dll
 0001:00010545       __initialize_narrow_environment 00411545 f   ucrtd:ucrtbased.dll
 0001:0001054b       __initialize_onexit_table  0041154b f   ucrtd:ucrtbased.dll
 0001:00010551       __register_onexit_function 00411551 f   ucrtd:ucrtbased.dll
 0001:00010557       __execute_onexit_table     00411557 f   ucrtd:ucrtbased.dll
 0001:0001055d       __crt_atexit               0041155d f   ucrtd:ucrtbased.dll
 0001:00010563       __crt_at_quick_exit        00411563 f   ucrtd:ucrtbased.dll
 0001:00010569       __cexit                    00411569 f   ucrtd:ucrtbased.dll
 0001:0001056f       __seh_filter_exe           0041156f f   ucrtd:ucrtbased.dll
 0001:00010575       __set_app_type             00411575 f   ucrtd:ucrtbased.dll
 0001:0001057b       ___setusermatherr          0041157b f   ucrtd:ucrtbased.dll
 0001:00010581       __get_narrow_winmain_command_line 00411581 f   ucrtd:ucrtbased.dll
 0001:00010587       __initterm                 00411587 f   ucrtd:ucrtbased.dll
 0001:0001058d       __initterm_e               0041158d f   ucrtd:ucrtbased.dll
 0001:00010593       _exit                      00411593 f   ucrtd:ucrtbased.dll
 0001:00010599       __exit                     00411599 f   ucrtd:ucrtbased.dll
 0001:0001059f       __set_fmode                0041159f f   ucrtd:ucrtbased.dll
 0001:000105a5       __c_exit                   004115a5 f   ucrtd:ucrtbased.dll
 0001:000105ab       __register_thread_local_exe_atexit_callback 004115ab f   ucrtd:ucrtbased.dll
 0001:000105b1       __configthreadlocale       004115b1 f   ucrtd:ucrtbased.dll
 0001:000105b7       __set_new_mode             004115b7 f   ucrtd:ucrtbased.dll
 0001:000105bd       ___p__commode              004115bd f   ucrtd:ucrtbased.dll
 0001:000105c3       _terminate                 004115c3 f   ucrtd:ucrtbased.dll
 0001:000105c9       __controlfp_s              004115c9 f   ucrtd:ucrtbased.dll
 0001:000105cf       _strcpy_s                  004115cf f   ucrtd:ucrtbased.dll
 0001:000105d5       _strcat_s                  004115d5 f   ucrtd:ucrtbased.dll
 0001:000105db       ___stdio_common_vsprintf_s 004115db f   ucrtd:ucrtbased.dll
 0001:000105e1       __wmakepath_s              004115e1 f   ucrtd:ucrtbased.dll
 0001:000105e7       __wsplitpath_s             004115e7 f   ucrtd:ucrtbased.dll
 0001:000105ed       __invalid_parameter_noinfo 004115ed f   ucrtd:ucrtbased.dll
 0001:000105f3       __errno                    004115f3 f   ucrtd:ucrtbased.dll
 0001:000105f9       __recalloc                 004115f9 f   ucrtd:ucrtbased.dll
 0001:00010600       ?AfxInitialize@@YGHHK@Z    00411600 f   mfcs140d:appmodul.obj
 0001:00010690       _WinMain@16                00411690 f   mfcs140d:appmodul.obj
 0001:000106bb       _OutputDebugStringW@4      004116bb f   kernel32:KERNEL32.dll
 0001:000106c1       __setmbcp                  004116c1 f   ucrtd:ucrtbased.dll
 0001:000106c7       ?AfxGetModuleState@@YGPAVAFX_MODULE_STATE@@XZ 004116c7 f   mfc140d:mfc140d.dll
 0001:000106cd       ?AfxWinMain@@YGHPAUHINSTANCE__@@0PADH@Z 004116cd f   mfc140d:mfc140d.dll
 0001:000106e0       ___acrt_initialize         004116e0 f   msvcrtd:ucrt_stubs.obj
 0001:000106e0       ___vcrt_initialize         004116e0 f   msvcrtd:ucrt_stubs.obj
 0001:000106e0       ___scrt_stub_for_acrt_initialize 004116e0 f   msvcrtd:ucrt_stubs.obj
 0001:000106f0       ___acrt_thread_attach      004116f0 f   msvcrtd:ucrt_stubs.obj
 0001:000106f0       ___vcrt_thread_attach      004116f0 f   msvcrtd:ucrt_stubs.obj
 0001:000106f0       ___scrt_stub_for_acrt_thread_attach 004116f0 f   msvcrtd:ucrt_stubs.obj
 0001:00010700       ___acrt_thread_detach      00411700 f   msvcrtd:ucrt_stubs.obj
 0001:00010700       ___scrt_stub_for_acrt_thread_detach 00411700 f   msvcrtd:ucrt_stubs.obj
 0001:00010700       ___vcrt_thread_detach      00411700 f   msvcrtd:ucrt_stubs.obj
 0001:00010710       ___scrt_stub_for_acrt_uninitialize 00411710 f   msvcrtd:ucrt_stubs.obj
 0001:00010710       ___acrt_uninitialize       00411710 f   msvcrtd:ucrt_stubs.obj
 0001:00010710       ___vcrt_uninitialize       00411710 f   msvcrtd:ucrt_stubs.obj
 0001:00010720       ___scrt_stub_for_acrt_uninitialize_critical 00411720 f   msvcrtd:ucrt_stubs.obj
 0001:00010720       ___vcrt_uninitialize_critical 00411720 f   msvcrtd:ucrt_stubs.obj
 0001:00010720       ___acrt_uninitialize_critical 00411720 f   msvcrtd:ucrt_stubs.obj
 0001:00010730       ___scrt_stub_for_is_c_termination_complete 00411730 f   msvcrtd:ucrt_stubs.obj
 0001:00010730       __is_c_termination_complete 00411730 f   msvcrtd:ucrt_stubs.obj
 0001:00010740       __filter_x86_sse2_floating_point_exception 00411740 f   msvcrtd:x86_exception_filter.obj
 0001:00010740       __filter_x86_sse2_floating_point_exception_default 00411740 f   msvcrtd:x86_exception_filter.obj
 0001:00013340       ??__FstrHeap@?1??GetInstance@CAtlStringMgr@ATL@@SGPAUIAtlStringMgr@2@XZ@YAXXZ 00414340 f i StdAfx.obj
 0001:00013360       ??__FstrMgr@?1??GetInstance@CAtlStringMgr@ATL@@SGPAUIAtlStringMgr@2@XZ@YAXXZ 00414360 f i StdAfx.obj
 0001:000133c0       ??__FstrHeap@?1??GetInstance@CAtlStringMgr@ATL@@SAPAUIAtlStringMgr@2@XZ@YAXXZ 004143c0 f i mfcs140d:nolib.obj
 0001:000133e0       ??__FstrMgr@?1??GetInstance@CAtlStringMgr@ATL@@SAPAUIAtlStringMgr@2@XZ@YAXXZ 004143e0 f i mfcs140d:nolib.obj
 0002:00000000       ___xc_a                    00416000     msvcrtd:initializers.obj
 0002:0000049c       ___xc_z                    0041649c     msvcrtd:initializers.obj
 0002:000005a0       ___xi_a                    004165a0     msvcrtd:initializers.obj
 0002:000009b0       ___xi_z                    004169b0     msvcrtd:initializers.obj
 0002:00000ab4       ___xl_a                    00416ab4     msvcrtd:tlssup.obj
 0002:00000ab8       ___xl_z                    00416ab8     msvcrtd:tlssup.obj
 0002:00000abc       ___xp_a                    00416abc     msvcrtd:initializers.obj
 0002:00000bc0       ___xp_z                    00416bc0     msvcrtd:initializers.obj
 0002:00000cc4       ___xt_a                    00416cc4     msvcrtd:initializers.obj
 0002:00000dc8       ___xt_z                    00416dc8     msvcrtd:initializers.obj
 0002:00001034       ??_C@_17CNPHIMPH@?$AA?$CF?$AAl?$AAs@ 00417034     AppBar.obj
 0002:00001040       ??_C@_0BC@PGMFNIFA@atlTraceException@ 00417040     AppBar.obj
 0002:00001058       ??_C@_17LGGGMOOB@?$AA?$CF?$AAh?$AAs@ 00417058     AppBar.obj
 0002:00001068       ??_C@_1EO@EBPPKGOM@?$AAf?$AAa?$AAl?$AAs?$AAe?$AA?5?$AA?$CG?$AA?$CG?$AA?5?$AA?$CC?$AAT?$AAo?$AAo?$AA?5?$AAm@ 00417068     AppBar.obj
 0002:000010c8       ??_C@_1OE@CIPPIIKM@?$AAC?$AA?3?$AA?2?$AAP?$AAr?$AAo?$AAg?$AAr?$AAa?$AAm?$AA?5?$AAF?$AAi?$AAl?$AAe@ 004170c8     AppBar.obj
 0002:000011e0       ??_7CAppBar@@6B@           004171e0     AppBar.obj
 0002:000013e8       ??_C@_0GK@EPBCIPJ@There?5is?5already?5an?5auto?5hidden@ 004173e8     AppBar.obj
 0002:00001468       ??_C@_0N@GAJHMOMD@AppBarNotify@ 00417468     AppBar.obj
 0002:000014c0       ??_7CShellRunApp@@6B@      004174c0     ShellRun.obj
 0002:00001610       ?m_szAppName@CSRBar@@1QBDB 00417610     SRBar.obj
 0002:00001620       ?m_szRegSubkey@CSRBar@@1QBDB 00417620     SRBar.obj
 0002:00001634       ?m_szAppLogFile@CSRBar@@1QBDB 00417634     SRBar.obj
 0002:0000177c       ??_C@_0P@MBNHGHMI@atlTraceString@ 0041777c     SRBar.obj
 0002:00001794       ??_7CSRBar@@6B@            00417794     SRBar.obj
 0002:00001998       ??_C@_01MCMALHOG@a@        00417998     SRBar.obj
 0002:0000199c       ??_C@_0DE@IDNOEMLP@Failed?5to?5store?5preferences?5in?5@ 0041799c     SRBar.obj
 0002:000019dc       ??_C@_0DD@ECHFLNOC@Failed?5to?5store?5preferences?5in?5@ 004179dc     SRBar.obj
 0002:00001a1c       ??_C@_0DD@LMEMJPDG@Shell?5Run?5Version?51?40?4?6Written?5@ 00417a1c     SRBar.obj
 0002:00001a5c       ??_C@_0BA@LCJKLLIA@About?5Shell?5Run@ 00417a5c     SRBar.obj
 0002:00001a70       ??_C@_0BO@KDOPOBBJ@Shell?5Run?5by?5Jeffrey?5Richters@ 00417a70     SRBar.obj
 0002:00001a94       ??_C@_0BK@EJHLCOFL@Command?5failed?5to?5execute@ 00417a94     SRBar.obj
 0002:00001ab4       ??_C@_0CJ@JINJCEN@https?3?1?1www?4linkedin?4com?1in?1jef@ 00417ab4     SRBar.obj
 0002:00001ae8       ??_C@_09IFLMIIFH@Command?5?$CC@ 00417ae8     SRBar.obj
 0002:00001af4       ??_C@_0BG@KOEBIFPA@?$CC?5failed?5to?5execute?$CB?6@ 00417af4     SRBar.obj
 0002:00001b10       ??_C@_0CN@FBJJAOOF@Error?5opening?5file?5?8?$CFs?8?5for?5ope@ 00417b10     SRBar.obj
 0002:00001b48       ??_C@_0BA@FBBDNLPB@Starting?5?$CFs?4?4?4?6@ 00417b48     SRBar.obj
 0002:00001b5c       ??_C@_0BI@IACDPFNE@?7Size?5?5?5?5?5?5?5?5?5?5?5?5?$DN?5?7?$CFf?6@ 00417b5c     SRBar.obj
 0002:00001b78       ??_C@_05LAPONLG@false@     00417b78     SRBar.obj
 0002:00001b80       ??_C@_04LOAJBDKD@true@     00417b80     SRBar.obj
 0002:00001b88       ??_C@_0BI@MCKLGCNC@?7Autohide?5?5?5?5?5?5?5?5?$DN?5?7?$CFs?6@ 00417b88     SRBar.obj
 0002:00001ba4       ??_C@_0BI@MCCEHPG@?7AlwaysOnTop?5?5?5?5?5?$DN?5?7?$CFs?6@ 00417ba4     SRBar.obj
 0002:00001bc0       ??_C@_0BI@PFIKIMEC@?7Float?4Height?5?5?5?5?$DN?5?7?$CFd?6@ 00417bc0     SRBar.obj
 0002:00001bdc       ??_C@_0BI@FKNLPPOK@?7Float?4Width?5?5?5?5?5?$DN?5?7?$CFd?6@ 00417bdc     SRBar.obj
 0002:00001bf8       ??_C@_0BI@GDEEADBM@?7Float?4top?5?5?5?5?5?5?5?$DN?5?7?$CFd?6@ 00417bf8     SRBar.obj
 0002:00001c14       ??_C@_0BI@DOIJGAOI@?7Float?4left?5?5?5?5?5?5?$DN?5?7?$CFd?6@ 00417c14     SRBar.obj
 0002:00001c30       ??_C@_0BI@PDFBPJIF@?7Float?4right?5?5?5?5?5?$DN?5?7?$CFd?6@ 00417c30     SRBar.obj
 0002:00001c4c       ??_C@_0BI@FDMLPOAM@?7Float?4bottom?5?5?5?5?$DN?5?7?$CFd?6@ 00417c4c     SRBar.obj
 0002:00001c68       ??_C@_0BI@MMGBIGIB@?7DimDock?$FLTOP?$FN?5?5?5?5?$DN?5?7?$CFd?6@ 00417c68     SRBar.obj
 0002:00001c84       ??_C@_0BI@CJEAFDLA@?7DimDock?$FLLEFT?$FN?5?5?5?$DN?5?7?$CFd?6@ 00417c84     SRBar.obj
 0002:00001ca0       ??_C@_0BI@GNKAMPC@?7DimDock?$FLRIGHT?$FN?5?5?$DN?5?7?$CFd?6@ 00417ca0     SRBar.obj
 0002:00001cbc       ??_C@_0BI@BBDAFEIH@?7DimDock?$FLBOTTOM?$FN?5?$DN?5?7?$CFd?6@ 00417cbc     SRBar.obj
[...]
 0001:0000bbfc       $LN22                      0040cbfc     mfcs140d:nolib.obj
 0001:0000bc04       $LN21                      0040cc04     mfcs140d:nolib.obj
 0001:0000bc1c       $LN20                      0040cc1c     mfcs140d:nolib.obj
 0001:0000bc26       $LN19                      0040cc26     mfcs140d:nolib.obj
 0001:0000bf9c       $LN36                      0040cf9c     mfcs140d:nolib.obj
 0001:0000bfa4       $LN35                      0040cfa4     mfcs140d:nolib.obj
 0001:0000bfec       $LN34                      0040cfec     mfcs140d:nolib.obj
 0001:0000c003       $LN33                      0040d003     mfcs140d:nolib.obj
 0001:0000c00c       $LN32                      0040d00c     mfcs140d:nolib.obj
 0001:0000c01f       $LN31                      0040d01f     mfcs140d:nolib.obj
 0001:0000c026       $LN30                      0040d026     mfcs140d:nolib.obj
 0001:0000c030       $LN29                      0040d030     mfcs140d:nolib.obj
 0001:0000c1c0       ?find_pe_section@@YAPAU_IMAGE_SECTION_HEADER@@QAEI@Z 0040d1c0 f   msvcrtd:utility.obj
 0001:0000c280       ?is_potentially_valid_image_base@@YA_NQAX@Z 0040d280 f   msvcrtd:utility.obj
 0001:0000c9b0       ?__scrt_initialize_thread_safe_statics@@YAHXZ 0040d9b0 f   msvcrtd:thread_safe_statics.obj
 0001:0000c9f0       ?__scrt_initialize_thread_safe_statics_platform_specific@@YAXXZ 0040d9f0 f   msvcrtd:thread_safe_statics.obj
 0001:0000cad0       ?__scrt_uninitialize_thread_safe_statics@@YAXXZ 0040dad0 f   msvcrtd:thread_safe_statics.obj
 0001:0000cd70       ?pre_c_initialization@@YAHXZ 0040dd70 f   msvcrtd:exe_winmain.obj
 0001:0000ce50       ?post_pgo_initialization@@YAHXZ 0040de50 f   msvcrtd:exe_winmain.obj
 0001:0000ce60       ?pre_cpp_initialization@@YAXXZ 0040de60 f   msvcrtd:exe_winmain.obj
 0001:0000ce80       ?__scrt_common_main@@YAHXZ 0040de80 f   msvcrtd:exe_winmain.obj
 0001:0000cea0       ?__scrt_common_main_seh@@YAHXZ 0040dea0 f   msvcrtd:exe_winmain.obj
 0001:0000d140       ?invoke_main@@YAHXZ        0040e140 f   msvcrtd:exe_winmain.obj
 0001:0000d320       ?ArrayUnwindFilter@@YAHPAU_EXCEPTION_POINTERS@@@Z 0040e320 f   msvcrtd:ehvecdtr.obj
 0001:0000d840       ___castguard_compat_check  0040e840 f   msvcrtd:guard_support.obj
 0001:0000d9a0       ___castguard_slow_path_compat_check 0040e9a0 f   msvcrtd:guard_support.obj
 0001:0000e630       ___get_entropy             0040f630 f   msvcrtd:gs_support.obj
 0001:0000e9a0       ?DebuggerProbe@@YA_NK@Z    0040f9a0 f   msvcrtd:error.obj
 0001:0000e9f0       ?DebuggerRuntime@@YA_NKHPAXPB_W@Z 0040f9f0 f   msvcrtd:error.obj
 0001:0000ecc0       ?_getMemBlockDataString@@YAXPAD0PBDI@Z 0040fcc0 f   msvcrtd:error.obj
 0001:0000ed50       ?_strlen_priv@@YAIPBD@Z    0040fd50 f   msvcrtd:error.obj
 0001:0000ed70       ?failwithmessage@@YAXPAXHHPBD@Z 0040fd70 f   msvcrtd:error.obj
 0001:0000eff0       ?notify_debugger@@YAXABUtagEXCEPTION_VISUALCPP_DEBUG_INFO@@@Z 0040fff0 f   msvcrtd:error.obj
 0001:0000f2c0       ?GetPdbDll@@YAPAUHINSTANCE__@@XZ 004102c0 f   msvcrtd:pdblkup.obj
 0001:0000f450       ?GetPdbDllFromInstallPath@@YAPAUHINSTANCE__@@XZ 00410450 f   msvcrtd:pdblkup.obj
 0001:0000f740       ?GetPdbDllPathFromFilePath@@YAHPB_WPA_WI@Z 00410740 f   msvcrtd:pdblkup.obj
 0001:0001038c       _memmove_s                 0041138c f   atls:atlbase.obj
 0001:00011e70       __unwindfunclet$??0CAppBar@@QAE@IPAVCWnd@@@Z$0 00412e70 f   AppBar.obj
 0001:00011e7d       __ehhandler$??0CAppBar@@QAE@IPAVCWnd@@@Z 00412e7d f   AppBar.obj
 0001:00011eb0       __unwindfunclet$?OnAppBarForcedToDocked@CAppBar@@MAEXXZ$0 00412eb0 f   AppBar.obj
 0001:00011ebe       __ehhandler$?OnAppBarForcedToDocked@CAppBar@@MAEXXZ 00412ebe f   AppBar.obj
 0001:00011ef0       __unwindfunclet$?InitInstance@CShellRunApp@@UAEHXZ$0 00412ef0 f   ShellRun.obj
 0001:00011f00       __ehhandler$?InitInstance@CShellRunApp@@UAEHXZ 00412f00 f   ShellRun.obj
 0001:00011f40       __unwindfunclet$??0CSRBar@@QAE@PAVCWnd@@@Z$0 00412f40 f   SRBar.obj
 0001:00011f48       __unwindfunclet$??0CSRBar@@QAE@PAVCWnd@@@Z$1 00412f48 f   SRBar.obj
 0001:00011f5b       __ehhandler$??0CSRBar@@QAE@PAVCWnd@@@Z 00412f5b f   SRBar.obj
 0001:00011f90       __unwindfunclet$?HelpUrl@@YGXXZ$0 00412f90 f   SRBar.obj
 0001:00011f99       __unwindfunclet$?HelpUrl@@YGXXZ$1 00412f99 f   SRBar.obj
 0001:00011fa7       __ehhandler$?HelpUrl@@YGXXZ 00412fa7 f   SRBar.obj
 0001:00011ff0       __unwindfunclet$?OnContextMenu@CSRBar@@IAEXPAVCWnd@@VCPoint@@@Z$0 00412ff0 f   SRBar.obj
 0001:00011ffd       __ehhandler$?OnContextMenu@CSRBar@@IAEXPAVCWnd@@VCPoint@@@Z 00412ffd f   SRBar.obj
 0001:00012030       __unwindfunclet$?OnExecute@CSRBar@@QAEXXZ$0 00413030 f   SRBar.obj
 0001:0001203e       __ehhandler$?OnExecute@CSRBar@@QAEXXZ 0041303e f   SRBar.obj
 0001:00012070       __unwindfunclet$?OnHelpUrl@@YGXPAUtagHELPINFO@@@Z$0 00413070 f   SRBar.obj
 0001:00012079       __unwindfunclet$?OnHelpUrl@@YGXPAUtagHELPINFO@@@Z$1 00413079 f   SRBar.obj
 0001:00012087       __ehhandler$?OnHelpUrl@@YGXPAUtagHELPINFO@@@Z 00413087 f   SRBar.obj
 0001:000120d0       __unwindfunclet$?OnShellExecuteCommand@CSRBar@@QAEXV?$CStringT@DV?$StrTraitMFC_DLL@DV?$ChTraitsCRT@D@ATL@@@@@ATL@@@Z$0 004130d0 f   SRBar.obj
 0001:000120d9       __unwindfunclet$?OnShellExecuteCommand@CSRBar@@QAEXV?$CStringT@DV?$StrTraitMFC_DLL@DV?$ChTraitsCRT@D@ATL@@@@@ATL@@@Z$1 004130d9 f   SRBar.obj
 0001:000120e2       __unwindfunclet$?OnShellExecuteCommand@CSRBar@@QAEXV?$CStringT@DV?$StrTraitMFC_DLL@DV?$ChTraitsCRT@D@ATL@@@@@ATL@@@Z$3 004130e2 f   SRBar.obj
 0001:000120eb       __unwindfunclet$?OnShellExecuteCommand@CSRBar@@QAEXV?$CStringT@DV?$StrTraitMFC_DLL@DV?$ChTraitsCRT@D@ATL@@@@@ATL@@@Z$4 004130eb f   SRBar.obj
 0001:000120f9       __ehhandler$?OnShellExecuteCommand@CSRBar@@QAEXV?$CStringT@DV?$StrTraitMFC_DLL@DV?$ChTraitsCRT@D@ATL@@@@@ATL@@@Z 004130f9 f   SRBar.obj
 0001:00012130       __unwindfunclet$??0_ATL_WIN_MODULE70@ATL@@QAE@XZ$0 00413130 f   StdAfx.obj
 0001:00012140       __ehhandler$??0_ATL_WIN_MODULE70@ATL@@QAE@XZ 00413140 f   StdAfx.obj
 0001:00012170       __ehhandler$??1?$CSimpleArray@GV?$CSimpleArrayEqualHelper@G@ATL@@@ATL@@QAE@XZ 00413170 f   StdAfx.obj
 0001:000121a0       __ehhandler$??1CAtlComModule@ATL@@QAE@XZ 004131a0 f   StdAfx.obj
 0001:000121d0       __ehhandler$??1CAtlWinModule@ATL@@QAE@XZ 004131d0 f   StdAfx.obj
 0001:00012200       __unwindfunclet$??RCTraceFileAndLineInfo@ATL@@QBAXHIPBDZZ$0 00413200 f   StdAfx.obj
 0001:0001220d       __ehhandler$??RCTraceFileAndLineInfo@ATL@@QBAXHIPBDZZ 0041320d f   StdAfx.obj
 0001:00012240       __unwindfunclet$?TraceV@CTrace@ATL@@SAXPBDHII0PAD@Z$0 00413240 f   StdAfx.obj
 0001:00012248       __unwindfunclet$?TraceV@CTrace@ATL@@SAXPBDHII0PAD@Z$1 00413248 f   StdAfx.obj
 0001:00012255       __ehhandler$?TraceV@CTrace@ATL@@SAXPBDHII0PAD@Z 00413255 f   StdAfx.obj
 0001:00012280       __ehhandler$??_Estringdispid@CComTypeInfoHolder@ATL@@QAEPAXI@Z 00413280 f   mfcs140d:nolib.obj
 0001:000132e0       ??__FtheApp@@YAXXZ         004142e0 f   ShellRun.obj
 0001:00013300       ??__F_AtlComModule@ATL@@YAXXZ 00414300 f   StdAfx.obj
 0001:00013320       ??__F_AtlWinModule@ATL@@YAXXZ 00414320 f   StdAfx.obj
 0001:00013380       ??__F_AtlComModule@ATL@@YAXXZ 00414380 f   mfcs140d:nolib.obj
 0001:000133a0       ??__F_AtlWinModule@ATL@@YAXXZ 004143a0 f   mfcs140d:nolib.obj
 0001:00013400       ??__F_AtlComModule@ATL@@YAXXZ 00414400 f   mfcs140d:stdafx.obj
 0001:00013420       ??__F_AtlWinModule@ATL@@YAXXZ 00414420 f   mfcs140d:stdafx.obj
 0001:0001343b       ??__F_AtlBaseModule@ATL@@YAXXZ 0041443b f   atls:atlbase.obj
 0001:00013450       ??__F_AtlComModule@ATL@@YAXXZ 00414450 f   mfcs140d:appmodul.obj
 0001:00013470       ??__F_AtlWinModule@ATL@@YAXXZ 00414470 f   mfcs140d:appmodul.obj
 0002:00000104       ?pre_cpp_initializer@@3P6AXXZA 00416104     msvcrtd:exe_winmain.obj
 0002:00000208       ?_AtlBaseModule$initializer$@ATL@@3P6AXXZA 00416208     atls:atlbase.obj
 0002:0000020c       ?_afxInitAppState$initializer$@@3P6AXXZA 0041620c     mfcs140d:appmodul.obj
 0002:00000314       ?atlTraceException$initializer$@ATL@@3P6AXXZA 00416314     AppBar.obj
 0002:00000318       ??s_uAppBarNotifyMsg$initializer$@CAppBar@@1P6AXXZA@@3P6AXXZA 00416318     AppBar.obj
 0002:0000031c       ?theApp$initializer$@@3P6AXXZA 0041631c     ShellRun.obj
 0002:00000320       ?atlTraceString$initializer$@ATL@@3P6AXXZA 00416320     SRBar.obj
 0002:00000324       ?atlTraceGeneral$initializer$@ATL@@3P6AXXZA 00416324     StdAfx.obj
 0002:00000328       ?atlTraceCOM$initializer$@ATL@@3P6AXXZA 00416328     StdAfx.obj
 0002:0000032c       ?atlTraceQI$initializer$@ATL@@3P6AXXZA 0041632c     StdAfx.obj
 0002:00000330       ?atlTraceRegistrar$initializer$@ATL@@3P6AXXZA 00416330     StdAfx.obj
 0002:00000334       ?atlTraceRefcount$initializer$@ATL@@3P6AXXZA 00416334     StdAfx.obj
 0002:00000338       ?atlTraceWindowing$initializer$@ATL@@3P6AXXZA 00416338     StdAfx.obj
 0002:0000033c       ?atlTraceControls$initializer$@ATL@@3P6AXXZA 0041633c     StdAfx.obj
 0002:00000340       ?atlTraceHosting$initializer$@ATL@@3P6AXXZA 00416340     StdAfx.obj
 0002:00000344       ?atlTraceDBClient$initializer$@ATL@@3P6AXXZA 00416344     StdAfx.obj
 0002:00000348       ?atlTraceDBProvider$initializer$@ATL@@3P6AXXZA 00416348     StdAfx.obj
 0002:0000034c       ?atlTraceSnapin$initializer$@ATL@@3P6AXXZA 0041634c     StdAfx.obj
 0002:00000350       ?atlTraceNotImpl$initializer$@ATL@@3P6AXXZA 00416350     StdAfx.obj
 0002:00000354       ?atlTraceAllocation$initializer$@ATL@@3P6AXXZA 00416354     StdAfx.obj
 0002:00000358       ?atlTraceTime$initializer$@ATL@@3P6AXXZA 00416358     StdAfx.obj
 0002:0000035c       ?atlTraceCache$initializer$@ATL@@3P6AXXZA 0041635c     StdAfx.obj
 0002:00000360       ?atlTraceStencil$initializer$@ATL@@3P6AXXZA 00416360     StdAfx.obj
 0002:00000364       ?atlTraceMap$initializer$@ATL@@3P6AXXZA 00416364     StdAfx.obj
 0002:00000368       ?atlTraceUtil$initializer$@ATL@@3P6AXXZA 00416368     StdAfx.obj
 0002:0000036c       ?atlTraceSecurity$initializer$@ATL@@3P6AXXZA 0041636c     StdAfx.obj
 0002:00000370       ?atlTraceSync$initializer$@ATL@@3P6AXXZA 00416370     StdAfx.obj
 0002:00000374       ?atlTraceISAPI$initializer$@ATL@@3P6AXXZA 00416374     StdAfx.obj
 0002:00000378       ?_AtlComModule$initializer$@ATL@@3P6AXXZA 00416378     StdAfx.obj
 0002:0000037c       ?_AtlWinModule$initializer$@ATL@@3P6AXXZA 0041637c     StdAfx.obj
 0002:00000380       ?InitializeCAtlStringMgr$initializer$@ATLImplementationDetails@ATL@@3P6AXXZA 00416380     StdAfx.obj
 0002:000006a4       ?pre_c_initializer@@3P6AHXZA 004166a4     msvcrtd:exe_winmain.obj
 0002:000007a8       ?post_pgo_initializer@@3P6AHXZA 004167a8     msvcrtd:exe_winmain.obj
 0002:000008ac       ?__scrt_initialize_tss_var@@3P6AHXZA 004168ac     msvcrtd:thread_safe_statics.obj
 0002:00000ed0       ?_messageEntries@?1??GetThisMessageMap@CAppBar@@KGPBUAFX_MSGMAP@@XZ@4QBUAFX_MSGMAP_ENTRY@@B 00416ed0     AppBar.obj
 0002:00000ff0       ?messageMap@?1??GetThisMessageMap@CAppBar@@KGPBUAFX_MSGMAP@@XZ@4U3@B 00416ff0     AppBar.obj
 0002:00001478       ?_messageEntries@?1??GetThisMessageMap@CShellRunApp@@KGPBUAFX_MSGMAP@@XZ@4QBUAFX_MSGMAP_ENTRY@@B 00417478     ShellRun.obj
 0002:000014a8       ?messageMap@?1??GetThisMessageMap@CShellRunApp@@KGPBUAFX_MSGMAP@@XZ@4U3@B 004174a8     ShellRun.obj
 0002:00001648       ?_messageEntries@?1??GetThisMessageMap@CSRBar@@KGPBUAFX_MSGMAP@@XZ@4QBUAFX_MSGMAP_ENTRY@@B 00417648     SRBar.obj
 0002:00001738       ?messageMap@?1??GetThisMessageMap@CSRBar@@KGPBUAFX_MSGMAP@@XZ@4U3@B 00417738     SRBar.obj
 0002:00005a5c       _GS_ExceptionPointers      0041ba5c     msvcrtd:gs_report.obj
 0002:00005a68       ?_RTC_ErrorMessages@@3QBQBDB 0041ba68     msvcrtd:error.obj
 0002:00005a80       ?_RTC_NoFalsePositives@@3QBHB 0041ba80     msvcrtd:error.obj
 0002:00005a98       ?stack_premsg@@3QBDB       0041ba98     msvcrtd:error.obj
 0002:00005ab4       ?stack_postmsg@@3QBDB      0041bab4     msvcrtd:error.obj
 0002:00005ac8       ?uninit_premsg@@3QBDB      0041bac8     msvcrtd:error.obj
 0002:00005ad8       ?uninit_postmsg@@3QBDB     0041bad8     msvcrtd:error.obj
 0002:00006128       ?_RTC_errlist@@3QBQBDB     0041c128     msvcrtd:userapi.obj
 0002:0000620c       ?mspdbName@@3QB_WB         0041c20c     msvcrtd:pdblkup.obj
 0002:00006230       ?debugCrtFileName@@3QB_WB  0041c230     msvcrtd:pdblkup.obj
 0002:000063c0       ?dllExt@?1??GetPdbDllPathFromFilePath@@YAHPB_WPA_WI@Z@4QB_WB 0041c3c0     msvcrtd:pdblkup.obj
 0002:000063cc       ?mspdbFilename@?1??GetPdbDllPathFromFilePath@@YAHPB_WPA_WI@Z@4QB_WB 0041c3cc     msvcrtd:pdblkup.obj
 0002:00007a40       __RTC_InitBase.rtc$IMZ     0041da40     mfcs140d:nolib.obj
 0002:00007a44       __RTC_InitBase.rtc$IMZ     0041da44     mfcs140d:stdafx.obj
 0002:00007a48       __RTC_InitBase.rtc$IMZ     0041da48     mfcs140d:appmodul.obj
 0002:00007d58       __RTC_Shutdown.rtc$TMZ     0041dd58     mfcs140d:nolib.obj
 0002:00007d5c       __RTC_Shutdown.rtc$TMZ     0041dd5c     mfcs140d:stdafx.obj
 0002:00007d60       __RTC_Shutdown.rtc$TMZ     0041dd60     mfcs140d:appmodul.obj
 0002:00007f70       __unwindtable$??0CAppBar@@QAE@IPAVCWnd@@@Z 0041df70     AppBar.obj
 0002:00007f78       __ehfuncinfo$??0CAppBar@@QAE@IPAVCWnd@@@Z 0041df78     AppBar.obj
 0002:00007fa0       __unwindtable$?OnAppBarForcedToDocked@CAppBar@@MAEXXZ 0041dfa0     AppBar.obj
 0002:00007fa8       __ehfuncinfo$?OnAppBarForcedToDocked@CAppBar@@MAEXXZ 0041dfa8     AppBar.obj
 0002:00007fd0       __unwindtable$?InitInstance@CShellRunApp@@UAEHXZ 0041dfd0     ShellRun.obj
 0002:00007fd8       __ehfuncinfo$?InitInstance@CShellRunApp@@UAEHXZ 0041dfd8     ShellRun.obj
 0002:00008000       __unwindtable$??0CSRBar@@QAE@PAVCWnd@@@Z 0041e000     SRBar.obj
 0002:00008010       __ehfuncinfo$??0CSRBar@@QAE@PAVCWnd@@@Z 0041e010     SRBar.obj
 0002:0000803c       __unwindtable$?OnContextMenu@CSRBar@@IAEXPAVCWnd@@VCPoint@@@Z 0041e03c     SRBar.obj
 0002:00008044       __ehfuncinfo$?OnContextMenu@CSRBar@@IAEXPAVCWnd@@VCPoint@@@Z 0041e044     SRBar.obj
 0002:0000806c       __unwindtable$?OnExecute@CSRBar@@QAEXXZ 0041e06c     SRBar.obj
 0002:00008074       __ehfuncinfo$?OnExecute@CSRBar@@QAEXXZ 0041e074     SRBar.obj
 0002:0000809c       __unwindtable$?OnShellExecuteCommand@CSRBar@@QAEXV?$CStringT@DV?$StrTraitMFC_DLL@DV?$ChTraitsCRT@D@ATL@@@@@ATL@@@Z 0041e09c     SRBar.obj
 0002:000080bc       __ehfuncinfo$?OnShellExecuteCommand@CSRBar@@QAEXV?$CStringT@DV?$StrTraitMFC_DLL@DV?$ChTraitsCRT@D@ATL@@@@@ATL@@@Z 0041e0bc     SRBar.obj
 0002:000080e8       __unwindtable$?HelpUrl@@YGXXZ 0041e0e8     SRBar.obj
 0002:000080f8       __ehfuncinfo$?HelpUrl@@YGXXZ 0041e0f8     SRBar.obj
 0002:00008124       __unwindtable$?OnHelpUrl@@YGXPAUtagHELPINFO@@@Z 0041e124     SRBar.obj
 0002:00008134       __ehfuncinfo$?OnHelpUrl@@YGXPAUtagHELPINFO@@@Z 0041e134     SRBar.obj
 0002:00008160       __unwindtable$?TraceV@CTrace@ATL@@SAXPBDHII0PAD@Z 0041e160     StdAfx.obj
 0002:00008170       __ehfuncinfo$?TraceV@CTrace@ATL@@SAXPBDHII0PAD@Z 0041e170     StdAfx.obj
 0002:0000819c       __unwindtable$??RCTraceFileAndLineInfo@ATL@@QBAXHIPBDZZ 0041e19c     StdAfx.obj
 0002:000081a4       __ehfuncinfo$??RCTraceFileAndLineInfo@ATL@@QBAXHIPBDZZ 0041e1a4     StdAfx.obj
 0002:000081cc       __ehfuncinfo$??1?$CSimpleArray@GV?$CSimpleArrayEqualHelper@G@ATL@@@ATL@@QAE@XZ 0041e1cc     StdAfx.obj
 0002:000081f4       __unwindtable$??0_ATL_WIN_MODULE70@ATL@@QAE@XZ 0041e1f4     StdAfx.obj
 0002:000081fc       __ehfuncinfo$??0_ATL_WIN_MODULE70@ATL@@QAE@XZ 0041e1fc     StdAfx.obj
 0002:00008224       __ehfuncinfo$??1CAtlComModule@ATL@@QAE@XZ 0041e224     StdAfx.obj
 0002:0000824c       __ehfuncinfo$??1CAtlWinModule@ATL@@QAE@XZ 0041e24c     StdAfx.obj
 0002:00008278       __sehtable$_WinbaseIsolationAwarePrivatetRgzlnPgpgk@0 0041e278     mfcs140d:nolib.obj
 0002:00008298       __sehtable$_IsolationAwareUnregisterClassA@8 0041e298     mfcs140d:nolib.obj
 0002:000082b8       __ehfuncinfo$??_Estringdispid@CComTypeInfoHolder@ATL@@QAEPAXI@Z 0041e2b8     mfcs140d:nolib.obj
 0002:000082e0       __sehtable$___scrt_is_nonwritable_in_current_image 0041e2e0     msvcrtd:utility.obj
 0002:00008300       __sehtable$?__scrt_common_main_seh@@YAHXZ 0041e300     msvcrtd:exe_winmain.obj
 0002:00008320       __sehtable$??_M@YGXPAXIIP6EX0@Z@Z 0041e320     msvcrtd:ehvecdtr.obj
 0002:00008340       __sehtable$?__ArrayUnwind@@YGXPAXIIP6EX0@Z@Z 0041e340     msvcrtd:ehvecdtr.obj
 0002:00008360       __sehtable$?notify_debugger@@YAXABUtagEXCEPTION_VISUALCPP_DEBUG_INFO@@@Z 0041e360     msvcrtd:error.obj
 0003:00000000       ?THIS_FILE@@3PADA          0041f000     AppBar.obj
 0003:00002e34       ?is_initialized_as_dll@@3_NA 00421e34     msvcrtd:utility.obj
 0003:00002e35       ?module_local_atexit_table_initialized@@3_NA 00421e35     msvcrtd:utility.obj
 0003:00002e38       ?module_local_atexit_table@@3U_onexit_table_t@@A 00421e38     msvcrtd:utility.obj
 0003:00002e44       ?module_local_at_quick_exit_table@@3U_onexit_table_t@@A 00421e44     msvcrtd:utility.obj
 0003:00002e58       ?g_tss_cv@@3U_RTL_CONDITION_VARIABLE@@A 00421e58     msvcrtd:thread_safe_statics.obj
 0003:00002e5c       ?g_tss_event@@3PAXA        00421e5c     msvcrtd:thread_safe_statics.obj
 0003:00002e60       ?g_tss_mutex@@3U_RTL_CRITICAL_SECTION@@A 00421e60     msvcrtd:thread_safe_statics.obj
 0003:00002e78       ?g_sleep_condition_variable_cs@@3P6GHPAU_RTL_CONDITION_VARIABLE@@PAU_RTL_CRITICAL_SECTION@@K@ZA 00421e78     msvcrtd:thread_safe_statics.obj
 0003:00002e7c       ?g_wake_all_condition_variable@@3P6GXPAU_RTL_CONDITION_VARIABLE@@@ZA 00421e7c     msvcrtd:thread_safe_statics.obj
 0003:00002e8c       ?init@?1??_RTC_InitBase@@9@4_NA 00421e8c     msvcrtd:init.obj
 0003:00002e98       _GS_ExceptionRecord        00421e98     msvcrtd:gs_report.obj
 0003:00002ee8       _GS_ContextRecord          00421ee8     msvcrtd:gs_report.obj
 0003:00003284       ?_RTC_ErrorReportFunc@@3P6AHHPBDH00ZZA 00422284     msvcrtd:userapi.obj
 0003:00003288       ?_RTC_ErrorReportFuncW@@3P6AHHPB_WH00ZZA 00422288     msvcrtd:userapi.obj
 0003:00003290       ?mspdb@@3PAUHINSTANCE__@@A 00422290     msvcrtd:pdblkup.obj
 0003:00003294       ?alreadyTried@?1??GetPdbDll@@YAPAUHINSTANCE__@@XZ@4_NA 00422294     msvcrtd:pdblkup.obj
 0003:00003295       ?PDBOK@?1??_RTC_GetSrcLine@@YAHPAEPA_WKPAH1K@Z@4_NA 00422295     msvcrtd:pdblkup.obj
 0004:00001038       .idata$6                   00424038     mfc140d:mfc140d.dll
 0004:000013a0       .idata$6                   004243a0     kernel32:KERNEL32.dll
 0004:000014e4       .idata$6                   004244e4     user32:USER32.dll
 0004:00001546       .idata$6                   00424546     advapi32:ADVAPI32.dll
 0004:00001576       .idata$6                   00424576     shell32:SHELL32.dll
 0004:00001592       .idata$6                   00424592     ole32:ole32.dll
 0004:0000159c       .idata$6                   0042459c     oleaut32:OLEAUT32.dll
 0004:0000169a       .idata$6                   0042469a     vcruntimed:VCRUNTIME140D.dll
 0004:000019f0       .idata$6                   004249f0     ucrtd:ucrtbased.dll
 0007:000004a0       $R000000                   004274a0     ShellRun.res
 0007:00000638       $R000198                   00427638     ShellRun.res
 0007:00000708       $R000268                   00427708     ShellRun.res
 0007:00000710       $R000270                   00427710     ShellRun.res
 0007:000007a8       $R000308                   004277a8     ShellRun.res
 0007:000007c0       $R000320                   004277c0     ShellRun.res
 0007:00000aa8       $R000608                   00427aa8     ShellRun.res
 0007:00000bd0       $R000730                   00427bd0     ShellRun.res
 0007:00000bf8       $R000758                   00427bf8     ShellRun.res
 0007:00000f78       $R000AD8                   00427f78     ShellRun.res
 0007:00001010       $R000B70                   00428010     ShellRun.res

 Exports

  ordinal    name

